[Licensing::Module] Trying to connect to existing licensing client channel...
Built from '6000.2/respin/6000.2.7f1-2eb0c79396db' branch; Version is '6000.2.7f2 (2b518236b676) revision 2838914'; Using compiler version '194234433'; Build Type 'Release'
[Licensing::IpcConnector] Successfully connected to: "LicenseClient-paulorh" at "2025-10-10T03:30:00.2866761Z"
OS: 'Windows 11  (10.0.26100) 64bit Professional' Language: 'pt' Physical Memory: 31879 MB
BatchMode: 1, IsHumanControllingUs: 0, StartBugReporterOnCrash: 0, Is64bit: 1
Date: 2025-10-10T03:30:00Z

COMMAND LINE ARGUMENTS:
C:\Program Files\Unity\Hub\Editor\6000.2.7f2\Editor\Unity.exe
-adb2
-batchMode
-noUpm
-name
AssetImportWorker36
-projectPath
C:/unity/projects/AirSoftGame
-logFile
Logs/AssetImportWorker36.log
-srvPort
54381
-job-worker-count
11
-background-job-worker-count
8
-gc-helper-count
1
-name
AssetImport
Successfully changed project path to: C:/unity/projects/AirSoftGame
C:/unity/projects/AirSoftGame
[UnityMemory] Configuration Parameters - Can be set up in boot.config
    "memorysetup-allocator-temp-initial-block-size-main=262144"
    "memorysetup-allocator-temp-initial-block-size-worker=262144"
    "memorysetup-bucket-allocator-granularity=16"
    "memorysetup-bucket-allocator-bucket-count=8"
    "memorysetup-bucket-allocator-block-size=33554432"
    "memorysetup-bucket-allocator-block-count=8"
    "memorysetup-main-allocator-block-size=16777216"
    "memorysetup-thread-allocator-block-size=16777216"
    "memorysetup-gfx-main-allocator-block-size=16777216"
    "memorysetup-gfx-thread-allocator-block-size=16777216"
    "memorysetup-cache-allocator-block-size=4194304"
    "memorysetup-typetree-allocator-block-size=2097152"
    "memorysetup-profiler-bucket-allocator-granularity=16"
    "memorysetup-profiler-bucket-allocator-bucket-count=8"
    "memorysetup-profiler-bucket-allocator-block-size=33554432"
    "memorysetup-profiler-bucket-allocator-block-count=8"
    "memorysetup-profiler-allocator-block-size=16777216"
    "memorysetup-profiler-editor-allocator-block-size=1048576"
    "memorysetup-temp-allocator-size-main=16777216"
    "memorysetup-job-temp-allocator-block-size=2097152"
    "memorysetup-job-temp-allocator-block-size-background=1048576"
    "memorysetup-job-temp-allocator-reduction-small-platforms=262144"
    "memorysetup-temp-allocator-size-background-worker=32768"
    "memorysetup-temp-allocator-size-job-worker=262144"
    "memorysetup-temp-allocator-size-preload-manager=33554432"
    "memorysetup-temp-allocator-size-nav-mesh-worker=65536"
    "memorysetup-temp-allocator-size-audio-worker=65536"
    "memorysetup-temp-allocator-size-cloud-worker=32768"
    "memorysetup-temp-allocator-size-gi-baking-worker=262144"
    "memorysetup-temp-allocator-size-gi-baking-worker=262144"
    "memorysetup-temp-allocator-size-gi-baking-worker=262144"
    "memorysetup-temp-allocator-size-gi-baking-worker=262144"
    "memorysetup-temp-allocator-size-gi-baking-worker=262144"
    "memorysetup-temp-allocator-size-gfx=262144"
Player connection [47252]  Target information:

Player connection [47252]  * "[IP] 192.168.0.4 [Port] 0 [Flags] 2 [Guid] 108080618 [EditorId] 108080618 [Version] 1048832 [Id] WindowsEditor(7,paulo-pc) [Debug] 1 [PackageName] WindowsEditor [ProjectName] Editor" 

Player connection [47252]  * "[IP] 172.20.0.1 [Port] 0 [Flags] 2 [Guid] 108080618 [EditorId] 108080618 [Version] 1048832 [Id] WindowsEditor(7,paulo-pc) [Debug] 1 [PackageName] WindowsEditor [ProjectName] Editor" 

Player connection [47252] Host joined multi-casting on [225.0.0.222:54997]...
Player connection [47252] Host joined alternative multi-casting on [225.0.0.222:34997]...
JobSystem: Creating JobQueue using job-worker-count value 11
Input System module state changed to: Initialized.
[Physics::Module] Initialized fallback backend.
[Physics::Module] Id: 0xdecafbad
[Licensing::Client] Code 10 while verifying Licensing Client signature (process Id: 28916, path: "C:/Program Files/Unity Hub/UnityLicensingClient_V1/Unity.Licensing.Client.exe")
[Licensing::Module] LicensingClient has failed validation; ignoring
[Licensing::Client] Handshaking with LicensingClient:
  Version:                 1.17.3+a4e98f1
  Session Id:              1b5c66f008df4a378cf9f695126f7950
  Correlation Id:          0982295f0b1aa75365c508c1cf125ab9
  External correlation Id: 5468412502964297588
  Machine Id:              6sp8raTFMxvUwLzOQlZIojDac2U=
[Licensing::Module] Successfully connected to LicensingClient on channel: "LicenseClient-paulorh" (connect: 0.00s, validation: 0.00s, handshake: 0.03s)
[Licensing::IpcConnector] Successfully connected to: "LicenseClient-paulorh-notifications" at "2025-10-10T03:30:00.319513Z"
[Licensing::Module] Licensing Background thread has ended after 0.03s
Library Redirect Path: Library/
[Physics::Module] Selected backend.
[Physics::Module] Name: PhysX
[Physics::Module] Id: 0xf2b8ea05
[Physics::Module] SDK Version: 4.1.2
[Physics::Module] Integration Version: 1.0.0
[Physics::Module] Threading Mode: Multi-Threaded
Refreshing native plugins compatible for Editor in 4.53 ms, found 4 plugins.
Preloading 0 native plugins for Editor in 0.00 ms.
Initialize engine version: 6000.2.7f2 (2b518236b676)
[Subsystems] Discovering subsystems at path C:/Program Files/Unity/Hub/Editor/6000.2.7f2/Editor/Data/Resources/UnitySubsystems
[Subsystems] Discovering subsystems at path C:/unity/projects/AirSoftGame/Assets
GfxDevice: creating device client; kGfxThreadingModeNonThreaded
Direct3D:
    Version:  Direct3D 11.0 [level 11.1]
    Renderer: NVIDIA GeForce RTX 5060 Ti (ID=0x2d04)
    Vendor:   NVIDIA
    VRAM:     15962 MB
    Driver:   32.0.15.8129
Initialize mono
Mono path[0] = 'C:/Program Files/Unity/Hub/Editor/6000.2.7f2/Editor/Data/Managed'
Mono path[1] = 'C:/Program Files/Unity/Hub/Editor/6000.2.7f2/Editor/Data/MonoBleedingEdge/lib/mono/unityjit-win32'
Mono config path = 'C:/Program Files/Unity/Hub/Editor/6000.2.7f2/Editor/Data/MonoBleedingEdge/etc'
Using monoOptions --debugger-agent=transport=dt_socket,embedding=1,server=y,suspend=n,address=127.0.0.1:56304
Begin MonoManager ReloadAssembly
Registering precompiled unity dll's ...
Register platform support module: C:/Program Files/Unity/Hub/Editor/6000.2.7f2/Editor/Data/PlaybackEngines/WebGLSupport/UnityEditor.WebGL.Extensions.dll
Register platform support module: C:/Program Files/Unity/Hub/Editor/6000.2.7f2/Editor/Data/PlaybackEngines/WindowsStandaloneSupport/UnityEditor.WindowsStandalone.Extensions.dll
[Licensing::Client] Successfully resolved entitlement details
[Licensing::Module] License group:
  Id: 4673188508070-UnityPersXXXX
  Product: Unity Personal
  Type: Assigned
  Expiration: Unlimited
Register platform support module: C:/Program Files/Unity/Hub/Editor/6000.2.7f2/Editor/Data/PlaybackEngines/MetroSupport/UnityEditor.UWP.Extensions.dll
Register platform support module: C:/Program Files/Unity/Hub/Editor/6000.2.7f2/Editor/Data/PlaybackEngines/LinuxStandaloneSupport/UnityEditor.LinuxStandalone.Extensions.dll
Registered in 0.003707 seconds.
- Loaded All Assemblies, in  0.263 seconds
Native extension for LinuxStandalone target not found
Native extension for UWP target not found
Native extension for WindowsStandalone target not found
Native extension for WebGL target not found
Mono: successfully reloaded assembly
- Finished resetting the current domain, in  0.236 seconds
Domain Reload Profiling: 496ms
	BeginReloadAssembly (86ms)
		ExecutionOrderSort (0ms)
		DisableScriptedObjects (0ms)
		BackupInstance (0ms)
		ReleaseScriptingObjects (0ms)
		CreateAndSetChildDomain (1ms)
	RebuildCommonClasses (24ms)
	RebuildNativeTypeToScriptingClass (8ms)
	initialDomainReloadingComplete (35ms)
	LoadAllAssembliesAndSetupDomain (107ms)
		LoadAssemblies (84ms)
		RebuildTransferFunctionScriptingTraits (0ms)
		AnalyzeDomain (105ms)
			TypeCache.Refresh (103ms)
				TypeCache.ScanAssembly (95ms)
			BuildScriptInfoCaches (0ms)
			ResolveRequiredComponents (0ms)
	FinalizeReload (236ms)
		ReleaseScriptCaches (0ms)
		RebuildScriptCaches (0ms)
		SetupLoadedEditorAssemblies (204ms)
			LogAssemblyErrors (0ms)
			InitializePlatformSupportModulesInManaged (37ms)
			SetLoadedEditorAssemblies (3ms)
			BeforeProcessingInitializeOnLoad (45ms)
			ProcessInitializeOnLoadAttributes (87ms)
			ProcessInitializeOnLoadMethodAttributes (32ms)
			AfterProcessingInitializeOnLoad (0ms)
			EditorAssembliesLoaded (0ms)
		ExecutionOrderSort2 (0ms)
		AwakeInstancesAfterBackupRestoration (0ms)
Assembly reference Packages/com.unity.cinemachine/Editor/Samples/ExposeHDRPInternals/HDRP-Editor-ref.asmref has no target assembly definition
========================================================================
Worker process is ready to serve import requests
Import Worker Mode flag is 0x00
Assembly reference Packages/com.unity.cinemachine/Editor/Samples/ExposeHDRPInternals/HDRP-Editor-ref.asmref has no target assembly definition
Assembly reference Packages/com.unity.cinemachine/Editor/Samples/ExposeHDRPInternals/HDRP-Editor-ref.asmref has no target assembly definition
Begin MonoManager ReloadAssembly
[Licensing::Client] Successfully resolved entitlement details
- Loaded All Assemblies, in  0.583 seconds
Assembly reference Packages/com.unity.cinemachine/Editor/Samples/ExposeHDRPInternals/HDRP-Editor-ref.asmref has no target assembly definition
'Packages/com.unity.cinemachine/Editor/Obsolete/CinemachineVirtualCameraBaseEditor.cs' contains partial class of Unity.Object, exactly 1 of the partial classes needs to be in a file with the same filename. This is to know the one that can be referenced from ie. GameObjects
'Packages/com.unity.cinemachine/Editor/Editors/CinemachineVirtualCameraBaseEditor.cs' contains partial class of Unity.Object, exactly 1 of the partial classes needs to be in a file with the same filename. This is to know the one that can be referenced from ie. GameObjects
Refreshing native plugins compatible for Editor in 1.38 ms, found 4 plugins.
Native extension for LinuxStandalone target not found
Native extension for UWP target not found
Native extension for WindowsStandalone target not found
Native extension for WebGL target not found
Assembly reference Packages/com.unity.cinemachine/Editor/Samples/ExposeHDRPInternals/HDRP-Editor-ref.asmref has no target assembly definition
[MODES] ModeService[none].Initialize
[MODES] ModeService[none].LoadModes
[MODES] Loading mode Default (0) for mode-current-id-AirSoftGame
Package Manager log level set to [2]
[Package Manager] Failed to launch server process. Reason: Unity was launched with the -noUpm command-line argument
[Package Manager] Unable to send message (not connected to server process).
[Package Manager] Cannot connect to Unity Package Manager local server
[Package Manager] Failed to launch server process. Reason: Unity was launched with the -noUpm command-line argument
[Package Manager] Unable to send message (not connected to server process).
[Package Manager] Cannot connect to Unity Package Manager local server
Mono: successfully reloaded assembly
- Finished resetting the current domain, in  0.854 seconds
Domain Reload Profiling: 1434ms
	BeginReloadAssembly (120ms)
		ExecutionOrderSort (0ms)
		DisableScriptedObjects (5ms)
		BackupInstance (0ms)
		ReleaseScriptingObjects (0ms)
		CreateAndSetChildDomain (27ms)
	RebuildCommonClasses (24ms)
	RebuildNativeTypeToScriptingClass (8ms)
	initialDomainReloadingComplete (25ms)
	LoadAllAssembliesAndSetupDomain (402ms)
		LoadAssemblies (277ms)
		RebuildTransferFunctionScriptingTraits (0ms)
		AnalyzeDomain (185ms)
			TypeCache.Refresh (132ms)
				TypeCache.ScanAssembly (121ms)
			BuildScriptInfoCaches (41ms)
			ResolveRequiredComponents (9ms)
	FinalizeReload (855ms)
		ReleaseScriptCaches (0ms)
		RebuildScriptCaches (0ms)
		SetupLoadedEditorAssemblies (711ms)
			LogAssemblyErrors (0ms)
			InitializePlatformSupportModulesInManaged (3ms)
			SetLoadedEditorAssemblies (6ms)
			BeforeProcessingInitializeOnLoad (149ms)
			ProcessInitializeOnLoadAttributes (515ms)
			ProcessInitializeOnLoadMethodAttributes (32ms)
			AfterProcessingInitializeOnLoad (5ms)
			EditorAssembliesLoaded (0ms)
		ExecutionOrderSort2 (0ms)
		AwakeInstancesAfterBackupRestoration (5ms)
WARNING: Shader Unsupported: 'Hidden/Builtin_TerrainVisualization' - All subshaders removed
WARNING: Shader Did you use #pragma only_renderers and omit this platform?
WARNING: Shader If subshaders removal was intentional, you may have forgotten turning Fallback off?
WARNING: Shader Unsupported: 'Hidden/Builtin_TerrainVisualization' - All subshaders removed
WARNING: Shader Did you use #pragma only_renderers and omit this platform?
WARNING: Shader If subshaders removal was intentional, you may have forgotten turning Fallback off?
Launched and connected shader compiler UnityShaderCompiler.exe after 0.01 seconds
Refreshing native plugins compatible for Editor in 1.57 ms, found 4 plugins.
Preloading 0 native plugins for Editor in 0.00 ms.
Unloading 29 Unused Serialized files (Serialized files now loaded: 0)
Unloading 7488 unused Assets / (6.9 MB). Loaded Objects now: 8254.
Memory consumption went from 150.7 MB to 143.8 MB.
Total: 9.102700 ms (FindLiveObjects: 0.788400 ms CreateObjectMapping: 0.647400 ms MarkObjects: 4.664500 ms  DeleteObjects: 3.001500 ms)

========================================================================
Received Import Request.
  Time since last request: 22725.622487 seconds.
  path: Assets/models/Swat/Swat@Rifle Aiming Idle.fbm/Soldier_head_diffuse.png
  artifactKey: Guid(25cdebc21b2300240b1fbd3494d07830) Importer(815301076,1909f56bfc062723c751e8b465ee728b)
Start importing Assets/models/Swat/Swat@Rifle Aiming Idle.fbm/Soldier_head_diffuse.png using Guid(25cdebc21b2300240b1fbd3494d07830) Importer(815301076,1909f56bfc062723c751e8b465ee728b) (PreviewImporter) -> (artifact id: '00000000000000000000000000000000') in 0.0388673 seconds
Import Error Code:(4)
Message: Build asset version error: assets/models/swat/swat@rifle aiming idle.fbm/soldier_head_diffuse.png in SourceAssetDB has modification time of '2025-10-10T03:29:58.4581459Z' while content on disk has modification time of '2025-10-10T03:29:58.8606462Z'
  ERROR: Build asset version error: assets/models/swat/swat@rifle aiming idle.fbm/soldier_head_diffuse.png in SourceAssetDB has modification time of '2025-10-10T03:29:58.4581459Z' while content on disk has modification time of '2025-10-10T03:29:58.8606462Z'
Number of updated asset objects reloaded before import = 0Number of asset objects unloaded after import = 0

========================================================================
Received Import Request.
  Time since last request: 0.000018 seconds.
  path: Assets/models/Swat/Swat@Rifle Aiming Idle.fbm/Soldier_Body_specular.png
  artifactKey: Guid(d7c37d25d3522ae4388060cc448cff26) Importer(815301076,1909f56bfc062723c751e8b465ee728b)
Start importing Assets/models/Swat/Swat@Rifle Aiming Idle.fbm/Soldier_Body_specular.png using Guid(d7c37d25d3522ae4388060cc448cff26) Importer(815301076,1909f56bfc062723c751e8b465ee728b) (PreviewImporter) -> (artifact id: '00000000000000000000000000000000') in 0.0135055 seconds
Import Error Code:(4)
Message: Build asset version error: assets/models/swat/swat@rifle aiming idle.fbm/soldier_body_specular.png in SourceAssetDB has modification time of '2025-10-10T03:29:58.341289Z' while content on disk has modification time of '2025-10-10T03:29:58.8616457Z'
  ERROR: Build asset version error: assets/models/swat/swat@rifle aiming idle.fbm/soldier_body_specular.png in SourceAssetDB has modification time of '2025-10-10T03:29:58.341289Z' while content on disk has modification time of '2025-10-10T03:29:58.8616457Z'
Number of updated asset objects reloaded before import = 0Number of asset objects unloaded after import = 0

========================================================================
Received Import Request.
  Time since last request: 0.000011 seconds.
  path: Assets/models/Swat/Swat@Rifle Aiming Idle.fbm/Soldier_Body_specular.png
  artifactKey: Guid(d7c37d25d3522ae4388060cc448cff26) Importer(815301076,1909f56bfc062723c751e8b465ee728b)
Start importing Assets/models/Swat/Swat@Rifle Aiming Idle.fbm/Soldier_Body_specular.png using Guid(d7c37d25d3522ae4388060cc448cff26) Importer(815301076,1909f56bfc062723c751e8b465ee728b) (PreviewImporter) -> (artifact id: '00000000000000000000000000000000') in 0.0061266 seconds
Import Error Code:(4)
Message: Build asset version error: assets/models/swat/swat@rifle aiming idle.fbm/soldier_body_specular.png in SourceAssetDB has modification time of '2025-10-10T03:29:58.341289Z' while content on disk has modification time of '2025-10-10T03:29:58.8616457Z'
  ERROR: Build asset version error: assets/models/swat/swat@rifle aiming idle.fbm/soldier_body_specular.png in SourceAssetDB has modification time of '2025-10-10T03:29:58.341289Z' while content on disk has modification time of '2025-10-10T03:29:58.8616457Z'
Number of updated asset objects reloaded before import = 0Number of asset objects unloaded after import = 0

========================================================================
Received Import Request.
  Time since last request: 0.000012 seconds.
  path: Assets/models/Swat/Swat@Rifle Aiming Idle.fbm/Soldier_head_specular.png
  artifactKey: Guid(87bbbc18518918640a8b3dcca516bd84) Importer(815301076,1909f56bfc062723c751e8b465ee728b)
Start importing Assets/models/Swat/Swat@Rifle Aiming Idle.fbm/Soldier_head_specular.png using Guid(87bbbc18518918640a8b3dcca516bd84) Importer(815301076,1909f56bfc062723c751e8b465ee728b) (PreviewImporter) -> (artifact id: '00000000000000000000000000000000') in 0.0125293 seconds
Import Error Code:(4)
Message: Build asset version error: assets/models/swat/swat@rifle aiming idle.fbm/soldier_head_specular.png in SourceAssetDB has modification time of '2025-10-10T03:29:58.3418011Z' while content on disk has modification time of '2025-10-10T03:29:58.8616457Z'
  ERROR: Build asset version error: assets/models/swat/swat@rifle aiming idle.fbm/soldier_head_specular.png in SourceAssetDB has modification time of '2025-10-10T03:29:58.3418011Z' while content on disk has modification time of '2025-10-10T03:29:58.8616457Z'
Number of updated asset objects reloaded before import = 0Number of asset objects unloaded after import = 0

========================================================================
Received Import Request.
  Time since last request: 0.000014 seconds.
  path: Assets/models/Swat/Swat@Rifle Aiming Idle.fbm/Soldier_head_specular.png
  artifactKey: Guid(87bbbc18518918640a8b3dcca516bd84) Importer(815301076,1909f56bfc062723c751e8b465ee728b)
Start importing Assets/models/Swat/Swat@Rifle Aiming Idle.fbm/Soldier_head_specular.png using Guid(87bbbc18518918640a8b3dcca516bd84) Importer(815301076,1909f56bfc062723c751e8b465ee728b) (PreviewImporter) -> (artifact id: '00000000000000000000000000000000') in 0.0040925 seconds
Import Error Code:(4)
Message: Build asset version error: assets/models/swat/swat@rifle aiming idle.fbm/soldier_head_specular.png in SourceAssetDB has modification time of '2025-10-10T03:29:58.3418011Z' while content on disk has modification time of '2025-10-10T03:29:58.8616457Z'
  ERROR: Build asset version error: assets/models/swat/swat@rifle aiming idle.fbm/soldier_head_specular.png in SourceAssetDB has modification time of '2025-10-10T03:29:58.3418011Z' while content on disk has modification time of '2025-10-10T03:29:58.8616457Z'
Number of updated asset objects reloaded before import = 0Number of asset objects unloaded after import = 0

========================================================================
Received Import Request.
  Time since last request: 0.000023 seconds.
  path: Assets/models/Swat/Swat@Rifle Aiming Idle.fbm/Soldier_head_specular.png
  artifactKey: Guid(87bbbc18518918640a8b3dcca516bd84) Importer(815301076,1909f56bfc062723c751e8b465ee728b)
Start importing Assets/models/Swat/Swat@Rifle Aiming Idle.fbm/Soldier_head_specular.png using Guid(87bbbc18518918640a8b3dcca516bd84) Importer(815301076,1909f56bfc062723c751e8b465ee728b) (PreviewImporter) -> (artifact id: '00000000000000000000000000000000') in 0.004753 seconds
Import Error Code:(4)
Message: Build asset version error: assets/models/swat/swat@rifle aiming idle.fbm/soldier_head_specular.png in SourceAssetDB has modification time of '2025-10-10T03:29:58.3418011Z' while content on disk has modification time of '2025-10-10T03:29:58.8616457Z'
  ERROR: Build asset version error: assets/models/swat/swat@rifle aiming idle.fbm/soldier_head_specular.png in SourceAssetDB has modification time of '2025-10-10T03:29:58.3418011Z' while content on disk has modification time of '2025-10-10T03:29:58.8616457Z'
Number of updated asset objects reloaded before import = 0Number of asset objects unloaded after import = 0

========================================================================
Received Import Request.
  Time since last request: 0.000013 seconds.
  path: Assets/models/Swat/Swat@Rifle Aiming Idle.fbm/Soldier_head_specular.png
  artifactKey: Guid(87bbbc18518918640a8b3dcca516bd84) Importer(815301076,1909f56bfc062723c751e8b465ee728b)
Start importing Assets/models/Swat/Swat@Rifle Aiming Idle.fbm/Soldier_head_specular.png using Guid(87bbbc18518918640a8b3dcca516bd84) Importer(815301076,1909f56bfc062723c751e8b465ee728b) (PreviewImporter) -> (artifact id: '00000000000000000000000000000000') in 0.0041713 seconds
Import Error Code:(4)
Message: Build asset version error: assets/models/swat/swat@rifle aiming idle.fbm/soldier_head_specular.png in SourceAssetDB has modification time of '2025-10-10T03:29:58.3418011Z' while content on disk has modification time of '2025-10-10T03:29:58.8616457Z'
  ERROR: Build asset version error: assets/models/swat/swat@rifle aiming idle.fbm/soldier_head_specular.png in SourceAssetDB has modification time of '2025-10-10T03:29:58.3418011Z' while content on disk has modification time of '2025-10-10T03:29:58.8616457Z'
Number of updated asset objects reloaded before import = 0Number of asset objects unloaded after import = 0

========================================================================
Received Import Request.
  Time since last request: 0.000011 seconds.
  path: Assets/models/Swat/Swat@Rifle Aiming Idle.fbm/Soldier_head_specular.png
  artifactKey: Guid(87bbbc18518918640a8b3dcca516bd84) Importer(815301076,1909f56bfc062723c751e8b465ee728b)
Start importing Assets/models/Swat/Swat@Rifle Aiming Idle.fbm/Soldier_head_specular.png using Guid(87bbbc18518918640a8b3dcca516bd84) Importer(815301076,1909f56bfc062723c751e8b465ee728b) (PreviewImporter) -> (artifact id: '00000000000000000000000000000000') in 0.004264 seconds
Import Error Code:(4)
Message: Build asset version error: assets/models/swat/swat@rifle aiming idle.fbm/soldier_head_specular.png in SourceAssetDB has modification time of '2025-10-10T03:29:58.3418011Z' while content on disk has modification time of '2025-10-10T03:29:58.8616457Z'
  ERROR: Build asset version error: assets/models/swat/swat@rifle aiming idle.fbm/soldier_head_specular.png in SourceAssetDB has modification time of '2025-10-10T03:29:58.3418011Z' while content on disk has modification time of '2025-10-10T03:29:58.8616457Z'
Number of updated asset objects reloaded before import = 0Number of asset objects unloaded after import = 0

========================================================================
Received Import Request.
  Time since last request: 0.000011 seconds.
  path: Assets/models/Swat/Swat@Rifle Aiming Idle.fbm/Soldier_head_diffuse.png
  artifactKey: Guid(25cdebc21b2300240b1fbd3494d07830) Importer(815301076,1909f56bfc062723c751e8b465ee728b)
Start importing Assets/models/Swat/Swat@Rifle Aiming Idle.fbm/Soldier_head_diffuse.png using Guid(25cdebc21b2300240b1fbd3494d07830) Importer(815301076,1909f56bfc062723c751e8b465ee728b) (PreviewImporter) -> (artifact id: '00000000000000000000000000000000') in 0.0059504 seconds
Import Error Code:(4)
Message: Build asset version error: assets/models/swat/swat@rifle aiming idle.fbm/soldier_head_diffuse.png in SourceAssetDB has modification time of '2025-10-10T03:29:58.4581459Z' while content on disk has modification time of '2025-10-10T03:29:58.8606462Z'
  ERROR: Build asset version error: assets/models/swat/swat@rifle aiming idle.fbm/soldier_head_diffuse.png in SourceAssetDB has modification time of '2025-10-10T03:29:58.4581459Z' while content on disk has modification time of '2025-10-10T03:29:58.8606462Z'
Number of updated asset objects reloaded before import = 0Number of asset objects unloaded after import = 0

========================================================================
Received Import Request.
  Time since last request: 0.000012 seconds.
  path: Assets/models/Swat/Swat@Rifle Aiming Idle.fbm/Soldier_head_diffuse.png
  artifactKey: Guid(25cdebc21b2300240b1fbd3494d07830) Importer(815301076,1909f56bfc062723c751e8b465ee728b)
Start importing Assets/models/Swat/Swat@Rifle Aiming Idle.fbm/Soldier_head_diffuse.png using Guid(25cdebc21b2300240b1fbd3494d07830) Importer(815301076,1909f56bfc062723c751e8b465ee728b) (PreviewImporter) -> (artifact id: '00000000000000000000000000000000') in 0.0045902 seconds
Import Error Code:(4)
Message: Build asset version error: assets/models/swat/swat@rifle aiming idle.fbm/soldier_head_diffuse.png in SourceAssetDB has modification time of '2025-10-10T03:29:58.4581459Z' while content on disk has modification time of '2025-10-10T03:29:58.8606462Z'
  ERROR: Build asset version error: assets/models/swat/swat@rifle aiming idle.fbm/soldier_head_diffuse.png in SourceAssetDB has modification time of '2025-10-10T03:29:58.4581459Z' while content on disk has modification time of '2025-10-10T03:29:58.8606462Z'
Number of updated asset objects reloaded before import = 0Number of asset objects unloaded after import = 0

========================================================================
Received Import Request.
  Time since last request: 0.000013 seconds.
  path: Assets/models/Swat/Swat@Rifle Aiming Idle.fbm/Soldier_Body_specular.png
  artifactKey: Guid(d7c37d25d3522ae4388060cc448cff26) Importer(815301076,1909f56bfc062723c751e8b465ee728b)
Start importing Assets/models/Swat/Swat@Rifle Aiming Idle.fbm/Soldier_Body_specular.png using Guid(d7c37d25d3522ae4388060cc448cff26) Importer(815301076,1909f56bfc062723c751e8b465ee728b) (PreviewImporter) -> (artifact id: '00000000000000000000000000000000') in 0.0042924 seconds
Import Error Code:(4)
Message: Build asset version error: assets/models/swat/swat@rifle aiming idle.fbm/soldier_body_specular.png in SourceAssetDB has modification time of '2025-10-10T03:29:58.341289Z' while content on disk has modification time of '2025-10-10T03:29:58.8616457Z'
  ERROR: Build asset version error: assets/models/swat/swat@rifle aiming idle.fbm/soldier_body_specular.png in SourceAssetDB has modification time of '2025-10-10T03:29:58.341289Z' while content on disk has modification time of '2025-10-10T03:29:58.8616457Z'
Number of updated asset objects reloaded before import = 0Number of asset objects unloaded after import = 0

========================================================================
Received Import Request.
  Time since last request: 0.000015 seconds.
  path: Assets/models/Swat/Swat@Rifle Aiming Idle.fbm/Soldier_head_specular.png
  artifactKey: Guid(87bbbc18518918640a8b3dcca516bd84) Importer(815301076,1909f56bfc062723c751e8b465ee728b)
Start importing Assets/models/Swat/Swat@Rifle Aiming Idle.fbm/Soldier_head_specular.png using Guid(87bbbc18518918640a8b3dcca516bd84) Importer(815301076,1909f56bfc062723c751e8b465ee728b) (PreviewImporter) -> (artifact id: '00000000000000000000000000000000') in 0.0042087 seconds
Import Error Code:(4)
Message: Build asset version error: assets/models/swat/swat@rifle aiming idle.fbm/soldier_head_specular.png in SourceAssetDB has modification time of '2025-10-10T03:29:58.3418011Z' while content on disk has modification time of '2025-10-10T03:29:58.8616457Z'
  ERROR: Build asset version error: assets/models/swat/swat@rifle aiming idle.fbm/soldier_head_specular.png in SourceAssetDB has modification time of '2025-10-10T03:29:58.3418011Z' while content on disk has modification time of '2025-10-10T03:29:58.8616457Z'
Number of updated asset objects reloaded before import = 0Number of asset objects unloaded after import = 0

========================================================================
Received Import Request.
  Time since last request: 0.000023 seconds.
  path: Assets/models/Swat/Swat@Rifle Aiming Idle.fbm/Soldier_head_specular.png
  artifactKey: Guid(87bbbc18518918640a8b3dcca516bd84) Importer(815301076,1909f56bfc062723c751e8b465ee728b)
Start importing Assets/models/Swat/Swat@Rifle Aiming Idle.fbm/Soldier_head_specular.png using Guid(87bbbc18518918640a8b3dcca516bd84) Importer(815301076,1909f56bfc062723c751e8b465ee728b) (PreviewImporter) -> (artifact id: '00000000000000000000000000000000') in 0.0043718 seconds
Import Error Code:(4)
Message: Build asset version error: assets/models/swat/swat@rifle aiming idle.fbm/soldier_head_specular.png in SourceAssetDB has modification time of '2025-10-10T03:29:58.3418011Z' while content on disk has modification time of '2025-10-10T03:29:58.8616457Z'
  ERROR: Build asset version error: assets/models/swat/swat@rifle aiming idle.fbm/soldier_head_specular.png in SourceAssetDB has modification time of '2025-10-10T03:29:58.3418011Z' while content on disk has modification time of '2025-10-10T03:29:58.8616457Z'
Number of updated asset objects reloaded before import = 0Number of asset objects unloaded after import = 0

========================================================================
Received Import Request.
  Time since last request: 0.000012 seconds.
  path: Assets/models/Swat/Swat@Rifle Aiming Idle.fbm/Soldier_head_specular.png
  artifactKey: Guid(87bbbc18518918640a8b3dcca516bd84) Importer(815301076,1909f56bfc062723c751e8b465ee728b)
Start importing Assets/models/Swat/Swat@Rifle Aiming Idle.fbm/Soldier_head_specular.png using Guid(87bbbc18518918640a8b3dcca516bd84) Importer(815301076,1909f56bfc062723c751e8b465ee728b) (PreviewImporter) -> (artifact id: '00000000000000000000000000000000') in 0.004165 seconds
Import Error Code:(4)
Message: Build asset version error: assets/models/swat/swat@rifle aiming idle.fbm/soldier_head_specular.png in SourceAssetDB has modification time of '2025-10-10T03:29:58.3418011Z' while content on disk has modification time of '2025-10-10T03:29:58.8616457Z'
  ERROR: Build asset version error: assets/models/swat/swat@rifle aiming idle.fbm/soldier_head_specular.png in SourceAssetDB has modification time of '2025-10-10T03:29:58.3418011Z' while content on disk has modification time of '2025-10-10T03:29:58.8616457Z'
Number of updated asset objects reloaded before import = 0Number of asset objects unloaded after import = 0

========================================================================
Received Import Request.
  Time since last request: 0.000011 seconds.
  path: Assets/models/Swat/Swat@Rifle Aiming Idle.fbm/Soldier_head_specular.png
  artifactKey: Guid(87bbbc18518918640a8b3dcca516bd84) Importer(815301076,1909f56bfc062723c751e8b465ee728b)
Start importing Assets/models/Swat/Swat@Rifle Aiming Idle.fbm/Soldier_head_specular.png using Guid(87bbbc18518918640a8b3dcca516bd84) Importer(815301076,1909f56bfc062723c751e8b465ee728b) (PreviewImporter) -> (artifact id: '00000000000000000000000000000000') in 0.003975 seconds
Import Error Code:(4)
Message: Build asset version error: assets/models/swat/swat@rifle aiming idle.fbm/soldier_head_specular.png in SourceAssetDB has modification time of '2025-10-10T03:29:58.3418011Z' while content on disk has modification time of '2025-10-10T03:29:58.8616457Z'
  ERROR: Build asset version error: assets/models/swat/swat@rifle aiming idle.fbm/soldier_head_specular.png in SourceAssetDB has modification time of '2025-10-10T03:29:58.3418011Z' while content on disk has modification time of '2025-10-10T03:29:58.8616457Z'
Number of updated asset objects reloaded before import = 0Number of asset objects unloaded after import = 0

========================================================================
Received Import Request.
  Time since last request: 0.000012 seconds.
  path: Assets/models/Swat/Swat@Rifle Aiming Idle.fbm/Soldier_head_diffuse.png
  artifactKey: Guid(25cdebc21b2300240b1fbd3494d07830) Importer(815301076,1909f56bfc062723c751e8b465ee728b)
Start importing Assets/models/Swat/Swat@Rifle Aiming Idle.fbm/Soldier_head_diffuse.png using Guid(25cdebc21b2300240b1fbd3494d07830) Importer(815301076,1909f56bfc062723c751e8b465ee728b) (PreviewImporter) -> (artifact id: '00000000000000000000000000000000') in 0.0041061 seconds
Import Error Code:(4)
Message: Build asset version error: assets/models/swat/swat@rifle aiming idle.fbm/soldier_head_diffuse.png in SourceAssetDB has modification time of '2025-10-10T03:29:58.4581459Z' while content on disk has modification time of '2025-10-10T03:29:58.8606462Z'
  ERROR: Build asset version error: assets/models/swat/swat@rifle aiming idle.fbm/soldier_head_diffuse.png in SourceAssetDB has modification time of '2025-10-10T03:29:58.4581459Z' while content on disk has modification time of '2025-10-10T03:29:58.8606462Z'
Number of updated asset objects reloaded before import = 0Number of asset objects unloaded after import = 0

========================================================================
Received Import Request.
  Time since last request: 0.000012 seconds.
  path: Assets/models/Swat/Swat@Rifle Aiming Idle.fbm/Soldier_head_specular.png
  artifactKey: Guid(87bbbc18518918640a8b3dcca516bd84) Importer(815301076,1909f56bfc062723c751e8b465ee728b)
Start importing Assets/models/Swat/Swat@Rifle Aiming Idle.fbm/Soldier_head_specular.png using Guid(87bbbc18518918640a8b3dcca516bd84) Importer(815301076,1909f56bfc062723c751e8b465ee728b) (PreviewImporter) -> (artifact id: '00000000000000000000000000000000') in 0.0042948 seconds
Import Error Code:(4)
Message: Build asset version error: assets/models/swat/swat@rifle aiming idle.fbm/soldier_head_specular.png in SourceAssetDB has modification time of '2025-10-10T03:29:58.3418011Z' while content on disk has modification time of '2025-10-10T03:29:58.8616457Z'
  ERROR: Build asset version error: assets/models/swat/swat@rifle aiming idle.fbm/soldier_head_specular.png in SourceAssetDB has modification time of '2025-10-10T03:29:58.3418011Z' while content on disk has modification time of '2025-10-10T03:29:58.8616457Z'
Number of updated asset objects reloaded before import = 0Number of asset objects unloaded after import = 0

========================================================================
Received Import Request.
  Time since last request: 0.000014 seconds.
  path: Assets/models/Swat/Swat@Rifle Aiming Idle.fbm/Soldier_head_specular.png
  artifactKey: Guid(87bbbc18518918640a8b3dcca516bd84) Importer(815301076,1909f56bfc062723c751e8b465ee728b)
Start importing Assets/models/Swat/Swat@Rifle Aiming Idle.fbm/Soldier_head_specular.png using Guid(87bbbc18518918640a8b3dcca516bd84) Importer(815301076,1909f56bfc062723c751e8b465ee728b) (PreviewImporter) -> (artifact id: '00000000000000000000000000000000') in 0.004988 seconds
Import Error Code:(4)
Message: Build asset version error: assets/models/swat/swat@rifle aiming idle.fbm/soldier_head_specular.png in SourceAssetDB has modification time of '2025-10-10T03:29:58.3418011Z' while content on disk has modification time of '2025-10-10T03:29:58.8616457Z'
  ERROR: Build asset version error: assets/models/swat/swat@rifle aiming idle.fbm/soldier_head_specular.png in SourceAssetDB has modification time of '2025-10-10T03:29:58.3418011Z' while content on disk has modification time of '2025-10-10T03:29:58.8616457Z'
Number of updated asset objects reloaded before import = 0Number of asset objects unloaded after import = 0

========================================================================
Received Import Request.
  Time since last request: 0.000013 seconds.
  path: Assets/models/Swat/Swat@Rifle Aiming Idle.fbm/Soldier_head_specular.png
  artifactKey: Guid(87bbbc18518918640a8b3dcca516bd84) Importer(815301076,1909f56bfc062723c751e8b465ee728b)
Start importing Assets/models/Swat/Swat@Rifle Aiming Idle.fbm/Soldier_head_specular.png using Guid(87bbbc18518918640a8b3dcca516bd84) Importer(815301076,1909f56bfc062723c751e8b465ee728b) (PreviewImporter) -> (artifact id: '00000000000000000000000000000000') in 0.0043288 seconds
Import Error Code:(4)
Message: Build asset version error: assets/models/swat/swat@rifle aiming idle.fbm/soldier_head_specular.png in SourceAssetDB has modification time of '2025-10-10T03:29:58.3418011Z' while content on disk has modification time of '2025-10-10T03:29:58.8616457Z'
  ERROR: Build asset version error: assets/models/swat/swat@rifle aiming idle.fbm/soldier_head_specular.png in SourceAssetDB has modification time of '2025-10-10T03:29:58.3418011Z' while content on disk has modification time of '2025-10-10T03:29:58.8616457Z'
Number of updated asset objects reloaded before import = 0Number of asset objects unloaded after import = 0

========================================================================
Received Import Request.
  Time since last request: 0.000022 seconds.
  path: Assets/models/Swat/Swat@Rifle Aiming Idle.fbm/Soldier_head_specular.png
  artifactKey: Guid(87bbbc18518918640a8b3dcca516bd84) Importer(815301076,1909f56bfc062723c751e8b465ee728b)
Start importing Assets/models/Swat/Swat@Rifle Aiming Idle.fbm/Soldier_head_specular.png using Guid(87bbbc18518918640a8b3dcca516bd84) Importer(815301076,1909f56bfc062723c751e8b465ee728b) (PreviewImporter) -> (artifact id: '00000000000000000000000000000000') in 0.00424 seconds
Import Error Code:(4)
Message: Build asset version error: assets/models/swat/swat@rifle aiming idle.fbm/soldier_head_specular.png in SourceAssetDB has modification time of '2025-10-10T03:29:58.3418011Z' while content on disk has modification time of '2025-10-10T03:29:58.8616457Z'
  ERROR: Build asset version error: assets/models/swat/swat@rifle aiming idle.fbm/soldier_head_specular.png in SourceAssetDB has modification time of '2025-10-10T03:29:58.3418011Z' while content on disk has modification time of '2025-10-10T03:29:58.8616457Z'
Number of updated asset objects reloaded before import = 0Number of asset objects unloaded after import = 0

========================================================================
Received Import Request.
  Time since last request: 0.000014 seconds.
  path: Assets/models/Swat/Swat@Rifle Aiming Idle.fbm/Soldier_head_specular.png
  artifactKey: Guid(87bbbc18518918640a8b3dcca516bd84) Importer(815301076,1909f56bfc062723c751e8b465ee728b)
Start importing Assets/models/Swat/Swat@Rifle Aiming Idle.fbm/Soldier_head_specular.png using Guid(87bbbc18518918640a8b3dcca516bd84) Importer(815301076,1909f56bfc062723c751e8b465ee728b) (PreviewImporter) -> (artifact id: '00000000000000000000000000000000') in 0.0042947 seconds
Import Error Code:(4)
Message: Build asset version error: assets/models/swat/swat@rifle aiming idle.fbm/soldier_head_specular.png in SourceAssetDB has modification time of '2025-10-10T03:29:58.3418011Z' while content on disk has modification time of '2025-10-10T03:29:58.8616457Z'
  ERROR: Build asset version error: assets/models/swat/swat@rifle aiming idle.fbm/soldier_head_specular.png in SourceAssetDB has modification time of '2025-10-10T03:29:58.3418011Z' while content on disk has modification time of '2025-10-10T03:29:58.8616457Z'
Number of updated asset objects reloaded before import = 0Number of asset objects unloaded after import = 0

========================================================================
Received Import Request.
  Time since last request: 0.000013 seconds.
  path: Assets/models/Swat/Swat@Rifle Aiming Idle.fbm/Soldier_head_specular.png
  artifactKey: Guid(87bbbc18518918640a8b3dcca516bd84) Importer(815301076,1909f56bfc062723c751e8b465ee728b)
Start importing Assets/models/Swat/Swat@Rifle Aiming Idle.fbm/Soldier_head_specular.png using Guid(87bbbc18518918640a8b3dcca516bd84) Importer(815301076,1909f56bfc062723c751e8b465ee728b) (PreviewImporter) -> (artifact id: '00000000000000000000000000000000') in 0.0041458 seconds
Import Error Code:(4)
Message: Build asset version error: assets/models/swat/swat@rifle aiming idle.fbm/soldier_head_specular.png in SourceAssetDB has modification time of '2025-10-10T03:29:58.3418011Z' while content on disk has modification time of '2025-10-10T03:29:58.8616457Z'
  ERROR: Build asset version error: assets/models/swat/swat@rifle aiming idle.fbm/soldier_head_specular.png in SourceAssetDB has modification time of '2025-10-10T03:29:58.3418011Z' while content on disk has modification time of '2025-10-10T03:29:58.8616457Z'
Number of updated asset objects reloaded before import = 0Number of asset objects unloaded after import = 0

========================================================================
Received Import Request.
  Time since last request: 0.000013 seconds.
  path: Assets/models/Swat/Swat@Rifle Aiming Idle.fbm/Soldier_head_specular.png
  artifactKey: Guid(87bbbc18518918640a8b3dcca516bd84) Importer(815301076,1909f56bfc062723c751e8b465ee728b)
Start importing Assets/models/Swat/Swat@Rifle Aiming Idle.fbm/Soldier_head_specular.png using Guid(87bbbc18518918640a8b3dcca516bd84) Importer(815301076,1909f56bfc062723c751e8b465ee728b) (PreviewImporter) -> (artifact id: '00000000000000000000000000000000') in 0.0047664 seconds
Import Error Code:(4)
Message: Build asset version error: assets/models/swat/swat@rifle aiming idle.fbm/soldier_head_specular.png in SourceAssetDB has modification time of '2025-10-10T03:29:58.3418011Z' while content on disk has modification time of '2025-10-10T03:29:58.8616457Z'
  ERROR: Build asset version error: assets/models/swat/swat@rifle aiming idle.fbm/soldier_head_specular.png in SourceAssetDB has modification time of '2025-10-10T03:29:58.3418011Z' while content on disk has modification time of '2025-10-10T03:29:58.8616457Z'
Number of updated asset objects reloaded before import = 0Number of asset objects unloaded after import = 0

========================================================================
Received Import Request.
  Time since last request: 0.000011 seconds.
  path: Assets/models/Swat/Swat@Rifle Aiming Idle.fbm/Soldier_Body_diffuse.png
  artifactKey: Guid(d94b28c323e2f094a89663c8b28ce9d2) Importer(815301076,1909f56bfc062723c751e8b465ee728b)
Start importing Assets/models/Swat/Swat@Rifle Aiming Idle.fbm/Soldier_Body_diffuse.png using Guid(d94b28c323e2f094a89663c8b28ce9d2) Importer(815301076,1909f56bfc062723c751e8b465ee728b) (PreviewImporter) -> (artifact id: '00000000000000000000000000000000') in 0.0049283 seconds
Import Error Code:(4)
Message: Build asset version error: assets/models/swat/swat@rifle aiming idle.fbm/soldier_body_diffuse.png in SourceAssetDB has modification time of '2025-10-10T03:29:58.4566425Z' while content on disk has modification time of '2025-10-10T03:29:58.8596448Z'
  ERROR: Build asset version error: assets/models/swat/swat@rifle aiming idle.fbm/soldier_body_diffuse.png in SourceAssetDB has modification time of '2025-10-10T03:29:58.4566425Z' while content on disk has modification time of '2025-10-10T03:29:58.8596448Z'
Number of updated asset objects reloaded before import = 0Number of asset objects unloaded after import = 0

========================================================================
Received Import Request.
  Time since last request: 0.000011 seconds.
  path: Assets/models/Swat/Swat@Rifle Aiming Idle.fbm/Soldier_head_specular.png
  artifactKey: Guid(87bbbc18518918640a8b3dcca516bd84) Importer(815301076,1909f56bfc062723c751e8b465ee728b)
Start importing Assets/models/Swat/Swat@Rifle Aiming Idle.fbm/Soldier_head_specular.png using Guid(87bbbc18518918640a8b3dcca516bd84) Importer(815301076,1909f56bfc062723c751e8b465ee728b) (PreviewImporter) -> (artifact id: '00000000000000000000000000000000') in 0.0046488 seconds
Import Error Code:(4)
Message: Build asset version error: assets/models/swat/swat@rifle aiming idle.fbm/soldier_head_specular.png in SourceAssetDB has modification time of '2025-10-10T03:29:58.3418011Z' while content on disk has modification time of '2025-10-10T03:29:58.8616457Z'
  ERROR: Build asset version error: assets/models/swat/swat@rifle aiming idle.fbm/soldier_head_specular.png in SourceAssetDB has modification time of '2025-10-10T03:29:58.3418011Z' while content on disk has modification time of '2025-10-10T03:29:58.8616457Z'
Number of updated asset objects reloaded before import = 0Number of asset objects unloaded after import = 0

========================================================================
Received Import Request.
  Time since last request: 0.000014 seconds.
  path: Assets/models/Swat/Swat@Rifle Aiming Idle.fbm/Soldier_head_specular.png
  artifactKey: Guid(87bbbc18518918640a8b3dcca516bd84) Importer(815301076,1909f56bfc062723c751e8b465ee728b)
Start importing Assets/models/Swat/Swat@Rifle Aiming Idle.fbm/Soldier_head_specular.png using Guid(87bbbc18518918640a8b3dcca516bd84) Importer(815301076,1909f56bfc062723c751e8b465ee728b) (PreviewImporter) -> (artifact id: '00000000000000000000000000000000') in 0.0048194 seconds
Import Error Code:(4)
Message: Build asset version error: assets/models/swat/swat@rifle aiming idle.fbm/soldier_head_specular.png in SourceAssetDB has modification time of '2025-10-10T03:29:58.3418011Z' while content on disk has modification time of '2025-10-10T03:29:58.8616457Z'
  ERROR: Build asset version error: assets/models/swat/swat@rifle aiming idle.fbm/soldier_head_specular.png in SourceAssetDB has modification time of '2025-10-10T03:29:58.3418011Z' while content on disk has modification time of '2025-10-10T03:29:58.8616457Z'
Number of updated asset objects reloaded before import = 0Number of asset objects unloaded after import = 0

========================================================================
Received Import Request.
  Time since last request: 0.000016 seconds.
  path: Assets/models/Swat/Swat@Rifle Aiming Idle.fbm/Soldier_head_specular.png
  artifactKey: Guid(87bbbc18518918640a8b3dcca516bd84) Importer(815301076,1909f56bfc062723c751e8b465ee728b)
Start importing Assets/models/Swat/Swat@Rifle Aiming Idle.fbm/Soldier_head_specular.png using Guid(87bbbc18518918640a8b3dcca516bd84) Importer(815301076,1909f56bfc062723c751e8b465ee728b) (PreviewImporter) -> (artifact id: '00000000000000000000000000000000') in 0.0048821 seconds
Import Error Code:(4)
Message: Build asset version error: assets/models/swat/swat@rifle aiming idle.fbm/soldier_head_specular.png in SourceAssetDB has modification time of '2025-10-10T03:29:58.3418011Z' while content on disk has modification time of '2025-10-10T03:29:58.8616457Z'
  ERROR: Build asset version error: assets/models/swat/swat@rifle aiming idle.fbm/soldier_head_specular.png in SourceAssetDB has modification time of '2025-10-10T03:29:58.3418011Z' while content on disk has modification time of '2025-10-10T03:29:58.8616457Z'
Number of updated asset objects reloaded before import = 0Number of asset objects unloaded after import = 0

========================================================================
Received Import Request.
  Time since last request: 0.000013 seconds.
  path: Assets/models/Swat/Swat@Rifle Aiming Idle.fbm/Soldier_head_specular.png
  artifactKey: Guid(87bbbc18518918640a8b3dcca516bd84) Importer(815301076,1909f56bfc062723c751e8b465ee728b)
Start importing Assets/models/Swat/Swat@Rifle Aiming Idle.fbm/Soldier_head_specular.png using Guid(87bbbc18518918640a8b3dcca516bd84) Importer(815301076,1909f56bfc062723c751e8b465ee728b) (PreviewImporter) -> (artifact id: '00000000000000000000000000000000') in 0.0044357 seconds
Import Error Code:(4)
Message: Build asset version error: assets/models/swat/swat@rifle aiming idle.fbm/soldier_head_specular.png in SourceAssetDB has modification time of '2025-10-10T03:29:58.3418011Z' while content on disk has modification time of '2025-10-10T03:29:58.8616457Z'
  ERROR: Build asset version error: assets/models/swat/swat@rifle aiming idle.fbm/soldier_head_specular.png in SourceAssetDB has modification time of '2025-10-10T03:29:58.3418011Z' while content on disk has modification time of '2025-10-10T03:29:58.8616457Z'
Number of updated asset objects reloaded before import = 0Number of asset objects unloaded after import = 0

========================================================================
Received Import Request.
  Time since last request: 0.000013 seconds.
  path: Assets/models/Swat/Swat@Rifle Aiming Idle.fbm/Soldier_head_specular.png
  artifactKey: Guid(87bbbc18518918640a8b3dcca516bd84) Importer(815301076,1909f56bfc062723c751e8b465ee728b)
Start importing Assets/models/Swat/Swat@Rifle Aiming Idle.fbm/Soldier_head_specular.png using Guid(87bbbc18518918640a8b3dcca516bd84) Importer(815301076,1909f56bfc062723c751e8b465ee728b) (PreviewImporter) -> (artifact id: '00000000000000000000000000000000') in 0.0043128 seconds
Import Error Code:(4)
Message: Build asset version error: assets/models/swat/swat@rifle aiming idle.fbm/soldier_head_specular.png in SourceAssetDB has modification time of '2025-10-10T03:29:58.3418011Z' while content on disk has modification time of '2025-10-10T03:29:58.8616457Z'
  ERROR: Build asset version error: assets/models/swat/swat@rifle aiming idle.fbm/soldier_head_specular.png in SourceAssetDB has modification time of '2025-10-10T03:29:58.3418011Z' while content on disk has modification time of '2025-10-10T03:29:58.8616457Z'
Number of updated asset objects reloaded before import = 0Number of asset objects unloaded after import = 0

========================================================================
Received Import Request.
  Time since last request: 0.000013 seconds.
  path: Assets/models/Swat/Swat@Rifle Aiming Idle.fbm/Soldier_head_specular.png
  artifactKey: Guid(87bbbc18518918640a8b3dcca516bd84) Importer(815301076,1909f56bfc062723c751e8b465ee728b)
Start importing Assets/models/Swat/Swat@Rifle Aiming Idle.fbm/Soldier_head_specular.png using Guid(87bbbc18518918640a8b3dcca516bd84) Importer(815301076,1909f56bfc062723c751e8b465ee728b) (PreviewImporter) -> (artifact id: '00000000000000000000000000000000') in 0.0046593 seconds
Import Error Code:(4)
Message: Build asset version error: assets/models/swat/swat@rifle aiming idle.fbm/soldier_head_specular.png in SourceAssetDB has modification time of '2025-10-10T03:29:58.3418011Z' while content on disk has modification time of '2025-10-10T03:29:58.8616457Z'
  ERROR: Build asset version error: assets/models/swat/swat@rifle aiming idle.fbm/soldier_head_specular.png in SourceAssetDB has modification time of '2025-10-10T03:29:58.3418011Z' while content on disk has modification time of '2025-10-10T03:29:58.8616457Z'
Number of updated asset objects reloaded before import = 0Number of asset objects unloaded after import = 0

========================================================================
Received Import Request.
  Time since last request: 0.000011 seconds.
  path: Assets/models/Swat/Swat@Rifle Aiming Idle.fbm/Soldier_head_specular.png
  artifactKey: Guid(87bbbc18518918640a8b3dcca516bd84) Importer(815301076,1909f56bfc062723c751e8b465ee728b)
Start importing Assets/models/Swat/Swat@Rifle Aiming Idle.fbm/Soldier_head_specular.png using Guid(87bbbc18518918640a8b3dcca516bd84) Importer(815301076,1909f56bfc062723c751e8b465ee728b) (PreviewImporter) -> (artifact id: '00000000000000000000000000000000') in 0.0043667 seconds
Import Error Code:(4)
Message: Build asset version error: assets/models/swat/swat@rifle aiming idle.fbm/soldier_head_specular.png in SourceAssetDB has modification time of '2025-10-10T03:29:58.3418011Z' while content on disk has modification time of '2025-10-10T03:29:58.8616457Z'
  ERROR: Build asset version error: assets/models/swat/swat@rifle aiming idle.fbm/soldier_head_specular.png in SourceAssetDB has modification time of '2025-10-10T03:29:58.3418011Z' while content on disk has modification time of '2025-10-10T03:29:58.8616457Z'
Number of updated asset objects reloaded before import = 0Number of asset objects unloaded after import = 0

========================================================================
Received Import Request.
  Time since last request: 0.000011 seconds.
  path: Assets/models/Swat/Swat@Rifle Aiming Idle.fbm/Soldier_Body_diffuse.png
  artifactKey: Guid(d94b28c323e2f094a89663c8b28ce9d2) Importer(815301076,1909f56bfc062723c751e8b465ee728b)
Start importing Assets/models/Swat/Swat@Rifle Aiming Idle.fbm/Soldier_Body_diffuse.png using Guid(d94b28c323e2f094a89663c8b28ce9d2) Importer(815301076,1909f56bfc062723c751e8b465ee728b) (PreviewImporter) -> (artifact id: '00000000000000000000000000000000') in 0.0049416 seconds
Import Error Code:(4)
Message: Build asset version error: assets/models/swat/swat@rifle aiming idle.fbm/soldier_body_diffuse.png in SourceAssetDB has modification time of '2025-10-10T03:29:58.4566425Z' while content on disk has modification time of '2025-10-10T03:29:58.8596448Z'
  ERROR: Build asset version error: assets/models/swat/swat@rifle aiming idle.fbm/soldier_body_diffuse.png in SourceAssetDB has modification time of '2025-10-10T03:29:58.4566425Z' while content on disk has modification time of '2025-10-10T03:29:58.8596448Z'
Number of updated asset objects reloaded before import = 0Number of asset objects unloaded after import = 0

========================================================================
Received Import Request.
  Time since last request: 0.000013 seconds.
  path: Assets/models/Swat/Swat@Rifle Aiming Idle.fbm/Soldier_head_specular.png
  artifactKey: Guid(87bbbc18518918640a8b3dcca516bd84) Importer(815301076,1909f56bfc062723c751e8b465ee728b)
Start importing Assets/models/Swat/Swat@Rifle Aiming Idle.fbm/Soldier_head_specular.png using Guid(87bbbc18518918640a8b3dcca516bd84) Importer(815301076,1909f56bfc062723c751e8b465ee728b) (PreviewImporter) -> (artifact id: '00000000000000000000000000000000') in 0.004391 seconds
Import Error Code:(4)
Message: Build asset version error: assets/models/swat/swat@rifle aiming idle.fbm/soldier_head_specular.png in SourceAssetDB has modification time of '2025-10-10T03:29:58.3418011Z' while content on disk has modification time of '2025-10-10T03:29:58.8616457Z'
  ERROR: Build asset version error: assets/models/swat/swat@rifle aiming idle.fbm/soldier_head_specular.png in SourceAssetDB has modification time of '2025-10-10T03:29:58.3418011Z' while content on disk has modification time of '2025-10-10T03:29:58.8616457Z'
Number of updated asset objects reloaded before import = 0Number of asset objects unloaded after import = 0

========================================================================
Received Import Request.
  Time since last request: 0.000021 seconds.
  path: Assets/models/Swat/Swat@Rifle Aiming Idle.fbm/Soldier_Body_diffuse.png
  artifactKey: Guid(d94b28c323e2f094a89663c8b28ce9d2) Importer(815301076,1909f56bfc062723c751e8b465ee728b)
Start importing Assets/models/Swat/Swat@Rifle Aiming Idle.fbm/Soldier_Body_diffuse.png using Guid(d94b28c323e2f094a89663c8b28ce9d2) Importer(815301076,1909f56bfc062723c751e8b465ee728b) (PreviewImporter) -> (artifact id: '00000000000000000000000000000000') in 0.0077387 seconds
Import Error Code:(4)
Message: Build asset version error: assets/models/swat/swat@rifle aiming idle.fbm/soldier_body_diffuse.png in SourceAssetDB has modification time of '2025-10-10T03:29:58.4566425Z' while content on disk has modification time of '2025-10-10T03:29:58.8596448Z'
  ERROR: Build asset version error: assets/models/swat/swat@rifle aiming idle.fbm/soldier_body_diffuse.png in SourceAssetDB has modification time of '2025-10-10T03:29:58.4566425Z' while content on disk has modification time of '2025-10-10T03:29:58.8596448Z'
Number of updated asset objects reloaded before import = 0Number of asset objects unloaded after import = 0

========================================================================
Received Import Request.
  Time since last request: 0.000014 seconds.
  path: Assets/models/Swat/Swat@Rifle Aiming Idle.fbm/Soldier_head_specular.png
  artifactKey: Guid(87bbbc18518918640a8b3dcca516bd84) Importer(815301076,1909f56bfc062723c751e8b465ee728b)
Start importing Assets/models/Swat/Swat@Rifle Aiming Idle.fbm/Soldier_head_specular.png using Guid(87bbbc18518918640a8b3dcca516bd84) Importer(815301076,1909f56bfc062723c751e8b465ee728b) (PreviewImporter) -> (artifact id: '00000000000000000000000000000000') in 0.003956 seconds
Import Error Code:(4)
Message: Build asset version error: assets/models/swat/swat@rifle aiming idle.fbm/soldier_head_specular.png in SourceAssetDB has modification time of '2025-10-10T03:29:58.3418011Z' while content on disk has modification time of '2025-10-10T03:29:58.8616457Z'
  ERROR: Build asset version error: assets/models/swat/swat@rifle aiming idle.fbm/soldier_head_specular.png in SourceAssetDB has modification time of '2025-10-10T03:29:58.3418011Z' while content on disk has modification time of '2025-10-10T03:29:58.8616457Z'
Number of updated asset objects reloaded before import = 0Number of asset objects unloaded after import = 0

========================================================================
Received Import Request.
  Time since last request: 0.000011 seconds.
  path: Assets/models/Swat/Swat@Rifle Aiming Idle.fbm/Soldier_head_specular.png
  artifactKey: Guid(87bbbc18518918640a8b3dcca516bd84) Importer(815301076,1909f56bfc062723c751e8b465ee728b)
Start importing Assets/models/Swat/Swat@Rifle Aiming Idle.fbm/Soldier_head_specular.png using Guid(87bbbc18518918640a8b3dcca516bd84) Importer(815301076,1909f56bfc062723c751e8b465ee728b) (PreviewImporter) -> (artifact id: '00000000000000000000000000000000') in 0.004394 seconds
Import Error Code:(4)
Message: Build asset version error: assets/models/swat/swat@rifle aiming idle.fbm/soldier_head_specular.png in SourceAssetDB has modification time of '2025-10-10T03:29:58.3418011Z' while content on disk has modification time of '2025-10-10T03:29:58.8616457Z'
  ERROR: Build asset version error: assets/models/swat/swat@rifle aiming idle.fbm/soldier_head_specular.png in SourceAssetDB has modification time of '2025-10-10T03:29:58.3418011Z' while content on disk has modification time of '2025-10-10T03:29:58.8616457Z'
Number of updated asset objects reloaded before import = 0Number of asset objects unloaded after import = 0

========================================================================
Received Import Request.
  Time since last request: 0.000012 seconds.
  path: Assets/models/Swat/Swat@Rifle Aiming Idle.fbm/Soldier_head_specular.png
  artifactKey: Guid(87bbbc18518918640a8b3dcca516bd84) Importer(815301076,1909f56bfc062723c751e8b465ee728b)
Start importing Assets/models/Swat/Swat@Rifle Aiming Idle.fbm/Soldier_head_specular.png using Guid(87bbbc18518918640a8b3dcca516bd84) Importer(815301076,1909f56bfc062723c751e8b465ee728b) (PreviewImporter) -> (artifact id: '00000000000000000000000000000000') in 0.0044104 seconds
Import Error Code:(4)
Message: Build asset version error: assets/models/swat/swat@rifle aiming idle.fbm/soldier_head_specular.png in SourceAssetDB has modification time of '2025-10-10T03:29:58.3418011Z' while content on disk has modification time of '2025-10-10T03:29:58.8616457Z'
  ERROR: Build asset version error: assets/models/swat/swat@rifle aiming idle.fbm/soldier_head_specular.png in SourceAssetDB has modification time of '2025-10-10T03:29:58.3418011Z' while content on disk has modification time of '2025-10-10T03:29:58.8616457Z'
Number of updated asset objects reloaded before import = 0Number of asset objects unloaded after import = 0

========================================================================
Received Import Request.
  Time since last request: 0.000012 seconds.
  path: Assets/models/Swat/Swat@Rifle Aiming Idle.fbm/Soldier_head_specular.png
  artifactKey: Guid(87bbbc18518918640a8b3dcca516bd84) Importer(815301076,1909f56bfc062723c751e8b465ee728b)
Start importing Assets/models/Swat/Swat@Rifle Aiming Idle.fbm/Soldier_head_specular.png using Guid(87bbbc18518918640a8b3dcca516bd84) Importer(815301076,1909f56bfc062723c751e8b465ee728b) (PreviewImporter) -> (artifact id: '00000000000000000000000000000000') in 0.004371 seconds
Import Error Code:(4)
Message: Build asset version error: assets/models/swat/swat@rifle aiming idle.fbm/soldier_head_specular.png in SourceAssetDB has modification time of '2025-10-10T03:29:58.3418011Z' while content on disk has modification time of '2025-10-10T03:29:58.8616457Z'
  ERROR: Build asset version error: assets/models/swat/swat@rifle aiming idle.fbm/soldier_head_specular.png in SourceAssetDB has modification time of '2025-10-10T03:29:58.3418011Z' while content on disk has modification time of '2025-10-10T03:29:58.8616457Z'
Number of updated asset objects reloaded before import = 0Number of asset objects unloaded after import = 0

========================================================================
Received Import Request.
  Time since last request: 0.000014 seconds.
  path: Assets/models/Swat/Swat@Rifle Aiming Idle.fbm/Soldier_head_specular.png
  artifactKey: Guid(87bbbc18518918640a8b3dcca516bd84) Importer(815301076,1909f56bfc062723c751e8b465ee728b)
Start importing Assets/models/Swat/Swat@Rifle Aiming Idle.fbm/Soldier_head_specular.png using Guid(87bbbc18518918640a8b3dcca516bd84) Importer(815301076,1909f56bfc062723c751e8b465ee728b) (PreviewImporter) -> (artifact id: '00000000000000000000000000000000') in 0.0040744 seconds
Import Error Code:(4)
Message: Build asset version error: assets/models/swat/swat@rifle aiming idle.fbm/soldier_head_specular.png in SourceAssetDB has modification time of '2025-10-10T03:29:58.3418011Z' while content on disk has modification time of '2025-10-10T03:29:58.8616457Z'
  ERROR: Build asset version error: assets/models/swat/swat@rifle aiming idle.fbm/soldier_head_specular.png in SourceAssetDB has modification time of '2025-10-10T03:29:58.3418011Z' while content on disk has modification time of '2025-10-10T03:29:58.8616457Z'
Number of updated asset objects reloaded before import = 0Number of asset objects unloaded after import = 0

========================================================================
Received Import Request.
  Time since last request: 0.000014 seconds.
  path: Assets/models/Swat/Swat@Rifle Aiming Idle.fbm/Soldier_head_specular.png
  artifactKey: Guid(87bbbc18518918640a8b3dcca516bd84) Importer(815301076,1909f56bfc062723c751e8b465ee728b)
Start importing Assets/models/Swat/Swat@Rifle Aiming Idle.fbm/Soldier_head_specular.png using Guid(87bbbc18518918640a8b3dcca516bd84) Importer(815301076,1909f56bfc062723c751e8b465ee728b) (PreviewImporter) -> (artifact id: '00000000000000000000000000000000') in 0.0048834 seconds
Import Error Code:(4)
Message: Build asset version error: assets/models/swat/swat@rifle aiming idle.fbm/soldier_head_specular.png in SourceAssetDB has modification time of '2025-10-10T03:29:58.3418011Z' while content on disk has modification time of '2025-10-10T03:29:58.8616457Z'
  ERROR: Build asset version error: assets/models/swat/swat@rifle aiming idle.fbm/soldier_head_specular.png in SourceAssetDB has modification time of '2025-10-10T03:29:58.3418011Z' while content on disk has modification time of '2025-10-10T03:29:58.8616457Z'
Number of updated asset objects reloaded before import = 0Number of asset objects unloaded after import = 0

========================================================================
Received Import Request.
  Time since last request: 0.000020 seconds.
  path: Assets/models/Swat/Swat@Rifle Aiming Idle.fbm/Soldier_head_specular.png
  artifactKey: Guid(87bbbc18518918640a8b3dcca516bd84) Importer(815301076,1909f56bfc062723c751e8b465ee728b)
Start importing Assets/models/Swat/Swat@Rifle Aiming Idle.fbm/Soldier_head_specular.png using Guid(87bbbc18518918640a8b3dcca516bd84) Importer(815301076,1909f56bfc062723c751e8b465ee728b) (PreviewImporter) -> (artifact id: '00000000000000000000000000000000') in 0.0046225 seconds
Import Error Code:(4)
Message: Build asset version error: assets/models/swat/swat@rifle aiming idle.fbm/soldier_head_specular.png in SourceAssetDB has modification time of '2025-10-10T03:29:58.3418011Z' while content on disk has modification time of '2025-10-10T03:29:58.8616457Z'
  ERROR: Build asset version error: assets/models/swat/swat@rifle aiming idle.fbm/soldier_head_specular.png in SourceAssetDB has modification time of '2025-10-10T03:29:58.3418011Z' while content on disk has modification time of '2025-10-10T03:29:58.8616457Z'
Number of updated asset objects reloaded before import = 0Number of asset objects unloaded after import = 0

========================================================================
Received Import Request.
  Time since last request: 0.000013 seconds.
  path: Assets/models/Swat/Swat@Rifle Aiming Idle.fbm/Soldier_head_specular.png
  artifactKey: Guid(87bbbc18518918640a8b3dcca516bd84) Importer(815301076,1909f56bfc062723c751e8b465ee728b)
Start importing Assets/models/Swat/Swat@Rifle Aiming Idle.fbm/Soldier_head_specular.png using Guid(87bbbc18518918640a8b3dcca516bd84) Importer(815301076,1909f56bfc062723c751e8b465ee728b) (PreviewImporter) -> (artifact id: '00000000000000000000000000000000') in 0.0042856 seconds
Import Error Code:(4)
Message: Build asset version error: assets/models/swat/swat@rifle aiming idle.fbm/soldier_head_specular.png in SourceAssetDB has modification time of '2025-10-10T03:29:58.3418011Z' while content on disk has modification time of '2025-10-10T03:29:58.8616457Z'
  ERROR: Build asset version error: assets/models/swat/swat@rifle aiming idle.fbm/soldier_head_specular.png in SourceAssetDB has modification time of '2025-10-10T03:29:58.3418011Z' while content on disk has modification time of '2025-10-10T03:29:58.8616457Z'
Number of updated asset objects reloaded before import = 0Number of asset objects unloaded after import = 0

========================================================================
Received Import Request.
  Time since last request: 0.000012 seconds.
  path: Assets/models/Swat/Swat@Rifle Aiming Idle.fbm/Soldier_head_specular.png
  artifactKey: Guid(87bbbc18518918640a8b3dcca516bd84) Importer(815301076,1909f56bfc062723c751e8b465ee728b)
Start importing Assets/models/Swat/Swat@Rifle Aiming Idle.fbm/Soldier_head_specular.png using Guid(87bbbc18518918640a8b3dcca516bd84) Importer(815301076,1909f56bfc062723c751e8b465ee728b) (PreviewImporter) -> (artifact id: '00000000000000000000000000000000') in 0.0048395 seconds
Import Error Code:(4)
Message: Build asset version error: assets/models/swat/swat@rifle aiming idle.fbm/soldier_head_specular.png in SourceAssetDB has modification time of '2025-10-10T03:29:58.3418011Z' while content on disk has modification time of '2025-10-10T03:29:58.8616457Z'
  ERROR: Build asset version error: assets/models/swat/swat@rifle aiming idle.fbm/soldier_head_specular.png in SourceAssetDB has modification time of '2025-10-10T03:29:58.3418011Z' while content on disk has modification time of '2025-10-10T03:29:58.8616457Z'
Number of updated asset objects reloaded before import = 0Number of asset objects unloaded after import = 0

========================================================================
Received Import Request.
  Time since last request: 0.000012 seconds.
  path: Assets/models/Swat/Swat@Rifle Aiming Idle.fbm/Soldier_head_specular.png
  artifactKey: Guid(87bbbc18518918640a8b3dcca516bd84) Importer(815301076,1909f56bfc062723c751e8b465ee728b)
Start importing Assets/models/Swat/Swat@Rifle Aiming Idle.fbm/Soldier_head_specular.png using Guid(87bbbc18518918640a8b3dcca516bd84) Importer(815301076,1909f56bfc062723c751e8b465ee728b) (PreviewImporter) -> (artifact id: '00000000000000000000000000000000') in 0.0044555 seconds
Import Error Code:(4)
Message: Build asset version error: assets/models/swat/swat@rifle aiming idle.fbm/soldier_head_specular.png in SourceAssetDB has modification time of '2025-10-10T03:29:58.3418011Z' while content on disk has modification time of '2025-10-10T03:29:58.8616457Z'
  ERROR: Build asset version error: assets/models/swat/swat@rifle aiming idle.fbm/soldier_head_specular.png in SourceAssetDB has modification time of '2025-10-10T03:29:58.3418011Z' while content on disk has modification time of '2025-10-10T03:29:58.8616457Z'
Number of updated asset objects reloaded before import = 0Number of asset objects unloaded after import = 0

========================================================================
Received Import Request.
  Time since last request: 0.000014 seconds.
  path: Assets/models/Swat/Swat@Rifle Aiming Idle.fbm/Soldier_head_diffuse.png
  artifactKey: Guid(25cdebc21b2300240b1fbd3494d07830) Importer(815301076,1909f56bfc062723c751e8b465ee728b)
Start importing Assets/models/Swat/Swat@Rifle Aiming Idle.fbm/Soldier_head_diffuse.png using Guid(25cdebc21b2300240b1fbd3494d07830) Importer(815301076,1909f56bfc062723c751e8b465ee728b) (PreviewImporter) -> (artifact id: '00000000000000000000000000000000') in 0.004786 seconds
Import Error Code:(4)
Message: Build asset version error: assets/models/swat/swat@rifle aiming idle.fbm/soldier_head_diffuse.png in SourceAssetDB has modification time of '2025-10-10T03:29:58.4581459Z' while content on disk has modification time of '2025-10-10T03:29:58.8606462Z'
  ERROR: Build asset version error: assets/models/swat/swat@rifle aiming idle.fbm/soldier_head_diffuse.png in SourceAssetDB has modification time of '2025-10-10T03:29:58.4581459Z' while content on disk has modification time of '2025-10-10T03:29:58.8606462Z'
Number of updated asset objects reloaded before import = 0Number of asset objects unloaded after import = 0

========================================================================
Received Import Request.
  Time since last request: 0.000011 seconds.
  path: Assets/models/Swat/Swat@Rifle Aiming Idle.fbm/Soldier_head_specular.png
  artifactKey: Guid(87bbbc18518918640a8b3dcca516bd84) Importer(815301076,1909f56bfc062723c751e8b465ee728b)
Start importing Assets/models/Swat/Swat@Rifle Aiming Idle.fbm/Soldier_head_specular.png using Guid(87bbbc18518918640a8b3dcca516bd84) Importer(815301076,1909f56bfc062723c751e8b465ee728b) (PreviewImporter) -> (artifact id: '00000000000000000000000000000000') in 0.0042825 seconds
Import Error Code:(4)
Message: Build asset version error: assets/models/swat/swat@rifle aiming idle.fbm/soldier_head_specular.png in SourceAssetDB has modification time of '2025-10-10T03:29:58.3418011Z' while content on disk has modification time of '2025-10-10T03:29:58.8616457Z'
  ERROR: Build asset version error: assets/models/swat/swat@rifle aiming idle.fbm/soldier_head_specular.png in SourceAssetDB has modification time of '2025-10-10T03:29:58.3418011Z' while content on disk has modification time of '2025-10-10T03:29:58.8616457Z'
Number of updated asset objects reloaded before import = 0Number of asset objects unloaded after import = 0

========================================================================
Received Import Request.
  Time since last request: 0.000013 seconds.
  path: Assets/models/Swat/Swat@Rifle Aiming Idle.fbm/Soldier_Body_diffuse.png
  artifactKey: Guid(d94b28c323e2f094a89663c8b28ce9d2) Importer(815301076,1909f56bfc062723c751e8b465ee728b)
Start importing Assets/models/Swat/Swat@Rifle Aiming Idle.fbm/Soldier_Body_diffuse.png using Guid(d94b28c323e2f094a89663c8b28ce9d2) Importer(815301076,1909f56bfc062723c751e8b465ee728b) (PreviewImporter) -> (artifact id: '00000000000000000000000000000000') in 0.0056598 seconds
Import Error Code:(4)
Message: Build asset version error: assets/models/swat/swat@rifle aiming idle.fbm/soldier_body_diffuse.png in SourceAssetDB has modification time of '2025-10-10T03:29:58.4566425Z' while content on disk has modification time of '2025-10-10T03:29:58.8596448Z'
  ERROR: Build asset version error: assets/models/swat/swat@rifle aiming idle.fbm/soldier_body_diffuse.png in SourceAssetDB has modification time of '2025-10-10T03:29:58.4566425Z' while content on disk has modification time of '2025-10-10T03:29:58.8596448Z'
Number of updated asset objects reloaded before import = 0Number of asset objects unloaded after import = 0

========================================================================
Received Import Request.
  Time since last request: 0.000021 seconds.
  path: Assets/models/Swat/Swat@Rifle Aiming Idle.fbm/Soldier_head_diffuse.png
  artifactKey: Guid(25cdebc21b2300240b1fbd3494d07830) Importer(815301076,1909f56bfc062723c751e8b465ee728b)
Start importing Assets/models/Swat/Swat@Rifle Aiming Idle.fbm/Soldier_head_diffuse.png using Guid(25cdebc21b2300240b1fbd3494d07830) Importer(815301076,1909f56bfc062723c751e8b465ee728b) (PreviewImporter) -> (artifact id: '00000000000000000000000000000000') in 0.0044878 seconds
Import Error Code:(4)
Message: Build asset version error: assets/models/swat/swat@rifle aiming idle.fbm/soldier_head_diffuse.png in SourceAssetDB has modification time of '2025-10-10T03:29:58.4581459Z' while content on disk has modification time of '2025-10-10T03:29:58.8606462Z'
  ERROR: Build asset version error: assets/models/swat/swat@rifle aiming idle.fbm/soldier_head_diffuse.png in SourceAssetDB has modification time of '2025-10-10T03:29:58.4581459Z' while content on disk has modification time of '2025-10-10T03:29:58.8606462Z'
Number of updated asset objects reloaded before import = 0Number of asset objects unloaded after import = 0

========================================================================
Received Import Request.
  Time since last request: 0.000013 seconds.
  path: Assets/models/Swat/Swat@Rifle Aiming Idle.fbm/Soldier_head_specular.png
  artifactKey: Guid(87bbbc18518918640a8b3dcca516bd84) Importer(815301076,1909f56bfc062723c751e8b465ee728b)
Start importing Assets/models/Swat/Swat@Rifle Aiming Idle.fbm/Soldier_head_specular.png using Guid(87bbbc18518918640a8b3dcca516bd84) Importer(815301076,1909f56bfc062723c751e8b465ee728b) (PreviewImporter) -> (artifact id: '00000000000000000000000000000000') in 0.0041741 seconds
Import Error Code:(4)
Message: Build asset version error: assets/models/swat/swat@rifle aiming idle.fbm/soldier_head_specular.png in SourceAssetDB has modification time of '2025-10-10T03:29:58.3418011Z' while content on disk has modification time of '2025-10-10T03:29:58.8616457Z'
  ERROR: Build asset version error: assets/models/swat/swat@rifle aiming idle.fbm/soldier_head_specular.png in SourceAssetDB has modification time of '2025-10-10T03:29:58.3418011Z' while content on disk has modification time of '2025-10-10T03:29:58.8616457Z'
Number of updated asset objects reloaded before import = 0Number of asset objects unloaded after import = 0

========================================================================
Received Import Request.
  Time since last request: 0.336276 seconds.
  path: Assets/models/Swat/Swat@Rifle Aiming Idle.fbm/Soldier_head_specular.png
  artifactKey: Guid(87bbbc18518918640a8b3dcca516bd84) Importer(815301076,1909f56bfc062723c751e8b465ee728b)
Start importing Assets/models/Swat/Swat@Rifle Aiming Idle.fbm/Soldier_head_specular.png using Guid(87bbbc18518918640a8b3dcca516bd84) Importer(815301076,1909f56bfc062723c751e8b465ee728b) (PreviewImporter) -> (artifact id: '00000000000000000000000000000000') in 0.0048168 seconds
Import Error Code:(4)
Message: Build asset version error: assets/models/swat/swat@rifle aiming idle.fbm/soldier_head_specular.png in SourceAssetDB has modification time of '2025-10-10T03:29:58.3418011Z' while content on disk has modification time of '2025-10-10T03:29:58.8616457Z'
  ERROR: Build asset version error: assets/models/swat/swat@rifle aiming idle.fbm/soldier_head_specular.png in SourceAssetDB has modification time of '2025-10-10T03:29:58.3418011Z' while content on disk has modification time of '2025-10-10T03:29:58.8616457Z'
Number of updated asset objects reloaded before import = 0Number of asset objects unloaded after import = 0

========================================================================
Received Import Request.
  Time since last request: 0.000013 seconds.
  path: Assets/models/Swat/Swat@Rifle Aiming Idle.fbm/Soldier_head_specular.png
  artifactKey: Guid(87bbbc18518918640a8b3dcca516bd84) Importer(815301076,1909f56bfc062723c751e8b465ee728b)
Start importing Assets/models/Swat/Swat@Rifle Aiming Idle.fbm/Soldier_head_specular.png using Guid(87bbbc18518918640a8b3dcca516bd84) Importer(815301076,1909f56bfc062723c751e8b465ee728b) (PreviewImporter) -> (artifact id: '00000000000000000000000000000000') in 0.0042449 seconds
Import Error Code:(4)
Message: Build asset version error: assets/models/swat/swat@rifle aiming idle.fbm/soldier_head_specular.png in SourceAssetDB has modification time of '2025-10-10T03:29:58.3418011Z' while content on disk has modification time of '2025-10-10T03:29:58.8616457Z'
  ERROR: Build asset version error: assets/models/swat/swat@rifle aiming idle.fbm/soldier_head_specular.png in SourceAssetDB has modification time of '2025-10-10T03:29:58.3418011Z' while content on disk has modification time of '2025-10-10T03:29:58.8616457Z'
Number of updated asset objects reloaded before import = 0Number of asset objects unloaded after import = 0

========================================================================
Received Import Request.
  Time since last request: 0.000018 seconds.
  path: Assets/models/Swat/Swat@Rifle Aiming Idle.fbm/Soldier_head_specular.png
  artifactKey: Guid(87bbbc18518918640a8b3dcca516bd84) Importer(815301076,1909f56bfc062723c751e8b465ee728b)
Start importing Assets/models/Swat/Swat@Rifle Aiming Idle.fbm/Soldier_head_specular.png using Guid(87bbbc18518918640a8b3dcca516bd84) Importer(815301076,1909f56bfc062723c751e8b465ee728b) (PreviewImporter) -> (artifact id: '00000000000000000000000000000000') in 0.004552 seconds
Import Error Code:(4)
Message: Build asset version error: assets/models/swat/swat@rifle aiming idle.fbm/soldier_head_specular.png in SourceAssetDB has modification time of '2025-10-10T03:29:58.3418011Z' while content on disk has modification time of '2025-10-10T03:29:58.8616457Z'
  ERROR: Build asset version error: assets/models/swat/swat@rifle aiming idle.fbm/soldier_head_specular.png in SourceAssetDB has modification time of '2025-10-10T03:29:58.3418011Z' while content on disk has modification time of '2025-10-10T03:29:58.8616457Z'
Number of updated asset objects reloaded before import = 0Number of asset objects unloaded after import = 0

Editor requested this worker to shutdown with reason: Scaling down because of idle timeout
AssetImportWorker is now disconnected from the server
Process exiting
Exiting without the bug reporter. Application will terminate with return code 0