[Licensing::Module] Trying to connect to existing licensing client channel...
Built from '6000.2/respin/6000.2.7f1-2eb0c79396db' branch; Version is '6000.2.7f2 (2b518236b676) revision 2838914'; Using compiler version '194234433'; Build Type 'Release'
[Licensing::IpcConnector] Successfully connected to: "LicenseClient-paulorh" at "2025-10-10T02:40:52.1853284Z"
OS: 'Windows 11  (10.0.26100) 64bit Professional' Language: 'pt' Physical Memory: 31879 MB
BatchMode: 1, IsHumanControllingUs: 0, StartBugReporterOnCrash: 0, Is64bit: 1
Date: 2025-10-10T02:40:52Z

COMMAND LINE ARGUMENTS:
C:\Program Files\Unity\Hub\Editor\6000.2.7f2\Editor\Unity.exe
-adb2
-batchMode
-noUpm
-name
AssetImportWorker19
-projectPath
C:/unity/projects/AirSoftGame
-logFile
Logs/AssetImportWorker19.log
-srvPort
54381
-job-worker-count
11
-background-job-worker-count
8
-gc-helper-count
1
-name
AssetImport
Successfully changed project path to: C:/unity/projects/AirSoftGame
C:/unity/projects/AirSoftGame
[UnityMemory] Configuration Parameters - Can be set up in boot.config
    "memorysetup-allocator-temp-initial-block-size-main=262144"
    "memorysetup-allocator-temp-initial-block-size-worker=262144"
    "memorysetup-bucket-allocator-granularity=16"
    "memorysetup-bucket-allocator-bucket-count=8"
    "memorysetup-bucket-allocator-block-size=33554432"
    "memorysetup-bucket-allocator-block-count=8"
    "memorysetup-main-allocator-block-size=16777216"
    "memorysetup-thread-allocator-block-size=16777216"
    "memorysetup-gfx-main-allocator-block-size=16777216"
    "memorysetup-gfx-thread-allocator-block-size=16777216"
    "memorysetup-cache-allocator-block-size=4194304"
    "memorysetup-typetree-allocator-block-size=2097152"
    "memorysetup-profiler-bucket-allocator-granularity=16"
    "memorysetup-profiler-bucket-allocator-bucket-count=8"
    "memorysetup-profiler-bucket-allocator-block-size=33554432"
    "memorysetup-profiler-bucket-allocator-block-count=8"
    "memorysetup-profiler-allocator-block-size=16777216"
    "memorysetup-profiler-editor-allocator-block-size=1048576"
    "memorysetup-temp-allocator-size-main=16777216"
    "memorysetup-job-temp-allocator-block-size=2097152"
    "memorysetup-job-temp-allocator-block-size-background=1048576"
    "memorysetup-job-temp-allocator-reduction-small-platforms=262144"
    "memorysetup-temp-allocator-size-background-worker=32768"
    "memorysetup-temp-allocator-size-job-worker=262144"
    "memorysetup-temp-allocator-size-preload-manager=33554432"
    "memorysetup-temp-allocator-size-nav-mesh-worker=65536"
    "memorysetup-temp-allocator-size-audio-worker=65536"
    "memorysetup-temp-allocator-size-cloud-worker=32768"
    "memorysetup-temp-allocator-size-gi-baking-worker=262144"
    "memorysetup-temp-allocator-size-gi-baking-worker=262144"
    "memorysetup-temp-allocator-size-gi-baking-worker=262144"
    "memorysetup-temp-allocator-size-gi-baking-worker=262144"
    "memorysetup-temp-allocator-size-gi-baking-worker=262144"
    "memorysetup-temp-allocator-size-gfx=262144"
Player connection [42308]  Target information:

Player connection [42308]  * "[IP] 192.168.0.4 [Port] 0 [Flags] 2 [Guid] 4072735919 [EditorId] 4072735919 [Version] 1048832 [Id] WindowsEditor(7,paulo-pc) [Debug] 1 [PackageName] WindowsEditor [ProjectName] Editor" 

Player connection [42308]  * "[IP] 172.20.0.1 [Port] 0 [Flags] 2 [Guid] 4072735919 [EditorId] 4072735919 [Version] 1048832 [Id] WindowsEditor(7,paulo-pc) [Debug] 1 [PackageName] WindowsEditor [ProjectName] Editor" 

Player connection [42308] Host joined multi-casting on [225.0.0.222:54997]...
Player connection [42308] Host joined alternative multi-casting on [225.0.0.222:34997]...
JobSystem: Creating JobQueue using job-worker-count value 11
Input System module state changed to: Initialized.
[Physics::Module] Initialized fallback backend.
[Physics::Module] Id: 0xdecafbad
[Licensing::Client] Code 10 while verifying Licensing Client signature (process Id: 28916, path: "C:/Program Files/Unity Hub/UnityLicensingClient_V1/Unity.Licensing.Client.exe")
[Licensing::Module] LicensingClient has failed validation; ignoring
[Licensing::Client] Handshaking with LicensingClient:
  Version:                 1.17.3+a4e98f1
  Session Id:              b7e9ea855e5b480e8596f37f7f726789
  Correlation Id:          0982295f0b1aa75365c508c1cf125ab9
  External correlation Id: 3659128264881536234
  Machine Id:              6sp8raTFMxvUwLzOQlZIojDac2U=
[Licensing::Module] Successfully connected to LicensingClient on channel: "LicenseClient-paulorh" (connect: 0.00s, validation: 0.00s, handshake: 0.03s)
[Licensing::IpcConnector] Successfully connected to: "LicenseClient-paulorh-notifications" at "2025-10-10T02:40:52.2132459Z"
[Licensing::Module] Licensing Background thread has ended after 0.03s
Library Redirect Path: Library/
[Physics::Module] Selected backend.
[Physics::Module] Name: PhysX
[Physics::Module] Id: 0xf2b8ea05
[Physics::Module] SDK Version: 4.1.2
[Physics::Module] Integration Version: 1.0.0
[Physics::Module] Threading Mode: Multi-Threaded
Refreshing native plugins compatible for Editor in 4.48 ms, found 4 plugins.
Preloading 0 native plugins for Editor in 0.00 ms.
Initialize engine version: 6000.2.7f2 (2b518236b676)
[Subsystems] Discovering subsystems at path C:/Program Files/Unity/Hub/Editor/6000.2.7f2/Editor/Data/Resources/UnitySubsystems
[Subsystems] Discovering subsystems at path C:/unity/projects/AirSoftGame/Assets
GfxDevice: creating device client; kGfxThreadingModeNonThreaded
Direct3D:
    Version:  Direct3D 11.0 [level 11.1]
    Renderer: NVIDIA GeForce RTX 5060 Ti (ID=0x2d04)
    Vendor:   NVIDIA
    VRAM:     15962 MB
    Driver:   32.0.15.8129
Initialize mono
Mono path[0] = 'C:/Program Files/Unity/Hub/Editor/6000.2.7f2/Editor/Data/Managed'
Mono path[1] = 'C:/Program Files/Unity/Hub/Editor/6000.2.7f2/Editor/Data/MonoBleedingEdge/lib/mono/unityjit-win32'
Mono config path = 'C:/Program Files/Unity/Hub/Editor/6000.2.7f2/Editor/Data/MonoBleedingEdge/etc'
Using monoOptions --debugger-agent=transport=dt_socket,embedding=1,server=y,suspend=n,address=127.0.0.1:56120
Begin MonoManager ReloadAssembly
Registering precompiled unity dll's ...
Register platform support module: C:/Program Files/Unity/Hub/Editor/6000.2.7f2/Editor/Data/PlaybackEngines/WebGLSupport/UnityEditor.WebGL.Extensions.dll
Register platform support module: C:/Program Files/Unity/Hub/Editor/6000.2.7f2/Editor/Data/PlaybackEngines/WindowsStandaloneSupport/UnityEditor.WindowsStandalone.Extensions.dll
[Licensing::Client] Successfully resolved entitlement details
[Licensing::Module] License group:
  Id: 4673188508070-UnityPersXXXX
  Product: Unity Personal
  Type: Assigned
  Expiration: Unlimited
Register platform support module: C:/Program Files/Unity/Hub/Editor/6000.2.7f2/Editor/Data/PlaybackEngines/MetroSupport/UnityEditor.UWP.Extensions.dll
Register platform support module: C:/Program Files/Unity/Hub/Editor/6000.2.7f2/Editor/Data/PlaybackEngines/LinuxStandaloneSupport/UnityEditor.LinuxStandalone.Extensions.dll
Registered in 0.003490 seconds.
- Loaded All Assemblies, in  0.252 seconds
Native extension for LinuxStandalone target not found
Native extension for UWP target not found
Native extension for WindowsStandalone target not found
Native extension for WebGL target not found
Mono: successfully reloaded assembly
- Finished resetting the current domain, in  0.215 seconds
Domain Reload Profiling: 465ms
	BeginReloadAssembly (84ms)
		ExecutionOrderSort (0ms)
		DisableScriptedObjects (0ms)
		BackupInstance (0ms)
		ReleaseScriptingObjects (0ms)
		CreateAndSetChildDomain (1ms)
	RebuildCommonClasses (22ms)
	RebuildNativeTypeToScriptingClass (8ms)
	initialDomainReloadingComplete (34ms)
	LoadAllAssembliesAndSetupDomain (102ms)
		LoadAssemblies (83ms)
		RebuildTransferFunctionScriptingTraits (0ms)
		AnalyzeDomain (99ms)
			TypeCache.Refresh (98ms)
				TypeCache.ScanAssembly (89ms)
			BuildScriptInfoCaches (0ms)
			ResolveRequiredComponents (0ms)
	FinalizeReload (215ms)
		ReleaseScriptCaches (0ms)
		RebuildScriptCaches (0ms)
		SetupLoadedEditorAssemblies (183ms)
			LogAssemblyErrors (0ms)
			InitializePlatformSupportModulesInManaged (36ms)
			SetLoadedEditorAssemblies (3ms)
			BeforeProcessingInitializeOnLoad (38ms)
			ProcessInitializeOnLoadAttributes (77ms)
			ProcessInitializeOnLoadMethodAttributes (29ms)
			AfterProcessingInitializeOnLoad (0ms)
			EditorAssembliesLoaded (0ms)
		ExecutionOrderSort2 (0ms)
		AwakeInstancesAfterBackupRestoration (0ms)
Assembly reference Packages/com.unity.cinemachine/Editor/Samples/ExposeHDRPInternals/HDRP-Editor-ref.asmref has no target assembly definition
========================================================================
Worker process is ready to serve import requests
Import Worker Mode flag is 0x00
Assembly reference Packages/com.unity.cinemachine/Editor/Samples/ExposeHDRPInternals/HDRP-Editor-ref.asmref has no target assembly definition
Assembly reference Packages/com.unity.cinemachine/Editor/Samples/ExposeHDRPInternals/HDRP-Editor-ref.asmref has no target assembly definition
Begin MonoManager ReloadAssembly
[Licensing::Client] Successfully resolved entitlement details
- Loaded All Assemblies, in  0.553 seconds
Assembly reference Packages/com.unity.cinemachine/Editor/Samples/ExposeHDRPInternals/HDRP-Editor-ref.asmref has no target assembly definition
'Packages/com.unity.cinemachine/Editor/Obsolete/CinemachineVirtualCameraBaseEditor.cs' contains partial class of Unity.Object, exactly 1 of the partial classes needs to be in a file with the same filename. This is to know the one that can be referenced from ie. GameObjects
'Packages/com.unity.cinemachine/Editor/Editors/CinemachineVirtualCameraBaseEditor.cs' contains partial class of Unity.Object, exactly 1 of the partial classes needs to be in a file with the same filename. This is to know the one that can be referenced from ie. GameObjects
Refreshing native plugins compatible for Editor in 0.99 ms, found 4 plugins.
Native extension for LinuxStandalone target not found
Native extension for UWP target not found
Native extension for WindowsStandalone target not found
Native extension for WebGL target not found
Assembly reference Packages/com.unity.cinemachine/Editor/Samples/ExposeHDRPInternals/HDRP-Editor-ref.asmref has no target assembly definition
[MODES] ModeService[none].Initialize
[MODES] ModeService[none].LoadModes
[MODES] Loading mode Default (0) for mode-current-id-AirSoftGame
Package Manager log level set to [2]
[Package Manager] Failed to launch server process. Reason: Unity was launched with the -noUpm command-line argument
[Package Manager] Unable to send message (not connected to server process).
[Package Manager] Cannot connect to Unity Package Manager local server
[Package Manager] Failed to launch server process. Reason: Unity was launched with the -noUpm command-line argument
[Package Manager] Unable to send message (not connected to server process).
[Package Manager] Cannot connect to Unity Package Manager local server
Mono: successfully reloaded assembly
- Finished resetting the current domain, in  0.768 seconds
Domain Reload Profiling: 1318ms
	BeginReloadAssembly (117ms)
		ExecutionOrderSort (0ms)
		DisableScriptedObjects (4ms)
		BackupInstance (0ms)
		ReleaseScriptingObjects (0ms)
		CreateAndSetChildDomain (24ms)
	RebuildCommonClasses (25ms)
	RebuildNativeTypeToScriptingClass (8ms)
	initialDomainReloadingComplete (25ms)
	LoadAllAssembliesAndSetupDomain (374ms)
		LoadAssemblies (267ms)
		RebuildTransferFunctionScriptingTraits (0ms)
		AnalyzeDomain (169ms)
			TypeCache.Refresh (118ms)
				TypeCache.ScanAssembly (109ms)
			BuildScriptInfoCaches (39ms)
			ResolveRequiredComponents (8ms)
	FinalizeReload (769ms)
		ReleaseScriptCaches (0ms)
		RebuildScriptCaches (0ms)
		SetupLoadedEditorAssemblies (645ms)
			LogAssemblyErrors (0ms)
			InitializePlatformSupportModulesInManaged (2ms)
			SetLoadedEditorAssemblies (5ms)
			BeforeProcessingInitializeOnLoad (123ms)
			ProcessInitializeOnLoadAttributes (482ms)
			ProcessInitializeOnLoadMethodAttributes (30ms)
			AfterProcessingInitializeOnLoad (3ms)
			EditorAssembliesLoaded (0ms)
		ExecutionOrderSort2 (0ms)
		AwakeInstancesAfterBackupRestoration (3ms)
WARNING: Shader Unsupported: 'Hidden/Builtin_TerrainVisualization' - All subshaders removed
WARNING: Shader Did you use #pragma only_renderers and omit this platform?
WARNING: Shader If subshaders removal was intentional, you may have forgotten turning Fallback off?
WARNING: Shader Unsupported: 'Hidden/Builtin_TerrainVisualization' - All subshaders removed
WARNING: Shader Did you use #pragma only_renderers and omit this platform?
WARNING: Shader If subshaders removal was intentional, you may have forgotten turning Fallback off?
Launched and connected shader compiler UnityShaderCompiler.exe after 0.01 seconds
Refreshing native plugins compatible for Editor in 1.03 ms, found 4 plugins.
Preloading 0 native plugins for Editor in 0.00 ms.
Unloading 29 Unused Serialized files (Serialized files now loaded: 0)
Unloading 7487 unused Assets / (6.8 MB). Loaded Objects now: 8253.
Memory consumption went from 150.8 MB to 144.0 MB.
Total: 6.662000 ms (FindLiveObjects: 0.672400 ms CreateObjectMapping: 0.205300 ms MarkObjects: 3.827800 ms  DeleteObjects: 1.956000 ms)

========================================================================
Received Import Request.
  Time since last request: 19815.246802 seconds.
  path: Assets/models/Materials/M_Cap.mat
  artifactKey: Guid(50e0a9c216073184198f9f4700e689c7) Importer(815301076,1909f56bfc062723c751e8b465ee728b)
Start importing Assets/models/Materials/M_Cap.mat using Guid(50e0a9c216073184198f9f4700e689c7) Importer(815301076,1909f56bfc062723c751e8b465ee728b) (PreviewImporter) -> (artifact id: 'b1fb76a1538f43c53ea41c3de3e7fc00') in 0.3361768 seconds
Number of updated asset objects reloaded before import = 0Number of asset objects unloaded after import = 1

========================================================================
Received Import Request.
  Time since last request: 2.329394 seconds.
  path: Assets/models/Materials/T_Holster_Hard_BaseColor.mat
  artifactKey: Guid(904fb38adc3d1394a98e51166fa129ef) Importer(815301076,1909f56bfc062723c751e8b465ee728b)
Start importing Assets/models/Materials/T_Holster_Hard_BaseColor.mat using Guid(904fb38adc3d1394a98e51166fa129ef) Importer(815301076,1909f56bfc062723c751e8b465ee728b) (PreviewImporter) -> (artifact id: '1b3922f384cdb3c8f6c3d10d786303c7') in 0.0116369 seconds
Number of updated asset objects reloaded before import = 0Number of asset objects unloaded after import = 5

========================================================================
Received Import Request.
  Time since last request: 0.276190 seconds.
  path: Assets/models/Materials/Teeth_Color.mat
  artifactKey: Guid(d1bf56a38caeb7f449a95c5acc9de59d) Importer(815301076,1909f56bfc062723c751e8b465ee728b)
Start importing Assets/models/Materials/Teeth_Color.mat using Guid(d1bf56a38caeb7f449a95c5acc9de59d) Importer(815301076,1909f56bfc062723c751e8b465ee728b) (PreviewImporter) -> (artifact id: '881cec11b6f4f38d52b43d7ecffa7459') in 0.0068504 seconds
Number of updated asset objects reloaded before import = 0Number of asset objects unloaded after import = 5

========================================================================
Received Import Request.
  Time since last request: 330.105550 seconds.
  path: Assets/textures/Shirt_RolledUp/T_Shirt_RolledUp_MetallicSmoothness.png
  artifactKey: Guid(46e3a0c5604058a4d8ed895c5939ac38) Importer(815301076,1909f56bfc062723c751e8b465ee728b)
Start importing Assets/textures/Shirt_RolledUp/T_Shirt_RolledUp_MetallicSmoothness.png using Guid(46e3a0c5604058a4d8ed895c5939ac38) Importer(815301076,1909f56bfc062723c751e8b465ee728b) (PreviewImporter)[Licensing::Client] Successfully resolved entitlement details
 -> (artifact id: 'b7edc684012307f73d38e63e372fddef') in 0.0166671 seconds
Number of updated asset objects reloaded before import = 0Number of asset objects unloaded after import = 2

========================================================================
Received Import Request.
  Time since last request: 0.000035 seconds.
  path: Assets/textures/Body/T_Teeth_Metallic.png
  artifactKey: Guid(663fe073aaa9b4248819415b418d0daf) Importer(815301076,1909f56bfc062723c751e8b465ee728b)
Start importing Assets/textures/Body/T_Teeth_Metallic.png using Guid(663fe073aaa9b4248819415b418d0daf) Importer(815301076,1909f56bfc062723c751e8b465ee728b) (PreviewImporter) -> (artifact id: '9a351951fca5274de78ddee86611b93b') in 0.0051873 seconds
Number of updated asset objects reloaded before import = 0Number of asset objects unloaded after import = 2

========================================================================
Received Import Request.
  Time since last request: 0.000019 seconds.
  path: Assets/textures/Body/T_Teeth_OcclusionRoughnessMetallic.png
  artifactKey: Guid(04198aebeab63e346a1d86151df5b37f) Importer(815301076,1909f56bfc062723c751e8b465ee728b)
Start importing Assets/textures/Body/T_Teeth_OcclusionRoughnessMetallic.png using Guid(04198aebeab63e346a1d86151df5b37f) Importer(815301076,1909f56bfc062723c751e8b465ee728b) (PreviewImporter) -> (artifact id: 'efdda9581a680608419093cedd3631de') in 0.0056781 seconds
Number of updated asset objects reloaded before import = 0Number of asset objects unloaded after import = 2

========================================================================
Received Import Request.
  Time since last request: 0.000025 seconds.
  path: Assets/textures/Shirt_RolledUp/T_Shirt_RolledUp_Normal.png
  artifactKey: Guid(0050f6d0b9c92b94a9d1c188aae09361) Importer(815301076,1909f56bfc062723c751e8b465ee728b)
Start importing Assets/textures/Shirt_RolledUp/T_Shirt_RolledUp_Normal.png using Guid(0050f6d0b9c92b94a9d1c188aae09361) Importer(815301076,1909f56bfc062723c751e8b465ee728b) (PreviewImporter) -> (artifact id: '8376092df54ab652ea1081d38724d072') in 0.006071 seconds
Number of updated asset objects reloaded before import = 0Number of asset objects unloaded after import = 2

========================================================================
Received Import Request.
  Time since last request: 0.000030 seconds.
  path: Assets/textures/Body/T_Teeth_Unity_Normal.png
  artifactKey: Guid(f98c2d826f087f942a10b71a4fc8a336) Importer(815301076,1909f56bfc062723c751e8b465ee728b)
Start importing Assets/textures/Body/T_Teeth_Unity_Normal.png using Guid(f98c2d826f087f942a10b71a4fc8a336) Importer(815301076,1909f56bfc062723c751e8b465ee728b) (PreviewImporter) -> (artifact id: '80266af90a1b618fd30cb28645656619') in 0.0054179 seconds
Number of updated asset objects reloaded before import = 0Number of asset objects unloaded after import = 2

========================================================================
Received Import Request.
  Time since last request: 0.000021 seconds.
  path: Assets/textures/Shirt_RolledUp/T_Shirt_RolledUp_Roughness.png
  artifactKey: Guid(8ef60d5eef14fc7429c58c2f5ef443bc) Importer(815301076,1909f56bfc062723c751e8b465ee728b)
Start importing Assets/textures/Shirt_RolledUp/T_Shirt_RolledUp_Roughness.png using Guid(8ef60d5eef14fc7429c58c2f5ef443bc) Importer(815301076,1909f56bfc062723c751e8b465ee728b) (PreviewImporter) -> (artifact id: '055296f17d59177240a3a8ea82047ef3') in 0.0059405 seconds
Number of updated asset objects reloaded before import = 0Number of asset objects unloaded after import = 2

========================================================================
Received Import Request.
  Time since last request: 0.000021 seconds.
  path: Assets/TextMesh Pro/Examples & Extras/Textures/Text Overflow - Linked Text Image 1.png
  artifactKey: Guid(4ccf43d26c4748c792174516f4a8fcef) Importer(815301076,1909f56bfc062723c751e8b465ee728b)
Start importing Assets/TextMesh Pro/Examples & Extras/Textures/Text Overflow - Linked Text Image 1.png using Guid(4ccf43d26c4748c792174516f4a8fcef) Importer(815301076,1909f56bfc062723c751e8b465ee728b) (PreviewImporter) -> (artifact id: '559669d2b139d1782eb64cc82bffb596') in 0.0059813 seconds
Number of updated asset objects reloaded before import = 0Number of asset objects unloaded after import = 2

========================================================================
Received Import Request.
  Time since last request: 0.000021 seconds.
  path: Assets/TextMesh Pro/Examples & Extras/Textures/Wipe Pattern - Radial Quad.psd
  artifactKey: Guid(2b5e9ae96c5644d8bae932f8b4ca68a2) Importer(815301076,1909f56bfc062723c751e8b465ee728b)
Start importing Assets/TextMesh Pro/Examples & Extras/Textures/Wipe Pattern - Radial Quad.psd using Guid(2b5e9ae96c5644d8bae932f8b4ca68a2) Importer(815301076,1909f56bfc062723c751e8b465ee728b) (PreviewImporter) -> (artifact id: 'c26c25861bab9501cced0bc2b7305627') in 0.0085024 seconds
Number of updated asset objects reloaded before import = 0Number of asset objects unloaded after import = 2

========================================================================
Received Import Request.
  Time since last request: 0.000052 seconds.
  path: Assets/TutorialInfo/Icons/URP.png
  artifactKey: Guid(727a75301c3d24613a3ebcec4a24c2c8) Importer(815301076,1909f56bfc062723c751e8b465ee728b)
Start importing Assets/TutorialInfo/Icons/URP.png using Guid(727a75301c3d24613a3ebcec4a24c2c8) Importer(815301076,1909f56bfc062723c751e8b465ee728b) (PreviewImporter) -> (artifact id: '7a2146c33f79d0dc51214aaff4d4a6ae') in 0.0067614 seconds
Number of updated asset objects reloaded before import = 0Number of asset objects unloaded after import = 2

========================================================================
Received Import Request.
  Time since last request: 0.000019 seconds.
  path: Assets/TextMesh Pro/Examples & Extras/Resources/Fonts & Materials/Unity SDF.asset
  artifactKey: Guid(c9adb1f542a93ae489bacfeae21e8394) Importer(815301076,1909f56bfc062723c751e8b465ee728b)
Start importing Assets/TextMesh Pro/Examples & Extras/Resources/Fonts & Materials/Unity SDF.asset using Guid(c9adb1f542a93ae489bacfeae21e8394) Importer(815301076,1909f56bfc062723c751e8b465ee728b) (PreviewImporter) -> (artifact id: '74e36427cdd2b64c7f209061a71b0531') in 0.0190411 seconds
Number of updated asset objects reloaded before import = 0Number of asset objects unloaded after import = 5

========================================================================
Received Import Request.
  Time since last request: 0.669571 seconds.
  path: Assets/textures/Body/T_Sclera_Normal.png
  artifactKey: Guid(0d6e8cdf017191a47aa2f7be8f206c95) Importer(815301076,1909f56bfc062723c751e8b465ee728b)
Start importing Assets/textures/Body/T_Sclera_Normal.png using Guid(0d6e8cdf017191a47aa2f7be8f206c95) Importer(815301076,1909f56bfc062723c751e8b465ee728b) (PreviewImporter) -> (artifact id: '640b8d013a180305091bc6fdec913394') in 0.0057629 seconds
Number of updated asset objects reloaded before import = 0Number of asset objects unloaded after import = 2

========================================================================
Received Import Request.
  Time since last request: 0.000021 seconds.
  path: Assets/textures/Shirt_RolledUp/T_Shirt_RolledUp_Blue_BaseColor.png
  artifactKey: Guid(89884a3f7b12a6c49be99d436fcc6be1) Importer(815301076,1909f56bfc062723c751e8b465ee728b)
Start importing Assets/textures/Shirt_RolledUp/T_Shirt_RolledUp_Blue_BaseColor.png using Guid(89884a3f7b12a6c49be99d436fcc6be1) Importer(815301076,1909f56bfc062723c751e8b465ee728b) (PreviewImporter) -> (artifact id: 'a263d29fe4c740ccf51d4958cd6a52fe') in 0.0051226 seconds
Number of updated asset objects reloaded before import = 0Number of asset objects unloaded after import = 2

========================================================================
Received Import Request.
  Time since last request: 0.000019 seconds.
  path: Assets/textures/Arms/T_Quantum_Basemesh_Arms_Normal.1003.png
  artifactKey: Guid(ddd43e2d124932a47be68ac1f334a5bb) Importer(815301076,1909f56bfc062723c751e8b465ee728b)
Start importing Assets/textures/Arms/T_Quantum_Basemesh_Arms_Normal.1003.png using Guid(ddd43e2d124932a47be68ac1f334a5bb) Importer(815301076,1909f56bfc062723c751e8b465ee728b) (PreviewImporter) -> (artifact id: 'c03a1edb6d7f0f1c5ba6e95542e9c37e') in 0.0058828 seconds
Number of updated asset objects reloaded before import = 0Number of asset objects unloaded after import = 2

========================================================================
Received Import Request.
  Time since last request: 0.000017 seconds.
  path: Assets/textures/Body/T_Sclera_Unity_Normal.png
  artifactKey: Guid(b782202a315bfb941a01f60fd6fee6a5) Importer(815301076,1909f56bfc062723c751e8b465ee728b)
Start importing Assets/textures/Body/T_Sclera_Unity_Normal.png using Guid(b782202a315bfb941a01f60fd6fee6a5) Importer(815301076,1909f56bfc062723c751e8b465ee728b) (PreviewImporter) -> (artifact id: '907d637019f7fd12544b31a42ef0a690') in 0.0045767 seconds
Number of updated asset objects reloaded before import = 0Number of asset objects unloaded after import = 2

========================================================================
Received Import Request.
  Time since last request: 0.000024 seconds.
  path: Assets/textures/Body/T_Sclera_BaseColor.png
  artifactKey: Guid(2ea5f8b8f647a7d42895d0638ce9da9e) Importer(815301076,1909f56bfc062723c751e8b465ee728b)
Start importing Assets/textures/Body/T_Sclera_BaseColor.png using Guid(2ea5f8b8f647a7d42895d0638ce9da9e) Importer(815301076,1909f56bfc062723c751e8b465ee728b) (PreviewImporter) -> (artifact id: 'aa4494d4e7519514ca6654cc6d408d37') in 0.0074012 seconds
Number of updated asset objects reloaded before import = 0Number of asset objects unloaded after import = 2

========================================================================
Received Import Request.
  Time since last request: 1.413176 seconds.
  path: Assets/textures/Patch/T_Patches_Normal.png
  artifactKey: Guid(90e01085c50b31c43949874a89442cec) Importer(815301076,1909f56bfc062723c751e8b465ee728b)
Start importing Assets/textures/Patch/T_Patches_Normal.png using Guid(90e01085c50b31c43949874a89442cec) Importer(815301076,1909f56bfc062723c751e8b465ee728b) (PreviewImporter) -> (artifact id: '3fb3a0f83c70756c6c11fcfa3e36fe9c') in 0.0054101 seconds
Number of updated asset objects reloaded before import = 0Number of asset objects unloaded after import = 2

========================================================================
Received Import Request.
  Time since last request: 0.000025 seconds.
  path: Assets/textures/Patch/T_Patches_Roughness.png
  artifactKey: Guid(00959477cce65704d8cbffc60ea1032b) Importer(815301076,1909f56bfc062723c751e8b465ee728b)
Start importing Assets/textures/Patch/T_Patches_Roughness.png using Guid(00959477cce65704d8cbffc60ea1032b) Importer(815301076,1909f56bfc062723c751e8b465ee728b) (PreviewImporter) -> (artifact id: 'c40379eb7f43d75cb0f9a20faba5cb42') in 0.0060059 seconds
Number of updated asset objects reloaded before import = 0Number of asset objects unloaded after import = 2

========================================================================
Received Import Request.
  Time since last request: 0.000029 seconds.
  path: Assets/textures/Jeans/T_Jeans_Roughness.png
  artifactKey: Guid(c1f5fd3d1c4b8e449bd709a8685af2d9) Importer(815301076,1909f56bfc062723c751e8b465ee728b)
Start importing Assets/textures/Jeans/T_Jeans_Roughness.png using Guid(c1f5fd3d1c4b8e449bd709a8685af2d9) Importer(815301076,1909f56bfc062723c751e8b465ee728b) (PreviewImporter) -> (artifact id: '03a69d633548a388cf1337f7f7ca063e') in 0.0051916 seconds
Number of updated asset objects reloaded before import = 0Number of asset objects unloaded after import = 2

========================================================================
Received Import Request.
  Time since last request: 0.000019 seconds.
  path: Assets/textures/Bulletproof/T_Bulletproof_Light_Unity_Normal.png
  artifactKey: Guid(a1ddb6f8b86188141b4dd024efe9b596) Importer(815301076,1909f56bfc062723c751e8b465ee728b)
Start importing Assets/textures/Bulletproof/T_Bulletproof_Light_Unity_Normal.png using Guid(a1ddb6f8b86188141b4dd024efe9b596) Importer(815301076,1909f56bfc062723c751e8b465ee728b) (PreviewImporter) -> (artifact id: '3d839b16b474c38d845dac746a1eb904') in 0.0053656 seconds
Number of updated asset objects reloaded before import = 0Number of asset objects unloaded after import = 2

========================================================================
Received Import Request.
  Time since last request: 0.000026 seconds.
  path: Assets/textures/Body/T_Head_Normal.png
  artifactKey: Guid(52c6aefb500efd2499a7cf25a1e8e81a) Importer(815301076,1909f56bfc062723c751e8b465ee728b)
Start importing Assets/textures/Body/T_Head_Normal.png using Guid(52c6aefb500efd2499a7cf25a1e8e81a) Importer(815301076,1909f56bfc062723c751e8b465ee728b) (PreviewImporter) -> (artifact id: 'a9fd2fa72f03b157e4dee1c6b86682bd') in 0.0054429 seconds
Number of updated asset objects reloaded before import = 0Number of asset objects unloaded after import = 2

========================================================================
Received Import Request.
  Time since last request: 0.000020 seconds.
  path: Assets/textures/Body/T_Eyelashesh_Unity_Normal.png
  artifactKey: Guid(9bbed445b760e3d46abccc84b84fa767) Importer(815301076,1909f56bfc062723c751e8b465ee728b)
Start importing Assets/textures/Body/T_Eyelashesh_Unity_Normal.png using Guid(9bbed445b760e3d46abccc84b84fa767) Importer(815301076,1909f56bfc062723c751e8b465ee728b) (PreviewImporter) -> (artifact id: 'ac33734ce5704c023a9ebd79fd107df8') in 0.0054365 seconds
Number of updated asset objects reloaded before import = 0Number of asset objects unloaded after import = 2

========================================================================
Received Import Request.
  Time since last request: 0.000020 seconds.
  path: Assets/textures/Cap/T_Cap_Normal.png
  artifactKey: Guid(98dacac795ae77944b56d09839639f2b) Importer(815301076,1909f56bfc062723c751e8b465ee728b)
Start importing Assets/textures/Cap/T_Cap_Normal.png using Guid(98dacac795ae77944b56d09839639f2b) Importer(815301076,1909f56bfc062723c751e8b465ee728b) (PreviewImporter) -> (artifact id: 'f9019170f03b23842b2f0a362347c0b4') in 0.0124007 seconds
Number of updated asset objects reloaded before import = 0Number of asset objects unloaded after import = 2

========================================================================
Received Import Request.
  Time since last request: 0.000020 seconds.
  path: Assets/TextMesh Pro/Examples & Extras/Textures/Floor Tiles 1 - diffuse.jpg
  artifactKey: Guid(85ac55597b97403c82fc6601a93cf241) Importer(815301076,1909f56bfc062723c751e8b465ee728b)
Start importing Assets/TextMesh Pro/Examples & Extras/Textures/Floor Tiles 1 - diffuse.jpg using Guid(85ac55597b97403c82fc6601a93cf241) Importer(815301076,1909f56bfc062723c751e8b465ee728b) (PreviewImporter) -> (artifact id: 'f490d8fad6fb8f623fc318d2927fe590') in 0.0054425 seconds
Number of updated asset objects reloaded before import = 0Number of asset objects unloaded after import = 2

========================================================================
Received Import Request.
  Time since last request: 0.000021 seconds.
  path: Assets/textures/Holdster_Hard/M_Holster_Hard_Roughness.png
  artifactKey: Guid(75d9b325a7b02fb41888e26f6dfdcb15) Importer(815301076,1909f56bfc062723c751e8b465ee728b)
Start importing Assets/textures/Holdster_Hard/M_Holster_Hard_Roughness.png using Guid(75d9b325a7b02fb41888e26f6dfdcb15) Importer(815301076,1909f56bfc062723c751e8b465ee728b) (PreviewImporter) -> (artifact id: '184a6a3341dec1bb81cd7d4b5b7d18df') in 0.0050233 seconds
Number of updated asset objects reloaded before import = 0Number of asset objects unloaded after import = 2

========================================================================
Received Import Request.
  Time since last request: 0.000028 seconds.
  path: Assets/textures/Body/T_Body_OcclusionRoughnessMetallic.png
  artifactKey: Guid(74c048253c2864044bb27ad2beaaef17) Importer(815301076,1909f56bfc062723c751e8b465ee728b)
Start importing Assets/textures/Body/T_Body_OcclusionRoughnessMetallic.png using Guid(74c048253c2864044bb27ad2beaaef17) Importer(815301076,1909f56bfc062723c751e8b465ee728b) (PreviewImporter) -> (artifact id: '77eb4345b6595909e6e3e27085f8be6c') in 0.005237 seconds
Number of updated asset objects reloaded before import = 0Number of asset objects unloaded after import = 2

========================================================================
Received Import Request.
  Time since last request: 0.000027 seconds.
  path: Assets/textures/Patch/T_Patches_Metallic.png
  artifactKey: Guid(394c8338b557b9e43a130f1b513174f6) Importer(815301076,1909f56bfc062723c751e8b465ee728b)
Start importing Assets/textures/Patch/T_Patches_Metallic.png using Guid(394c8338b557b9e43a130f1b513174f6) Importer(815301076,1909f56bfc062723c751e8b465ee728b) (PreviewImporter) -> (artifact id: '992ea932368952162dd13413e185c334') in 0.0048078 seconds
Number of updated asset objects reloaded before import = 0Number of asset objects unloaded after import = 2

========================================================================
Received Import Request.
  Time since last request: 0.000022 seconds.
  path: Assets/TextMesh Pro/Examples & Extras/Textures/Gradient Diagonal (Color).jpg
  artifactKey: Guid(2ce5c55e85304b819a1826ecbc839aa5) Importer(815301076,1909f56bfc062723c751e8b465ee728b)
Start importing Assets/TextMesh Pro/Examples & Extras/Textures/Gradient Diagonal (Color).jpg using Guid(2ce5c55e85304b819a1826ecbc839aa5) Importer(815301076,1909f56bfc062723c751e8b465ee728b) (PreviewImporter) -> (artifact id: '16cba62d141ebebe4108f8edd0111b09') in 0.0050716 seconds
Number of updated asset objects reloaded before import = 0Number of asset objects unloaded after import = 2

========================================================================
Received Import Request.
  Time since last request: 0.000020 seconds.
  path: Assets/textures/Cap/T_Cap_OcclusionRoughnessMetallic.png
  artifactKey: Guid(42cf4eec8fd06ff4e977e5e96b71ace8) Importer(815301076,1909f56bfc062723c751e8b465ee728b)
Start importing Assets/textures/Cap/T_Cap_OcclusionRoughnessMetallic.png using Guid(42cf4eec8fd06ff4e977e5e96b71ace8) Importer(815301076,1909f56bfc062723c751e8b465ee728b) (PreviewImporter) -> (artifact id: 'e2d4d23510adf91fd44e85a3e9a43fa6') in 0.0055312 seconds
Number of updated asset objects reloaded before import = 0Number of asset objects unloaded after import = 2

========================================================================
Received Import Request.
  Time since last request: 0.000019 seconds.
  path: Assets/textures/Body/T_Body_Unity_Normal.png
  artifactKey: Guid(afedfe6416e6c3b4db1427a0b7b7dcd3) Importer(815301076,1909f56bfc062723c751e8b465ee728b)
Start importing Assets/textures/Body/T_Body_Unity_Normal.png using Guid(afedfe6416e6c3b4db1427a0b7b7dcd3) Importer(815301076,1909f56bfc062723c751e8b465ee728b) (PreviewImporter) -> (artifact id: '1d2aa22cdf5244504362617b53b7b9c2') in 0.0058453 seconds
Number of updated asset objects reloaded before import = 0Number of asset objects unloaded after import = 2

========================================================================
Received Import Request.
  Time since last request: 0.000019 seconds.
  path: Assets/textures/Body/T_Body_Roughness.png
  artifactKey: Guid(0fc2adbba2bce6a449735a2bcb66cd39) Importer(815301076,1909f56bfc062723c751e8b465ee728b)
Start importing Assets/textures/Body/T_Body_Roughness.png using Guid(0fc2adbba2bce6a449735a2bcb66cd39) Importer(815301076,1909f56bfc062723c751e8b465ee728b) (PreviewImporter) -> (artifact id: 'fa72ea16b765be93d1875cfc6ecc24d8') in 0.0053022 seconds
Number of updated asset objects reloaded before import = 0Number of asset objects unloaded after import = 2

========================================================================
Received Import Request.
  Time since last request: 0.000020 seconds.
  path: Assets/textures/Jeans/T_Jeans_MetallicSmoothness.png
  artifactKey: Guid(866dbbd1ce356e04097671d1a06d8b75) Importer(815301076,1909f56bfc062723c751e8b465ee728b)
Start importing Assets/textures/Jeans/T_Jeans_MetallicSmoothness.png using Guid(866dbbd1ce356e04097671d1a06d8b75) Importer(815301076,1909f56bfc062723c751e8b465ee728b) (PreviewImporter) -> (artifact id: 'a78f44ec872ff6d704c303526fbedf09') in 0.0065279 seconds
Number of updated asset objects reloaded before import = 0Number of asset objects unloaded after import = 2

========================================================================
Received Import Request.
  Time since last request: 0.000030 seconds.
  path: Assets/TextMesh Pro/Examples & Extras/Textures/Floor Cement.jpg
  artifactKey: Guid(283f897e4925411ebbaa758b4cb13fc2) Importer(815301076,1909f56bfc062723c751e8b465ee728b)
Start importing Assets/TextMesh Pro/Examples & Extras/Textures/Floor Cement.jpg using Guid(283f897e4925411ebbaa758b4cb13fc2) Importer(815301076,1909f56bfc062723c751e8b465ee728b) (PreviewImporter) -> (artifact id: '40a6d3f2e8aed52e76e4e15f89aa97cf') in 0.0064265 seconds
Number of updated asset objects reloaded before import = 0Number of asset objects unloaded after import = 2

========================================================================
Received Import Request.
  Time since last request: 0.000020 seconds.
  path: Assets/textures/Holdster_Hard/M_Holster_Hard_MetallicSmoothness.png
  artifactKey: Guid(8eeaf7b86e696c9498877a0eb77768e5) Importer(815301076,1909f56bfc062723c751e8b465ee728b)
Start importing Assets/textures/Holdster_Hard/M_Holster_Hard_MetallicSmoothness.png using Guid(8eeaf7b86e696c9498877a0eb77768e5) Importer(815301076,1909f56bfc062723c751e8b465ee728b) (PreviewImporter) -> (artifact id: '7e55816c170519770924bffac41d8bcf') in 0.0071043 seconds
Number of updated asset objects reloaded before import = 0Number of asset objects unloaded after import = 2

========================================================================
Received Import Request.
  Time since last request: 0.000022 seconds.
  path: Assets/TextMesh Pro/Examples & Extras/Textures/Brushed Metal 3.jpg
  artifactKey: Guid(f88677df267a41d6be1e7a6133e7d227) Importer(815301076,1909f56bfc062723c751e8b465ee728b)
Start importing Assets/TextMesh Pro/Examples & Extras/Textures/Brushed Metal 3.jpg using Guid(f88677df267a41d6be1e7a6133e7d227) Importer(815301076,1909f56bfc062723c751e8b465ee728b) (PreviewImporter) -> (artifact id: 'e803822b3fcd98ca9a04d3b486e360f2') in 0.005836 seconds
Number of updated asset objects reloaded before import = 0Number of asset objects unloaded after import = 2

========================================================================
Received Import Request.
  Time since last request: 0.000026 seconds.
  path: Assets/textures/Bulletproof/T_Bulletproof_Light_Roughness.png
  artifactKey: Guid(094c4775e74bb5446874cccfc274f626) Importer(815301076,1909f56bfc062723c751e8b465ee728b)
Start importing Assets/textures/Bulletproof/T_Bulletproof_Light_Roughness.png using Guid(094c4775e74bb5446874cccfc274f626) Importer(815301076,1909f56bfc062723c751e8b465ee728b) (PreviewImporter) -> (artifact id: '08e2805dde5ec1a731e2a2f2a0267e46') in 0.0085976 seconds
Number of updated asset objects reloaded before import = 0Number of asset objects unloaded after import = 2

========================================================================
Received Import Request.
  Time since last request: 0.000029 seconds.
  path: Assets/textures/Holdster_Hard/M_Holster_Hard_Metallic.png
  artifactKey: Guid(b167baea02b031940bd37c15b8e3a598) Importer(815301076,1909f56bfc062723c751e8b465ee728b)
Start importing Assets/textures/Holdster_Hard/M_Holster_Hard_Metallic.png using Guid(b167baea02b031940bd37c15b8e3a598) Importer(815301076,1909f56bfc062723c751e8b465ee728b) (PreviewImporter) -> (artifact id: '8c8496f4956b32b0633ec771c28025ae') in 0.0061695 seconds
Number of updated asset objects reloaded before import = 0Number of asset objects unloaded after import = 2

========================================================================
Received Import Request.
  Time since last request: 0.000029 seconds.
  path: Assets/textures/Body/T_Head_OcclusionRoughnessMetallic.png
  artifactKey: Guid(dbf4b93418be1ae4b95ddf83c7b1ab85) Importer(815301076,1909f56bfc062723c751e8b465ee728b)
Start importing Assets/textures/Body/T_Head_OcclusionRoughnessMetallic.png using Guid(dbf4b93418be1ae4b95ddf83c7b1ab85) Importer(815301076,1909f56bfc062723c751e8b465ee728b) (PreviewImporter) -> (artifact id: 'acede4cdf96aab51341b9809be4db2e1') in 0.0055059 seconds
Number of updated asset objects reloaded before import = 0Number of asset objects unloaded after import = 2

========================================================================
Received Import Request.
  Time since last request: 0.000019 seconds.
  path: Assets/textures/Patch/T_Patches_Unity_Normal.png
  artifactKey: Guid(08bcd75ef6fced547a3e279f89a95464) Importer(815301076,1909f56bfc062723c751e8b465ee728b)
Start importing Assets/textures/Patch/T_Patches_Unity_Normal.png using Guid(08bcd75ef6fced547a3e279f89a95464) Importer(815301076,1909f56bfc062723c751e8b465ee728b) (PreviewImporter) -> (artifact id: 'f83cccbf6a3cee1f179ada70ca0ed904') in 0.008302 seconds
Number of updated asset objects reloaded before import = 0Number of asset objects unloaded after import = 2

========================================================================
Received Import Request.
  Time since last request: 0.000021 seconds.
  path: Assets/textures/Drops/T_Drops_Tactical_Metallic.png
  artifactKey: Guid(f980b5ba2fdc2424da721f063ca12d19) Importer(815301076,1909f56bfc062723c751e8b465ee728b)
Start importing Assets/textures/Drops/T_Drops_Tactical_Metallic.png using Guid(f980b5ba2fdc2424da721f063ca12d19) Importer(815301076,1909f56bfc062723c751e8b465ee728b) (PreviewImporter) -> (artifact id: 'de6d2beeea90af890ab00ec2414da4eb') in 0.0052883 seconds
Number of updated asset objects reloaded before import = 0Number of asset objects unloaded after import = 2

========================================================================
Received Import Request.
  Time since last request: 0.000018 seconds.
  path: Assets/TextMesh Pro/Examples & Extras/Sprites/DropCap Numbers.psd
  artifactKey: Guid(fd09957580ac4326916010f1f260975b) Importer(815301076,1909f56bfc062723c751e8b465ee728b)
Start importing Assets/TextMesh Pro/Examples & Extras/Sprites/DropCap Numbers.psd using Guid(fd09957580ac4326916010f1f260975b) Importer(815301076,1909f56bfc062723c751e8b465ee728b) (PreviewImporter) -> (artifact id: '58790ca9527962ba62bb117540c9c935') in 0.005211 seconds
Number of updated asset objects reloaded before import = 0Number of asset objects unloaded after import = 2

========================================================================
Received Import Request.
  Time since last request: 0.000021 seconds.
  path: Assets/textures/Patch/T_Patches_BaseColor.jpg
  artifactKey: Guid(08081ed4591dd0a45a02c34a1aa2ea54) Importer(815301076,1909f56bfc062723c751e8b465ee728b)
Start importing Assets/textures/Patch/T_Patches_BaseColor.jpg using Guid(08081ed4591dd0a45a02c34a1aa2ea54) Importer(815301076,1909f56bfc062723c751e8b465ee728b) (PreviewImporter) -> (artifact id: 'daa6dff900f63a43b1fcd8e3d2bf7dff') in 0.0060674 seconds
Number of updated asset objects reloaded before import = 0Number of asset objects unloaded after import = 2

Editor requested this worker to shutdown with reason: Scaling down because of idle timeout
AssetImportWorker is now disconnected from the server
Process exiting
Exiting without the bug reporter. Application will terminate with return code 0