[Licensing::Module] Trying to connect to existing licensing client channel...
[Licensing::IpcConnector] Successfully connected to: "LicenseClient-paulorh" at "2025-10-10T05:32:10.4159219Z"
Built from '6000.2/respin/6000.2.7f1-2eb0c79396db' branch; Version is '6000.2.7f2 (2b518236b676) revision 2838914'; Using compiler version '194234433'; Build Type 'Release'
OS: 'Windows 11  (10.0.26100) 64bit Professional' Language: 'pt' Physical Memory: 31879 MB
BatchMode: 1, IsHumanControllingUs: 0, StartBugReporterOnCrash: 0, Is64bit: 1
Date: 2025-10-10T05:32:10Z

COMMAND LINE ARGUMENTS:
C:\Program Files\Unity\Hub\Editor\6000.2.7f2\Editor\Unity.exe
-adb2
-batchMode
-noUpm
-name
AssetImportWorker79
-projectPath
C:/unity/projects/AirSoftGame
-logFile
Logs/AssetImportWorker79.log
-srvPort
54381
-job-worker-count
11
-background-job-worker-count
8
-gc-helper-count
1
-name
AssetImport
Successfully changed project path to: C:/unity/projects/AirSoftGame
C:/unity/projects/AirSoftGame
[UnityMemory] Configuration Parameters - Can be set up in boot.config
    "memorysetup-allocator-temp-initial-block-size-main=262144"
    "memorysetup-allocator-temp-initial-block-size-worker=262144"
    "memorysetup-bucket-allocator-granularity=16"
    "memorysetup-bucket-allocator-bucket-count=8"
    "memorysetup-bucket-allocator-block-size=33554432"
    "memorysetup-bucket-allocator-block-count=8"
    "memorysetup-main-allocator-block-size=16777216"
    "memorysetup-thread-allocator-block-size=16777216"
    "memorysetup-gfx-main-allocator-block-size=16777216"
    "memorysetup-gfx-thread-allocator-block-size=16777216"
    "memorysetup-cache-allocator-block-size=4194304"
    "memorysetup-typetree-allocator-block-size=2097152"
    "memorysetup-profiler-bucket-allocator-granularity=16"
    "memorysetup-profiler-bucket-allocator-bucket-count=8"
    "memorysetup-profiler-bucket-allocator-block-size=33554432"
    "memorysetup-profiler-bucket-allocator-block-count=8"
    "memorysetup-profiler-allocator-block-size=16777216"
    "memorysetup-profiler-editor-allocator-block-size=1048576"
    "memorysetup-temp-allocator-size-main=16777216"
    "memorysetup-job-temp-allocator-block-size=2097152"
    "memorysetup-job-temp-allocator-block-size-background=1048576"
    "memorysetup-job-temp-allocator-reduction-small-platforms=262144"
    "memorysetup-temp-allocator-size-background-worker=32768"
    "memorysetup-temp-allocator-size-job-worker=262144"
    "memorysetup-temp-allocator-size-preload-manager=33554432"
    "memorysetup-temp-allocator-size-nav-mesh-worker=65536"
    "memorysetup-temp-allocator-size-audio-worker=65536"
    "memorysetup-temp-allocator-size-cloud-worker=32768"
    "memorysetup-temp-allocator-size-gi-baking-worker=262144"
    "memorysetup-temp-allocator-size-gi-baking-worker=262144"
    "memorysetup-temp-allocator-size-gi-baking-worker=262144"
    "memorysetup-temp-allocator-size-gi-baking-worker=262144"
    "memorysetup-temp-allocator-size-gi-baking-worker=262144"
    "memorysetup-temp-allocator-size-gfx=262144"
Player connection [36772]  Target information:

Player connection [36772]  * "[IP] 192.168.0.4 [Port] 0 [Flags] 2 [Guid] 1698873079 [EditorId] 1698873079 [Version] 1048832 [Id] WindowsEditor(7,paulo-pc) [Debug] 1 [PackageName] WindowsEditor [ProjectName] Editor" 

Player connection [36772]  * "[IP] 172.20.0.1 [Port] 0 [Flags] 2 [Guid] 1698873079 [EditorId] 1698873079 [Version] 1048832 [Id] WindowsEditor(7,paulo-pc) [Debug] 1 [PackageName] WindowsEditor [ProjectName] Editor" 

Player connection [36772] Host joined multi-casting on [225.0.0.222:54997]...
Player connection [36772] Host joined alternative multi-casting on [225.0.0.222:34997]...
JobSystem: Creating JobQueue using job-worker-count value 11
Input System module state changed to: Initialized.
[Physics::Module] Initialized fallback backend.
[Physics::Module] Id: 0xdecafbad
[Licensing::Client] Code 10 while verifying Licensing Client signature (process Id: 28916, path: "C:/Program Files/Unity Hub/UnityLicensingClient_V1/Unity.Licensing.Client.exe")
[Licensing::Module] LicensingClient has failed validation; ignoring
[Licensing::Client] Handshaking with LicensingClient:
  Version:                 1.17.3+a4e98f1
  Session Id:              1d8112074a7d494682689a0651c51a46
  Correlation Id:          0982295f0b1aa75365c508c1cf125ab9
  External correlation Id: 9034770756570165447
  Machine Id:              6sp8raTFMxvUwLzOQlZIojDac2U=
[Licensing::Module] Successfully connected to LicensingClient on channel: "LicenseClient-paulorh" (connect: 0.00s, validation: 0.00s, handshake: 0.05s)
[Licensing::IpcConnector] Successfully connected to: "LicenseClient-paulorh-notifications" at "2025-10-10T05:32:10.4685956Z"
[Licensing::Module] Licensing Background thread has ended after 0.05s
Library Redirect Path: Library/
[Physics::Module] Selected backend.
[Physics::Module] Name: PhysX
[Physics::Module] Id: 0xf2b8ea05
[Physics::Module] SDK Version: 4.1.2
[Physics::Module] Integration Version: 1.0.0
[Physics::Module] Threading Mode: Multi-Threaded
Refreshing native plugins compatible for Editor in 6.30 ms, found 4 plugins.
Preloading 0 native plugins for Editor in 0.00 ms.
Initialize engine version: 6000.2.7f2 (2b518236b676)
[Subsystems] Discovering subsystems at path C:/Program Files/Unity/Hub/Editor/6000.2.7f2/Editor/Data/Resources/UnitySubsystems
[Subsystems] Discovering subsystems at path C:/unity/projects/AirSoftGame/Assets
GfxDevice: creating device client; kGfxThreadingModeNonThreaded
Direct3D:
    Version:  Direct3D 11.0 [level 11.1]
    Renderer: NVIDIA GeForce RTX 5060 Ti (ID=0x2d04)
    Vendor:   NVIDIA
    VRAM:     15962 MB
    Driver:   32.0.15.8129
Initialize mono
Mono path[0] = 'C:/Program Files/Unity/Hub/Editor/6000.2.7f2/Editor/Data/Managed'
Mono path[1] = 'C:/Program Files/Unity/Hub/Editor/6000.2.7f2/Editor/Data/MonoBleedingEdge/lib/mono/unityjit-win32'
Mono config path = 'C:/Program Files/Unity/Hub/Editor/6000.2.7f2/Editor/Data/MonoBleedingEdge/etc'
Using monoOptions --debugger-agent=transport=dt_socket,embedding=1,server=y,suspend=n,address=127.0.0.1:56192
Begin MonoManager ReloadAssembly
Registering precompiled unity dll's ...
Register platform support module: C:/Program Files/Unity/Hub/Editor/6000.2.7f2/Editor/Data/PlaybackEngines/WebGLSupport/UnityEditor.WebGL.Extensions.dll
Register platform support module: C:/Program Files/Unity/Hub/Editor/6000.2.7f2/Editor/Data/PlaybackEngines/WindowsStandaloneSupport/UnityEditor.WindowsStandalone.Extensions.dll
[Licensing::Client] Successfully resolved entitlement details
[Licensing::Module] License group:
  Id: 4673188508070-UnityPersXXXX
  Product: Unity Personal
  Type: Assigned
  Expiration: Unlimited
Register platform support module: C:/Program Files/Unity/Hub/Editor/6000.2.7f2/Editor/Data/PlaybackEngines/MetroSupport/UnityEditor.UWP.Extensions.dll
Register platform support module: C:/Program Files/Unity/Hub/Editor/6000.2.7f2/Editor/Data/PlaybackEngines/LinuxStandaloneSupport/UnityEditor.LinuxStandalone.Extensions.dll
Registered in 0.005255 seconds.
- Loaded All Assemblies, in  0.539 seconds
Native extension for LinuxStandalone target not found
Native extension for UWP target not found
Native extension for WindowsStandalone target not found
Native extension for WebGL target not found
Mono: successfully reloaded assembly
- Finished resetting the current domain, in  0.501 seconds
Domain Reload Profiling: 1035ms
	BeginReloadAssembly (192ms)
		ExecutionOrderSort (0ms)
		DisableScriptedObjects (0ms)
		BackupInstance (0ms)
		ReleaseScriptingObjects (0ms)
		CreateAndSetChildDomain (1ms)
	RebuildCommonClasses (41ms)
	RebuildNativeTypeToScriptingClass (17ms)
	initialDomainReloadingComplete (84ms)
	LoadAllAssembliesAndSetupDomain (200ms)
		LoadAssemblies (189ms)
		RebuildTransferFunctionScriptingTraits (0ms)
		AnalyzeDomain (196ms)
			TypeCache.Refresh (194ms)
				TypeCache.ScanAssembly (180ms)
			BuildScriptInfoCaches (0ms)
			ResolveRequiredComponents (0ms)
	FinalizeReload (501ms)
		ReleaseScriptCaches (0ms)
		RebuildScriptCaches (0ms)
		SetupLoadedEditorAssemblies (439ms)
			LogAssemblyErrors (0ms)
			InitializePlatformSupportModulesInManaged (76ms)
			SetLoadedEditorAssemblies (7ms)
			BeforeProcessingInitializeOnLoad (104ms)
			ProcessInitializeOnLoadAttributes (199ms)
			ProcessInitializeOnLoadMethodAttributes (53ms)
			AfterProcessingInitializeOnLoad (0ms)
			EditorAssembliesLoaded (0ms)
		ExecutionOrderSort2 (0ms)
		AwakeInstancesAfterBackupRestoration (0ms)
Assembly reference Packages/com.unity.cinemachine/Editor/Samples/ExposeHDRPInternals/HDRP-Editor-ref.asmref has no target assembly definition
========================================================================
Worker process is ready to serve import requests
Import Worker Mode flag is 0x00
Assembly reference Packages/com.unity.cinemachine/Editor/Samples/ExposeHDRPInternals/HDRP-Editor-ref.asmref has no target assembly definition
Assembly reference Packages/com.unity.cinemachine/Editor/Samples/ExposeHDRPInternals/HDRP-Editor-ref.asmref has no target assembly definition
Begin MonoManager ReloadAssembly
[Licensing::Client] Successfully resolved entitlement details
- Loaded All Assemblies, in  1.456 seconds
Assembly reference Packages/com.unity.cinemachine/Editor/Samples/ExposeHDRPInternals/HDRP-Editor-ref.asmref has no target assembly definition
'Packages/com.unity.cinemachine/Editor/Obsolete/CinemachineVirtualCameraBaseEditor.cs' contains partial class of Unity.Object, exactly 1 of the partial classes needs to be in a file with the same filename. This is to know the one that can be referenced from ie. GameObjects
'Packages/com.unity.cinemachine/Editor/Editors/CinemachineVirtualCameraBaseEditor.cs' contains partial class of Unity.Object, exactly 1 of the partial classes needs to be in a file with the same filename. This is to know the one that can be referenced from ie. GameObjects
Refreshing native plugins compatible for Editor in 2.04 ms, found 4 plugins.
Native extension for LinuxStandalone target not found
Native extension for UWP target not found
Native extension for WindowsStandalone target not found
Native extension for WebGL target not found
Assembly reference Packages/com.unity.cinemachine/Editor/Samples/ExposeHDRPInternals/HDRP-Editor-ref.asmref has no target assembly definition
[MODES] ModeService[none].Initialize
[MODES] ModeService[none].LoadModes
[MODES] Loading mode Default (0) for mode-current-id-AirSoftGame
Package Manager log level set to [2]
[Package Manager] Failed to launch server process. Reason: Unity was launched with the -noUpm command-line argument
[Package Manager] Unable to send message (not connected to server process).
[Package Manager] Cannot connect to Unity Package Manager local server
[Package Manager] Failed to launch server process. Reason: Unity was launched with the -noUpm command-line argument
[Package Manager] Unable to send message (not connected to server process).
[Package Manager] Cannot connect to Unity Package Manager local server
Mono: successfully reloaded assembly
- Finished resetting the current domain, in  1.263 seconds
Domain Reload Profiling: 2709ms
	BeginReloadAssembly (230ms)
		ExecutionOrderSort (0ms)
		DisableScriptedObjects (7ms)
		BackupInstance (0ms)
		ReleaseScriptingObjects (0ms)
		CreateAndSetChildDomain (52ms)
	RebuildCommonClasses (47ms)
	RebuildNativeTypeToScriptingClass (13ms)
	initialDomainReloadingComplete (57ms)
	LoadAllAssembliesAndSetupDomain (1098ms)
		LoadAssemblies (853ms)
		RebuildTransferFunctionScriptingTraits (0ms)
		AnalyzeDomain (361ms)
			TypeCache.Refresh (265ms)
				TypeCache.ScanAssembly (250ms)
			BuildScriptInfoCaches (78ms)
			ResolveRequiredComponents (12ms)
	FinalizeReload (1264ms)
		ReleaseScriptCaches (0ms)
		RebuildScriptCaches (0ms)
		SetupLoadedEditorAssemblies (999ms)
			LogAssemblyErrors (0ms)
			InitializePlatformSupportModulesInManaged (3ms)
			SetLoadedEditorAssemblies (6ms)
			BeforeProcessingInitializeOnLoad (208ms)
			ProcessInitializeOnLoadAttributes (722ms)
			ProcessInitializeOnLoadMethodAttributes (52ms)
			AfterProcessingInitializeOnLoad (8ms)
			EditorAssembliesLoaded (0ms)
		ExecutionOrderSort2 (0ms)
		AwakeInstancesAfterBackupRestoration (6ms)
WARNING: Shader Unsupported: 'Hidden/Builtin_TerrainVisualization' - All subshaders removed
WARNING: Shader Did you use #pragma only_renderers and omit this platform?
WARNING: Shader If subshaders removal was intentional, you may have forgotten turning Fallback off?
WARNING: Shader Unsupported: 'Hidden/Builtin_TerrainVisualization' - All subshaders removed
WARNING: Shader Did you use #pragma only_renderers and omit this platform?
WARNING: Shader If subshaders removal was intentional, you may have forgotten turning Fallback off?
Launched and connected shader compiler UnityShaderCompiler.exe after 0.03 seconds
Refreshing native plugins compatible for Editor in 5.64 ms, found 4 plugins.
Preloading 0 native plugins for Editor in 0.00 ms.
Unloading 29 Unused Serialized files (Serialized files now loaded: 0)
Unloading 7495 unused Assets / (7.5 MB). Loaded Objects now: 8266.
Memory consumption went from 150.1 MB to 142.6 MB.
Total: 145.036400 ms (FindLiveObjects: 3.049700 ms CreateObjectMapping: 1.258500 ms MarkObjects: 136.535200 ms  DeleteObjects: 4.191300 ms)

========================================================================
Received Import Request.
  Time since last request: 30071.209577 seconds.
  path: Assets/Low Poly Guns/Models/Guns/assault1/assault1.mat
  artifactKey: Guid(c588de1bd0ae27543958b38850e54921) Importer(815301076,1909f56bfc062723c751e8b465ee728b)
Start importing Assets/Low Poly Guns/Models/Guns/assault1/assault1.mat using Guid(c588de1bd0ae27543958b38850e54921) Importer(815301076,1909f56bfc062723c751e8b465ee728b) (PreviewImporter) -> (artifact id: 'c2f14009a3c630c28d55d5e10ca83a11') in 0.423951 seconds
Number of updated asset objects reloaded before import = 0Number of asset objects unloaded after import = 3

========================================================================
Received Import Request.
  Time since last request: 0.121859 seconds.
  path: Assets/Low Poly Guns/Models/Guns/shotgun2/shotgun2.mat
  artifactKey: Guid(052eb9367e604ac428a8b8c83f4584da) Importer(2089858483,192608db42251d675da83286b1cce702)
Start importing Assets/Low Poly Guns/Models/Guns/shotgun2/shotgun2.mat using Guid(052eb9367e604ac428a8b8c83f4584da) Importer(2089858483,192608db42251d675da83286b1cce702) (ScriptedImporter) -> (artifact id: 'd590e1c1ac95dfd9ab10bb3c8a596b44') in 0.1612719 seconds
Number of updated asset objects reloaded before import = 0Number of asset objects unloaded after import = 3

========================================================================
Received Import Request.
  Time since last request: 0.000037 seconds.
  path: Assets/Low Poly Guns/Models/Guns/pistol4/pistol4_normal.png
  artifactKey: Guid(662ac7af64edac14388027a3cc79fe57) Importer(2089858483,192608db42251d675da83286b1cce702)
Start importing Assets/Low Poly Guns/Models/Guns/pistol4/pistol4_normal.png using Guid(662ac7af64edac14388027a3cc79fe57) Importer(2089858483,192608db42251d675da83286b1cce702) (ScriptedImporter) -> (artifact id: '9cd5589485e6d489f0e73cdc4a8b60d1') in 0.0478781 seconds
Number of updated asset objects reloaded before import = 0Number of asset objects unloaded after import = 1

========================================================================
Received Import Request.
  Time since last request: 0.225040 seconds.
  path: Assets/Low Poly Guns/Models/Guns/pistol3/pistol3_diffuse.png
  artifactKey: Guid(1ec9fe2fb7e61d24dbd51506576aa912) Importer(2089858483,192608db42251d675da83286b1cce702)
Start importing Assets/Low Poly Guns/Models/Guns/pistol3/pistol3_diffuse.png using Guid(1ec9fe2fb7e61d24dbd51506576aa912) Importer(2089858483,192608db42251d675da83286b1cce702) (ScriptedImporter) -> (artifact id: 'c821470ca32dd0ff74868147ca17213a') in 0.0129068 seconds
Number of updated asset objects reloaded before import = 0Number of asset objects unloaded after import = 1

========================================================================
Received Import Request.
  Time since last request: 0.000018 seconds.
  path: Assets/Weapons_ChamferZone/Ammunition/WPN_cal_308.FBX
  artifactKey: Guid(f6fba241259542b4d9cf43a9cb198666) Importer(2089858483,192608db42251d675da83286b1cce702)
Start importing Assets/Weapons_ChamferZone/Ammunition/WPN_cal_308.FBX using Guid(f6fba241259542b4d9cf43a9cb198666) Importer(2089858483,192608db42251d675da83286b1cce702) (ScriptedImporter) -> (artifact id: 'dc894f08e36fc06380672f57e74dfe79') in 0.0746655 seconds
Number of updated asset objects reloaded before import = 0Number of asset objects unloaded after import = 10

========================================================================
Received Import Request.
  Time since last request: 0.000018 seconds.
  path: Assets/Weapons_ChamferZone/Ammunition/Materials
  artifactKey: Guid(2fc2299ff4238c74582443c9c104540e) Importer(2089858483,192608db42251d675da83286b1cce702)
Start importing Assets/Weapons_ChamferZone/Ammunition/Materials using Guid(2fc2299ff4238c74582443c9c104540e) Importer(2089858483,192608db42251d675da83286b1cce702) (ScriptedImporter) -> (artifact id: 'cb5b1826eeb700e2b9ac2ee34414d28a') in 0.0044931 seconds
Number of updated asset objects reloaded before import = 0Number of asset objects unloaded after import = 1

========================================================================
Received Import Request.
  Time since last request: 0.302357 seconds.
  path: Assets/Weapons_ChamferZone/Ammunition/textures/WPNT_Ammunition_MetallicSmoothness.png
  artifactKey: Guid(1fba4ac8b24bda541a53c2ce74982377) Importer(2089858483,192608db42251d675da83286b1cce702)
Start importing Assets/Weapons_ChamferZone/Ammunition/textures/WPNT_Ammunition_MetallicSmoothness.png using Guid(1fba4ac8b24bda541a53c2ce74982377) Importer(2089858483,192608db42251d675da83286b1cce702) (ScriptedImporter) -> (artifact id: '9271039c79ac5e8b7f1dfd50ee445a7c') in 0.0148449 seconds
Number of updated asset objects reloaded before import = 0Number of asset objects unloaded after import = 1

========================================================================
Received Import Request.
  Time since last request: 0.000023 seconds.
  path: Assets/Weapons_ChamferZone/Ammunition/WPN_cal_5_7x28.FBX
  artifactKey: Guid(450f02e3a75230b46b583c9b2562c2f5) Importer(2089858483,192608db42251d675da83286b1cce702)
Start importing Assets/Weapons_ChamferZone/Ammunition/WPN_cal_5_7x28.FBX using Guid(450f02e3a75230b46b583c9b2562c2f5) Importer(2089858483,192608db42251d675da83286b1cce702) (ScriptedImporter) -> (artifact id: '9d6d3c2b14720cb19837d11ebacda58b') in 0.0169985 seconds
Number of updated asset objects reloaded before import = 0Number of asset objects unloaded after import = 10

========================================================================
Received Import Request.
  Time since last request: 7.574179 seconds.
  path: Assets/Low Poly Guns/Models/Guns/assault1/assault1.fbx
  artifactKey: Guid(33269b2b610f4c245a712795c1927939) Importer(815301076,1909f56bfc062723c751e8b465ee728b)
Start importing Assets/Low Poly Guns/Models/Guns/assault1/assault1.fbx using Guid(33269b2b610f4c245a712795c1927939) Importer(815301076,1909f56bfc062723c751e8b465ee728b) (PreviewImporter) -> (artifact id: '02d9fc9c7b157b022cb8b6489cb6dab9') in 0.0314102 seconds
Number of updated asset objects reloaded before import = 0Number of asset objects unloaded after import = 8

========================================================================
Received Import Request.
  Time since last request: 0.908799 seconds.
  path: Assets/Easy FPS/Images/Materials/bulllet_hole.mat
  artifactKey: Guid(baf17cf72977f4721af5e2617d2f478b) Importer(2089858483,192608db42251d675da83286b1cce702)
Start importing Assets/Easy FPS/Images/Materials/bulllet_hole.mat using Guid(baf17cf72977f4721af5e2617d2f478b) Importer(2089858483,192608db42251d675da83286b1cce702) (ScriptedImporter) -> (artifact id: 'a5dd8d91dfea56144b82d4e936797358') in 0.0082747 seconds
Number of updated asset objects reloaded before import = 0Number of asset objects unloaded after import = 3

========================================================================
Received Import Request.
  Time since last request: 0.000019 seconds.
  path: Assets/Nokobot/Modern Guns - Handgun/Materials/M1911 Handgun_Steel.mat
  artifactKey: Guid(a22ca1073de33674b8cd0036fcb92947) Importer(2089858483,192608db42251d675da83286b1cce702)
Start importing Assets/Nokobot/Modern Guns - Handgun/Materials/M1911 Handgun_Steel.mat using Guid(a22ca1073de33674b8cd0036fcb92947) Importer(2089858483,192608db42251d675da83286b1cce702) (ScriptedImporter) -> (artifact id: 'dc55ad2bdd96971ca8644c57391f2ef9') in 0.016899 seconds
Number of updated asset objects reloaded before import = 0Number of asset objects unloaded after import = 4

========================================================================
Received Import Request.
  Time since last request: 0.000028 seconds.
  path: Assets/Low Poly Guns/Models/Guns/assault1/assault1_normal.png
  artifactKey: Guid(b5ce058bdf628bb4bb3304265b2ab7f6) Importer(2089858483,192608db42251d675da83286b1cce702)
Start importing Assets/Low Poly Guns/Models/Guns/assault1/assault1_normal.png using Guid(b5ce058bdf628bb4bb3304265b2ab7f6) Importer(2089858483,192608db42251d675da83286b1cce702) (ScriptedImporter) -> (artifact id: '8bfb354ffebe10ad0b7c5f03db4f5a19') in 0.0117306 seconds
Number of updated asset objects reloaded before import = 0Number of asset objects unloaded after import = 1

========================================================================
Received Import Request.
  Time since last request: 0.000017 seconds.
  path: Assets/Nokobot/Modern Guns - Handgun/README.txt
  artifactKey: Guid(866393511db0e9740b36956843eeaa8f) Importer(2089858483,192608db42251d675da83286b1cce702)
Start importing Assets/Nokobot/Modern Guns - Handgun/README.txt using Guid(866393511db0e9740b36956843eeaa8f) Importer(2089858483,192608db42251d675da83286b1cce702) (ScriptedImporter) -> (artifact id: 'eb3fba3910e1fefee0fc8e157d3602b8') in 0.0037528 seconds
Number of updated asset objects reloaded before import = 0Number of asset objects unloaded after import = 1

========================================================================
Received Import Request.
  Time since last request: 0.000020 seconds.
  path: Assets/Nokobot/Modern Guns - Handgun/Textures/M1911_Magazine_Albedo_Steel.png
  artifactKey: Guid(7714950642003ee488bdddb49dd229e0) Importer(2089858483,192608db42251d675da83286b1cce702)
Start importing Assets/Nokobot/Modern Guns - Handgun/Textures/M1911_Magazine_Albedo_Steel.png using Guid(7714950642003ee488bdddb49dd229e0) Importer(2089858483,192608db42251d675da83286b1cce702) (ScriptedImporter) -> (artifact id: 'cc8d70587a8f80a6e12b10365f94b934') in 0.0183351 seconds
Number of updated asset objects reloaded before import = 0Number of asset objects unloaded after import = 1

========================================================================
Received Import Request.
  Time since last request: 0.000019 seconds.
  path: Assets/Nokobot/Modern Guns - Handgun/Textures/M1911_Magazine_Albedo_Black.png
  artifactKey: Guid(c11766a3d3e2f124eb11ea77d2d2fd99) Importer(2089858483,192608db42251d675da83286b1cce702)
Start importing Assets/Nokobot/Modern Guns - Handgun/Textures/M1911_Magazine_Albedo_Black.png using Guid(c11766a3d3e2f124eb11ea77d2d2fd99) Importer(2089858483,192608db42251d675da83286b1cce702) (ScriptedImporter) -> (artifact id: 'a393fee6fb641ac4df31380cced1328c') in 0.0119706 seconds
Number of updated asset objects reloaded before import = 0Number of asset objects unloaded after import = 1

========================================================================
Received Import Request.
  Time since last request: 0.000018 seconds.
  path: Assets/Nokobot/Modern Guns - Handgun/_Prefabs/Base Prefabs/Bullet_Head.prefab
  artifactKey: Guid(9e0ef2cf9cfc11c46bbe7f28b272f6fb) Importer(2089858483,192608db42251d675da83286b1cce702)
Start importing Assets/Nokobot/Modern Guns - Handgun/_Prefabs/Base Prefabs/Bullet_Head.prefab using Guid(9e0ef2cf9cfc11c46bbe7f28b272f6fb) Importer(2089858483,192608db42251d675da83286b1cce702) (ScriptedImporter) -> (artifact id: '52b18b0a1fcd91df85ee6d40555d61d1') in 0.0120029 seconds
Number of updated asset objects reloaded before import = 0Number of asset objects unloaded after import = 6

========================================================================
Received Import Request.
  Time since last request: 0.000021 seconds.
  path: Assets/Low Poly Guns/Models/Guns/pistol4/pistol4_diffuse.png
  artifactKey: Guid(56cbec784c34691408510d822d647cef) Importer(2089858483,192608db42251d675da83286b1cce702)
Start importing Assets/Low Poly Guns/Models/Guns/pistol4/pistol4_diffuse.png using Guid(56cbec784c34691408510d822d647cef) Importer(2089858483,192608db42251d675da83286b1cce702) (ScriptedImporter) -> (artifact id: '65df702bdee93306f9d3378dc634056a') in 0.0102602 seconds
Number of updated asset objects reloaded before import = 0Number of asset objects unloaded after import = 1

========================================================================
Received Import Request.
  Time since last request: 0.000024 seconds.
  path: Assets/Nokobot/Modern Guns - Handgun/Asset Collection.unity
  artifactKey: Guid(3e2d436cf8cd5b54a878d325c0de145b) Importer(2089858483,192608db42251d675da83286b1cce702)
Start importing Assets/Nokobot/Modern Guns - Handgun/Asset Collection.unity using Guid(3e2d436cf8cd5b54a878d325c0de145b) Importer(2089858483,192608db42251d675da83286b1cce702) (ScriptedImporter) -> (artifact id: 'bafa64744ea7848225d15a97f6897071') in 0.005888 seconds
Number of updated asset objects reloaded before import = 0Number of asset objects unloaded after import = 1

========================================================================
Received Import Request.
  Time since last request: 0.000017 seconds.
  path: Assets/Nokobot/Modern Guns - Handgun/Effects/MuzzleFlash_SpriteSheet.png
  artifactKey: Guid(6fc0c6421525c1844804ab1d17f1adda) Importer(2089858483,192608db42251d675da83286b1cce702)
Start importing Assets/Nokobot/Modern Guns - Handgun/Effects/MuzzleFlash_SpriteSheet.png using Guid(6fc0c6421525c1844804ab1d17f1adda) Importer(2089858483,192608db42251d675da83286b1cce702) (ScriptedImporter) -> (artifact id: 'a750c30907131dc9c8decee737e79e48') in 0.0106862 seconds
Number of updated asset objects reloaded before import = 0Number of asset objects unloaded after import = 1

========================================================================
Received Import Request.
  Time since last request: 0.000017 seconds.
  path: Assets/Nokobot/Modern Guns - Handgun/URP/ModernGuns_Handgun_v1.2_URP.unitypackage
  artifactKey: Guid(21037762408ec1942ae9b93b6b1413e7) Importer(2089858483,192608db42251d675da83286b1cce702)
Start importing Assets/Nokobot/Modern Guns - Handgun/URP/ModernGuns_Handgun_v1.2_URP.unitypackage using Guid(21037762408ec1942ae9b93b6b1413e7) Importer(2089858483,192608db42251d675da83286b1cce702) (ScriptedImporter) -> (artifact id: '0fbc8016f9dcacc2cceb4680fda98254') in 0.0032657 seconds
Number of updated asset objects reloaded before import = 0Number of asset objects unloaded after import = 1

========================================================================
Received Import Request.
  Time since last request: 0.000029 seconds.
  path: Assets/Low Poly Guns/Scenes/Main.unity
  artifactKey: Guid(9fc0d4010bbf28b4594072e72b8655ab) Importer(2089858483,192608db42251d675da83286b1cce702)
Start importing Assets/Low Poly Guns/Scenes/Main.unity using Guid(9fc0d4010bbf28b4594072e72b8655ab) Importer(2089858483,192608db42251d675da83286b1cce702) (ScriptedImporter) -> (artifact id: '9995ad8aebc90fad15216039f736d2e9') in 0.0090375 seconds
Number of updated asset objects reloaded before import = 0Number of asset objects unloaded after import = 1

========================================================================
Received Import Request.
  Time since last request: 0.000018 seconds.
  path: Assets/Low Poly Guns/Models/Guns/sniper2/sniper2.mat
  artifactKey: Guid(533eaf1384eb72d41bbf8a25b870c0f7) Importer(2089858483,192608db42251d675da83286b1cce702)
Start importing Assets/Low Poly Guns/Models/Guns/sniper2/sniper2.mat using Guid(533eaf1384eb72d41bbf8a25b870c0f7) Importer(2089858483,192608db42251d675da83286b1cce702) (ScriptedImporter) -> (artifact id: '9e2b86b44e209924914169e2dd19f3fe') in 0.0075252 seconds
Number of updated asset objects reloaded before import = 0Number of asset objects unloaded after import = 3

========================================================================
Received Import Request.
  Time since last request: 1.411520 seconds.
  path: Assets/Low Poly Guns/Models/Guns/assault1/Materials/Ak-47_diffuse_lights.mat
  artifactKey: Guid(3ea04655893ef134bbc450457b588c14) Importer(2089858483,192608db42251d675da83286b1cce702)
Start importing Assets/Low Poly Guns/Models/Guns/assault1/Materials/Ak-47_diffuse_lights.mat using Guid(3ea04655893ef134bbc450457b588c14) Importer(2089858483,192608db42251d675da83286b1cce702) (ScriptedImporter) -> (artifact id: '845a18a7e98a41119b697e56d5952616') in 0.004944 seconds
Number of updated asset objects reloaded before import = 0Number of asset objects unloaded after import = 1

========================================================================
Received Import Request.
  Time since last request: 0.506143 seconds.
  path: Assets/Low Poly Guns/Models/Guns/assault1/Materials
  artifactKey: Guid(0f4c4b40647ca81448bcbb4e25d06191) Importer(815301076,1909f56bfc062723c751e8b465ee728b)
Start importing Assets/Low Poly Guns/Models/Guns/assault1/Materials using Guid(0f4c4b40647ca81448bcbb4e25d06191) Importer(815301076,1909f56bfc062723c751e8b465ee728b) (PreviewImporter) -> (artifact id: '079def38164a02ccba2df32c0b891570') in 0.0004672 seconds
Number of updated asset objects reloaded before import = 0Number of asset objects unloaded after import = 0

========================================================================
Received Import Request.
  Time since last request: 0.525100 seconds.
  path: Assets/Low Poly Guns/Models/Guns/assault1/Materials/assault1.mat
  artifactKey: Guid(c588de1bd0ae27543958b38850e54921) Importer(2089858483,192608db42251d675da83286b1cce702)
Start importing Assets/Low Poly Guns/Models/Guns/assault1/Materials/assault1.mat using Guid(c588de1bd0ae27543958b38850e54921) Importer(2089858483,192608db42251d675da83286b1cce702) (ScriptedImporter) -> (artifact id: '9c8e1e1a689448b847cc1e1edc01522b') in 0.0063655 seconds
Number of updated asset objects reloaded before import = 0Number of asset objects unloaded after import = 3

========================================================================
Received Import Request.
  Time since last request: 0.324311 seconds.
  path: Assets/Low Poly Guns/Models/Guns/assault1/Materials/Ak-47_diffuse_lights.mat
  artifactKey: Guid(3ea04655893ef134bbc450457b588c14) Importer(815301076,1909f56bfc062723c751e8b465ee728b)
Start importing Assets/Low Poly Guns/Models/Guns/assault1/Materials/Ak-47_diffuse_lights.mat using Guid(3ea04655893ef134bbc450457b588c14) Importer(815301076,1909f56bfc062723c751e8b465ee728b) (PreviewImporter) -> (artifact id: '75a44db076004e947dd38c2a65fa829e') in 0.0069279 seconds
Number of updated asset objects reloaded before import = 0Number of asset objects unloaded after import = 1

========================================================================
Received Import Request.
  Time since last request: 0.801035 seconds.
  path: Assets/TextMesh Pro/Examples & Extras/Scenes/20 - Input Field with Scrollbar.unity
  artifactKey: Guid(337f92480dd24675aae9e79210fb1ad9) Importer(2089858483,192608db42251d675da83286b1cce702)
Start importing Assets/TextMesh Pro/Examples & Extras/Scenes/20 - Input Field with Scrollbar.unity using Guid(337f92480dd24675aae9e79210fb1ad9) Importer(2089858483,192608db42251d675da83286b1cce702) (ScriptedImporter) -> (artifact id: '1a28fa5082b075e8809368de9c794089') in 0.0053253 seconds
Number of updated asset objects reloaded before import = 0Number of asset objects unloaded after import = 1

========================================================================
Received Import Request.
  Time since last request: 6.824369 seconds.
  path: Assets/Low Poly Guns/Models/Guns/assault1/Materials/assault1_diffuse.png
  artifactKey: Guid(89fc40a82916a0c449b689ff792cbaba) Importer(2089858483,192608db42251d675da83286b1cce702)
Start importing Assets/Low Poly Guns/Models/Guns/assault1/Materials/assault1_diffuse.png using Guid(89fc40a82916a0c449b689ff792cbaba) Importer(2089858483,192608db42251d675da83286b1cce702) (ScriptedImporter) -> (artifact id: '96f0f936f7d7d83a967b99bf2f43da87') in 0.0095984 seconds
Number of updated asset objects reloaded before import = 0Number of asset objects unloaded after import = 1

========================================================================
Received Import Request.
  Time since last request: 10.503191 seconds.
  path: Assets/Low Poly Guns/Models/Guns/assault1/Materials/Ak-47_diffuse_lights.mat
  artifactKey: Guid(3ea04655893ef134bbc450457b588c14) Importer(815301076,1909f56bfc062723c751e8b465ee728b)
Start importing Assets/Low Poly Guns/Models/Guns/assault1/Materials/Ak-47_diffuse_lights.mat using Guid(3ea04655893ef134bbc450457b588c14) Importer(815301076,1909f56bfc062723c751e8b465ee728b) (PreviewImporter) -> (artifact id: '7ee4784d843efc017b88b07b3d612406') in 0.0078347 seconds
Number of updated asset objects reloaded before import = 0Number of asset objects unloaded after import = 3

========================================================================
Received Import Request.
  Time since last request: 0.938665 seconds.
  path: Assets/Low Poly Guns/Models/Guns/assault1/Materials/Ak-47_diffuse_lights.mat
  artifactKey: Guid(3ea04655893ef134bbc450457b588c14) Importer(2089858483,192608db42251d675da83286b1cce702)
Start importing Assets/Low Poly Guns/Models/Guns/assault1/Materials/Ak-47_diffuse_lights.mat using Guid(3ea04655893ef134bbc450457b588c14) Importer(2089858483,192608db42251d675da83286b1cce702) (ScriptedImporter) -> (artifact id: '21250c5c4f2f50f4cbe667eed5d1c592') in 0.0066631 seconds
Number of updated asset objects reloaded before import = 0Number of asset objects unloaded after import = 3

========================================================================
Received Import Request.
  Time since last request: 0.073337 seconds.
  path: Assets/Low Poly Guns/Models/Guns/assault1/assault1.fbx
  artifactKey: Guid(33269b2b610f4c245a712795c1927939) Importer(815301076,1909f56bfc062723c751e8b465ee728b)
Start importing Assets/Low Poly Guns/Models/Guns/assault1/assault1.fbx using Guid(33269b2b610f4c245a712795c1927939) Importer(815301076,1909f56bfc062723c751e8b465ee728b) (PreviewImporter) -> (artifact id: '34dee033b4ebf0f1eb7eb60c286ac0b6') in 0.0116921 seconds
Number of updated asset objects reloaded before import = 0Number of asset objects unloaded after import = 10

========================================================================
Received Import Request.
  Time since last request: 18.418078 seconds.
  path: Assets/Weapons_ChamferZone
  artifactKey: Guid(3dbc448c4e7df6946a57d585bf3f9d1d) Importer(815301076,1909f56bfc062723c751e8b465ee728b)
Start importing Assets/Weapons_ChamferZone using Guid(3dbc448c4e7df6946a57d585bf3f9d1d) Importer(815301076,1909f56bfc062723c751e8b465ee728b) (PreviewImporter) -> (artifact id: 'f1a0ffd0632c7953cc7c29d3ea584b93') in 0.0004824 seconds
Number of updated asset objects reloaded before import = 0Number of asset objects unloaded after import = 0

========================================================================
Received Import Request.
  Time since last request: 0.855447 seconds.
  path: Assets/Weapons_ChamferZone/Ammunition
  artifactKey: Guid(171043d8c3e225b4aae432023def848c) Importer(815301076,1909f56bfc062723c751e8b465ee728b)
Start importing Assets/Weapons_ChamferZone/Ammunition using Guid(171043d8c3e225b4aae432023def848c) Importer(815301076,1909f56bfc062723c751e8b465ee728b) (PreviewImporter) -> (artifact id: 'ab83e401c122f88dd6e3c251bc5f457f') in 0.0004686 seconds
Number of updated asset objects reloaded before import = 0Number of asset objects unloaded after import = 0

========================================================================
Received Import Request.
  Time since last request: 0.004332 seconds.
  path: Assets/Weapons_ChamferZone/Ammunition/WPN_cal_5_7x28.FBX
  artifactKey: Guid(450f02e3a75230b46b583c9b2562c2f5) Importer(815301076,1909f56bfc062723c751e8b465ee728b)
Start importing Assets/Weapons_ChamferZone/Ammunition/WPN_cal_5_7x28.FBX using Guid(450f02e3a75230b46b583c9b2562c2f5) Importer(815301076,1909f56bfc062723c751e8b465ee728b) (PreviewImporter) -> (artifact id: '771def137988605e0c4ca807b60529dd') in 1.7976508 seconds
Number of updated asset objects reloaded before import = 0Number of asset objects unloaded after import = 14

========================================================================
Received Import Request.
  Time since last request: 0.000028 seconds.
  path: Assets/Weapons_ChamferZone/Ammunition/WPN_cal_308.FBX
  artifactKey: Guid(f6fba241259542b4d9cf43a9cb198666) Importer(815301076,1909f56bfc062723c751e8b465ee728b)
Start importing Assets/Weapons_ChamferZone/Ammunition/WPN_cal_308.FBX using Guid(f6fba241259542b4d9cf43a9cb198666) Importer(815301076,1909f56bfc062723c751e8b465ee728b) (PreviewImporter) -> (artifact id: 'd7f271920008c0aca19873287f465500') in 0.0169482 seconds
Number of updated asset objects reloaded before import = 0Number of asset objects unloaded after import = 14

========================================================================
Received Import Request.
  Time since last request: 0.000038 seconds.
  path: Assets/Weapons_ChamferZone/Ammunition/WPN_cal_12G_shell.FBX
  artifactKey: Guid(0f8959614d8000143a0fbc228e39d2d1) Importer(815301076,1909f56bfc062723c751e8b465ee728b)
Start importing Assets/Weapons_ChamferZone/Ammunition/WPN_cal_12G_shell.FBX using Guid(0f8959614d8000143a0fbc228e39d2d1) Importer(815301076,1909f56bfc062723c751e8b465ee728b) (PreviewImporter) -> (artifact id: 'c2b0e37c87399f23dc87f1d336e1451e') in 0.0233167 seconds
Number of updated asset objects reloaded before import = 0Number of asset objects unloaded after import = 14

========================================================================
Received Import Request.
  Time since last request: 0.000025 seconds.
  path: Assets/Weapons_ChamferZone/Ammunition/WPN_cal_12G_flare_shell.FBX
  artifactKey: Guid(73013fb0106eb684f9374feac4497e4c) Importer(815301076,1909f56bfc062723c751e8b465ee728b)
Start importing Assets/Weapons_ChamferZone/Ammunition/WPN_cal_12G_flare_shell.FBX using Guid(73013fb0106eb684f9374feac4497e4c) Importer(815301076,1909f56bfc062723c751e8b465ee728b) (PreviewImporter) -> (artifact id: '73efdfdc96a967eeb9b29120575baef9') in 0.0165576 seconds
Number of updated asset objects reloaded before import = 0Number of asset objects unloaded after import = 14

========================================================================
Received Import Request.
  Time since last request: 0.000027 seconds.
  path: Assets/Weapons_ChamferZone/Ammunition/WPN_cal_40.FBX
  artifactKey: Guid(a11abe847d2186a40b3f09bd9cf0acb7) Importer(815301076,1909f56bfc062723c751e8b465ee728b)
Start importing Assets/Weapons_ChamferZone/Ammunition/WPN_cal_40.FBX using Guid(a11abe847d2186a40b3f09bd9cf0acb7) Importer(815301076,1909f56bfc062723c751e8b465ee728b) (PreviewImporter) -> (artifact id: '8d806a7a5576ab48ab5a5193b2d9b7a4') in 0.0188799 seconds
Number of updated asset objects reloaded before import = 0Number of asset objects unloaded after import = 14

========================================================================
Received Import Request.
  Time since last request: 0.000030 seconds.
  path: Assets/Weapons_ChamferZone/Ammunition/WPN_cal_357.FBX
  artifactKey: Guid(50e5bf297a1fe734abcceddf742133c1) Importer(815301076,1909f56bfc062723c751e8b465ee728b)
Start importing Assets/Weapons_ChamferZone/Ammunition/WPN_cal_357.FBX using Guid(50e5bf297a1fe734abcceddf742133c1) Importer(815301076,1909f56bfc062723c751e8b465ee728b) (PreviewImporter) -> (artifact id: '008752c07f22cd6718d1239f864bcce4') in 0.0173811 seconds
Number of updated asset objects reloaded before import = 0Number of asset objects unloaded after import = 14

========================================================================
Received Import Request.
  Time since last request: 0.000020 seconds.
  path: Assets/Weapons_ChamferZone/Ammunition/WPN_cal_45.FBX
  artifactKey: Guid(466a8eaffbba73b47ade402780c34ffd) Importer(815301076,1909f56bfc062723c751e8b465ee728b)
Start importing Assets/Weapons_ChamferZone/Ammunition/WPN_cal_45.FBX using Guid(466a8eaffbba73b47ade402780c34ffd) Importer(815301076,1909f56bfc062723c751e8b465ee728b) (PreviewImporter) -> (artifact id: '1bdbc75e811e7058e550b1ced350c980') in 0.0199245 seconds
Number of updated asset objects reloaded before import = 0Number of asset objects unloaded after import = 14

========================================================================
Received Import Request.
  Time since last request: 0.000022 seconds.
  path: Assets/Weapons_ChamferZone/Ammunition/WPN_cal_22.FBX
  artifactKey: Guid(7b91024a5fc62e640b979649dcfac39a) Importer(815301076,1909f56bfc062723c751e8b465ee728b)
Start importing Assets/Weapons_ChamferZone/Ammunition/WPN_cal_22.FBX using Guid(7b91024a5fc62e640b979649dcfac39a) Importer(815301076,1909f56bfc062723c751e8b465ee728b) (PreviewImporter) -> (artifact id: 'ae2e6087209708ecac8cb2f7e3ce4242') in 0.0163306 seconds
Number of updated asset objects reloaded before import = 0Number of asset objects unloaded after import = 14

========================================================================
Received Import Request.
  Time since last request: 3.692839 seconds.
  path: Assets/Weapons_ChamferZone/Ammunition/textures
  artifactKey: Guid(9b471a5fee009bf47832778ffa5056f7) Importer(815301076,1909f56bfc062723c751e8b465ee728b)
Start importing Assets/Weapons_ChamferZone/Ammunition/textures using Guid(9b471a5fee009bf47832778ffa5056f7) Importer(815301076,1909f56bfc062723c751e8b465ee728b) (PreviewImporter) -> (artifact id: 'd5a715de949721b697f294c82a81ae4c') in 0.0004541 seconds
Number of updated asset objects reloaded before import = 0Number of asset objects unloaded after import = 0

========================================================================
Received Import Request.
  Time since last request: 40.273851 seconds.
  path: Assets/Weapons_ChamferZone/Ammunition/WPN_cal_5_7x28.FBX
  artifactKey: Guid(450f02e3a75230b46b583c9b2562c2f5) Importer(815301076,1909f56bfc062723c751e8b465ee728b)
Start importing Assets/Weapons_ChamferZone/Ammunition/WPN_cal_5_7x28.FBX using Guid(450f02e3a75230b46b583c9b2562c2f5) Importer(815301076,1909f56bfc062723c751e8b465ee728b) (PreviewImporter) -> (artifact id: '45ec65b44c21f1d78f5803ac2af1f1ed') in 0.0474232 seconds
Number of updated asset objects reloaded before import = 0Number of asset objects unloaded after import = 14

========================================================================
Received Import Request.
  Time since last request: 0.000024 seconds.
  path: Assets/Weapons_ChamferZone/Ammunition/WPN_cal_308.FBX
  artifactKey: Guid(f6fba241259542b4d9cf43a9cb198666) Importer(815301076,1909f56bfc062723c751e8b465ee728b)
Start importing Assets/Weapons_ChamferZone/Ammunition/WPN_cal_308.FBX using Guid(f6fba241259542b4d9cf43a9cb198666) Importer(815301076,1909f56bfc062723c751e8b465ee728b) (PreviewImporter) -> (artifact id: 'b38c16bbb985685b6c9e1edb55cc45f0') in 0.0192778 seconds
Number of updated asset objects reloaded before import = 0Number of asset objects unloaded after import = 14

========================================================================
Received Import Request.
  Time since last request: 0.798971 seconds.
  path: Assets/Weapons_ChamferZone/Ammunition/Materials/WPNM_Ammunition.mat
  artifactKey: Guid(40b861b5b838e6b4198c9d9e5377432c) Importer(2089858483,192608db42251d675da83286b1cce702)
Start importing Assets/Weapons_ChamferZone/Ammunition/Materials/WPNM_Ammunition.mat using Guid(40b861b5b838e6b4198c9d9e5377432c) Importer(2089858483,192608db42251d675da83286b1cce702) (ScriptedImporter) -> (artifact id: '52e01a798e0837a298d772ca1d326a44') in 0.0090844 seconds
Number of updated asset objects reloaded before import = 0Number of asset objects unloaded after import = 5

========================================================================
Received Import Request.
  Time since last request: 228.308925 seconds.
  path: Assets/Glowing Rifts/Shooting Target/Textures/BrushedMetal_Normal.png
  artifactKey: Guid(e8242b037d56bb849ae2bfb791d4014e) Importer(2089858483,192608db42251d675da83286b1cce702)
Start importing Assets/Glowing Rifts/Shooting Target/Textures/BrushedMetal_Normal.png using Guid(e8242b037d56bb849ae2bfb791d4014e) Importer(2089858483,192608db42251d675da83286b1cce702) (ScriptedImporter) -> (artifact id: '3d49ba784c69c7d204597602d35dcb2a') in 0.0101714 seconds
Number of updated asset objects reloaded before import = 0Number of asset objects unloaded after import = 1

========================================================================
Received Import Request.
  Time since last request: 0.000032 seconds.
  path: Assets/Glowing Rifts/Shooting Target/Textures/BrushedMetal_Metallic.png
  artifactKey: Guid(263ccc4ca56df50458b432806e822881) Importer(2089858483,192608db42251d675da83286b1cce702)
Start importing Assets/Glowing Rifts/Shooting Target/Textures/BrushedMetal_Metallic.png using Guid(263ccc4ca56df50458b432806e822881) Importer(2089858483,192608db42251d675da83286b1cce702) (ScriptedImporter) -> (artifact id: '7baf305a7b5ade1c846b9536d510b56b') in 0.0130908 seconds
Number of updated asset objects reloaded before import = 0Number of asset objects unloaded after import = 1

========================================================================
Received Import Request.
  Time since last request: 0.000025 seconds.
  path: Assets/Glowing Rifts/Shooting Target/Materials/Metal.mat
  artifactKey: Guid(559b27b860a79f64a96141b61e7fe8d5) Importer(2089858483,192608db42251d675da83286b1cce702)
Start importing Assets/Glowing Rifts/Shooting Target/Materials/Metal.mat using Guid(559b27b860a79f64a96141b61e7fe8d5) Importer(2089858483,192608db42251d675da83286b1cce702) (ScriptedImporter) -> (artifact id: '6fb54906fa6b26ef9222a42d7bb981b1') in 0.0068479 seconds
Number of updated asset objects reloaded before import = 0Number of asset objects unloaded after import = 4

========================================================================
Received Import Request.
  Time since last request: 0.000020 seconds.
  path: Assets/Glowing Rifts/Shooting Target/Models/ShootingTarget.fbx
  artifactKey: Guid(b4028d0446dc940488be74e5bafe577c) Importer(2089858483,192608db42251d675da83286b1cce702)
Start importing Assets/Glowing Rifts/Shooting Target/Models/ShootingTarget.fbx using Guid(b4028d0446dc940488be74e5bafe577c) Importer(2089858483,192608db42251d675da83286b1cce702) (ScriptedImporter) -> (artifact id: '9069429388ce97279b1c7ee460b70d06') in 0.0119057 seconds
Number of updated asset objects reloaded before import = 0Number of asset objects unloaded after import = 14

========================================================================
Received Import Request.
  Time since last request: 0.000022 seconds.
  path: Assets/Glowing Rifts/Shooting Target/Shooting Target.unity
  artifactKey: Guid(eb1feb990646278469468cf8db96bd6f) Importer(2089858483,192608db42251d675da83286b1cce702)
Start importing Assets/Glowing Rifts/Shooting Target/Shooting Target.unity using Guid(eb1feb990646278469468cf8db96bd6f) Importer(2089858483,192608db42251d675da83286b1cce702) (ScriptedImporter) -> (artifact id: '72761b1cb876016a0636bbd0e5c193ef') in 0.0038616 seconds
Number of updated asset objects reloaded before import = 0Number of asset objects unloaded after import = 1

========================================================================
Received Import Request.
  Time since last request: 0.000027 seconds.
  path: Assets/Glowing Rifts/Shooting Target/Models
  artifactKey: Guid(d9a5fe4ae0ab98c4da26acdbf80dd507) Importer(2089858483,192608db42251d675da83286b1cce702)
Start importing Assets/Glowing Rifts/Shooting Target/Models using Guid(d9a5fe4ae0ab98c4da26acdbf80dd507) Importer(2089858483,192608db42251d675da83286b1cce702) (ScriptedImporter) -> (artifact id: '1ef314dd53ddd2db7a8c7f9649416998') in 0.0026998 seconds
Number of updated asset objects reloaded before import = 0Number of asset objects unloaded after import = 1

========================================================================
Received Import Request.
  Time since last request: 0.000018 seconds.
  path: Assets/Glowing Rifts
  artifactKey: Guid(9f79fd695d45221439dd33c68cdfdaad) Importer(2089858483,192608db42251d675da83286b1cce702)
Start importing Assets/Glowing Rifts using Guid(9f79fd695d45221439dd33c68cdfdaad) Importer(2089858483,192608db42251d675da83286b1cce702) (ScriptedImporter) -> (artifact id: '87841addbd6354559500615337e6f3ff') in 0.0028915 seconds
Number of updated asset objects reloaded before import = 0Number of asset objects unloaded after import = 1

========================================================================
Received Import Request.
  Time since last request: 0.000027 seconds.
  path: Assets/Glowing Rifts/Shooting Target/SRPSupport/ShootingTarget_URP.unitypackage
  artifactKey: Guid(b74c99060bf7a3e4b8f6ffb7343877ee) Importer(2089858483,192608db42251d675da83286b1cce702)
Start importing Assets/Glowing Rifts/Shooting Target/SRPSupport/ShootingTarget_URP.unitypackage using Guid(b74c99060bf7a3e4b8f6ffb7343877ee) Importer(2089858483,192608db42251d675da83286b1cce702) (ScriptedImporter) -> (artifact id: '005ebf2c939bd7fc2d875f7b6794c67f') in 0.0032431 seconds
Number of updated asset objects reloaded before import = 0Number of asset objects unloaded after import = 1

========================================================================
Received Import Request.
  Time since last request: 0.000019 seconds.
  path: Assets/Glowing Rifts/Shooting Target/Materials/Target.mat
  artifactKey: Guid(ece9648144db03e488fe6c0d2dc3b882) Importer(2089858483,192608db42251d675da83286b1cce702)
Start importing Assets/Glowing Rifts/Shooting Target/Materials/Target.mat using Guid(ece9648144db03e488fe6c0d2dc3b882) Importer(2089858483,192608db42251d675da83286b1cce702) (ScriptedImporter) -> (artifact id: 'd1f76fbec7d047af95be27a01e0203f2') in 0.0069381 seconds
Number of updated asset objects reloaded before import = 0Number of asset objects unloaded after import = 2

========================================================================
Received Import Request.
  Time since last request: 0.000022 seconds.
  path: Assets/Glowing Rifts/Shooting Target/Materials/Plastic.mat
  artifactKey: Guid(1ea260a3f8f0a434a8b45fbaf65d13cb) Importer(2089858483,192608db42251d675da83286b1cce702)
Start importing Assets/Glowing Rifts/Shooting Target/Materials/Plastic.mat using Guid(1ea260a3f8f0a434a8b45fbaf65d13cb) Importer(2089858483,192608db42251d675da83286b1cce702) (ScriptedImporter) -> (artifact id: '23d7009eb63689740a79954d4d1fc529') in 0.0064657 seconds
Number of updated asset objects reloaded before import = 0Number of asset objects unloaded after import = 2

========================================================================
Received Import Request.
  Time since last request: 0.000024 seconds.
  path: Assets/Glowing Rifts/Shooting Target
  artifactKey: Guid(9071ff2963e0e3740a53644e31adc213) Importer(2089858483,192608db42251d675da83286b1cce702)
Start importing Assets/Glowing Rifts/Shooting Target using Guid(9071ff2963e0e3740a53644e31adc213) Importer(2089858483,192608db42251d675da83286b1cce702) (ScriptedImporter) -> (artifact id: '9cc8a6ed12b8e8848ba92b3269ddbfd7') in 0.0038167 seconds
Number of updated asset objects reloaded before import = 0Number of asset objects unloaded after import = 1

Editor requested this worker to shutdown with reason: Scaling down because of idle timeout
AssetImportWorker is now disconnected from the server
Process exiting
Exiting without the bug reporter. Application will terminate with return code 0