[Licensing::Module] Trying to connect to existing licensing client channel...
[Licensing::IpcConnector] Successfully connected to: "LicenseClient-paulorh" at "2025-12-09T01:38:29.7323995Z"
Built from '6000.2/staging' branch; Version is '6000.2.13f1 (abdb44fca7f7) revision 11262788'; Using compiler version '194234433'; Build Type 'Release'
OS: 'Windows 11  (10.0.26200) 64bit Professional' Language: 'pt' Physical Memory: 31879 MB
BatchMode: 1, IsHumanControllingUs: 0, StartBugReporterOnCrash: 0, Is64bit: 1
Date: 2025-12-09T01:38:29Z

COMMAND LINE ARGUMENTS:
C:\Program Files\Unity\Hub\Editor\6000.2.13f1\Editor\Unity.exe
-adb2
-batchMode
-noUpm
-name
AssetImportWorker12
-projectPath
D:/projects/unity/AirSoftGame
-logFile
Logs/AssetImportWorker12.log
-srvPort
62458
-licensingIpc
LicenseClient-paulorh
-job-worker-count
11
-background-job-worker-count
8
-gc-helper-count
1
-name
AssetImport
Successfully changed project path to: D:/projects/unity/AirSoftGame
D:/projects/unity/AirSoftGame
[UnityMemory] Configuration Parameters - Can be set up in boot.config
    "memorysetup-allocator-temp-initial-block-size-main=262144"
    "memorysetup-allocator-temp-initial-block-size-worker=262144"
    "memorysetup-bucket-allocator-granularity=16"
    "memorysetup-bucket-allocator-bucket-count=8"
    "memorysetup-bucket-allocator-block-size=33554432"
    "memorysetup-bucket-allocator-block-count=8"
    "memorysetup-main-allocator-block-size=16777216"
    "memorysetup-thread-allocator-block-size=16777216"
    "memorysetup-gfx-main-allocator-block-size=16777216"
    "memorysetup-gfx-thread-allocator-block-size=16777216"
    "memorysetup-cache-allocator-block-size=4194304"
    "memorysetup-typetree-allocator-block-size=2097152"
    "memorysetup-profiler-bucket-allocator-granularity=16"
    "memorysetup-profiler-bucket-allocator-bucket-count=8"
    "memorysetup-profiler-bucket-allocator-block-size=33554432"
    "memorysetup-profiler-bucket-allocator-block-count=8"
    "memorysetup-profiler-allocator-block-size=16777216"
    "memorysetup-profiler-editor-allocator-block-size=1048576"
    "memorysetup-temp-allocator-size-main=16777216"
    "memorysetup-job-temp-allocator-block-size=2097152"
    "memorysetup-job-temp-allocator-block-size-background=1048576"
    "memorysetup-job-temp-allocator-reduction-small-platforms=262144"
    "memorysetup-temp-allocator-size-background-worker=32768"
    "memorysetup-temp-allocator-size-job-worker=262144"
    "memorysetup-temp-allocator-size-preload-manager=33554432"
    "memorysetup-temp-allocator-size-nav-mesh-worker=65536"
    "memorysetup-temp-allocator-size-audio-worker=65536"
    "memorysetup-temp-allocator-size-cloud-worker=32768"
    "memorysetup-temp-allocator-size-gi-baking-worker=262144"
    "memorysetup-temp-allocator-size-gi-baking-worker=262144"
    "memorysetup-temp-allocator-size-gi-baking-worker=262144"
    "memorysetup-temp-allocator-size-gi-baking-worker=262144"
    "memorysetup-temp-allocator-size-gi-baking-worker=262144"
    "memorysetup-temp-allocator-size-gfx=262144"
Player connection [14312]  Target information:

Player connection [14312]  * "[IP] 192.168.0.7 [Port] 0 [Flags] 2 [Guid] 1240132585 [EditorId] 1240132585 [Version] 1048832 [Id] WindowsEditor(7,paulo-pc) [Debug] 1 [PackageName] WindowsEditor [ProjectName] Editor" 

Player connection [14312]  * "[IP] 172.25.16.1 [Port] 0 [Flags] 2 [Guid] 1240132585 [EditorId] 1240132585 [Version] 1048832 [Id] WindowsEditor(7,paulo-pc) [Debug] 1 [PackageName] WindowsEditor [ProjectName] Editor" 

Player connection [14312] Host joined multi-casting on [225.0.0.222:54997]...
Player connection [14312] Host joined alternative multi-casting on [225.0.0.222:34997]...
JobSystem: Creating JobQueue using job-worker-count value 11
Input System module state changed to: Initialized.
[Physics::Module] Initialized fallback backend.
[Physics::Module] Id: 0xdecafbad
Library Redirect Path: Library/
[Physics::Module] Selected backend.
[Physics::Module] Name: PhysX
[Physics::Module] Id: 0xf2b8ea05
[Physics::Module] SDK Version: 4.1.2
[Physics::Module] Integration Version: 1.0.0
[Physics::Module] Threading Mode: Multi-Threaded
Refreshing native plugins compatible for Editor in 5.21 ms, found 4 plugins.
Preloading 0 native plugins for Editor in 0.00 ms.
Initialize engine version: 6000.2.13f1 (abdb44fca7f7)
[Subsystems] Discovering subsystems at path C:/Program Files/Unity/Hub/Editor/6000.2.13f1/Editor/Data/Resources/UnitySubsystems
[Subsystems] Discovering subsystems at path D:/projects/unity/AirSoftGame/Assets
GfxDevice: creating device client; kGfxThreadingModeNonThreaded
Direct3D:
    Version:  Direct3D 11.0 [level 11.1]
    Renderer: NVIDIA GeForce RTX 5060 Ti (ID=0x2d04)
    Vendor:   NVIDIA
    VRAM:     16050 MB
    Driver:   32.0.15.9144
Initialize mono
Mono path[0] = 'C:/Program Files/Unity/Hub/Editor/6000.2.13f1/Editor/Data/Managed'
Mono path[1] = 'C:/Program Files/Unity/Hub/Editor/6000.2.13f1/Editor/Data/MonoBleedingEdge/lib/mono/unityjit-win32'
Mono config path = 'C:/Program Files/Unity/Hub/Editor/6000.2.13f1/Editor/Data/MonoBleedingEdge/etc'
Using monoOptions --debugger-agent=transport=dt_socket,embedding=1,server=y,suspend=n,address=127.0.0.1:56880
Begin MonoManager ReloadAssembly
[Licensing::Client] Error: HandshakeResponse reported an error:
	ResponseCode: 505
	ResponseStatus: Unsupported protocol version '1.17.4'.
[Licensing::Module] Error: Failed to handshake to channel: "LicenseClient-paulorh"
[Licensing::IpcConnector] LicenseClient-paulorh channel disconnected successfully.
[Licensing::IpcConnector] Successfully connected to: "LicenseClient-paulorh-6000.2.13" at "2025-12-09T01:38:30.4752111Z"
Registering precompiled unity dll's ...
Register platform support module: C:/Program Files/Unity/Hub/Editor/6000.2.13f1/Editor/Data/PlaybackEngines/WebGLSupport/UnityEditor.WebGL.Extensions.dll
Register platform support module: C:/Program Files/Unity/Hub/Editor/6000.2.13f1/Editor/Data/PlaybackEngines/WindowsStandaloneSupport/UnityEditor.WindowsStandalone.Extensions.dll
Registered in 0.001865 seconds.
- Loaded All Assemblies, in  0.336 seconds
Native extension for WindowsStandalone target not found
Native extension for WebGL target not found
Mono: successfully reloaded assembly
- Finished resetting the current domain, in  0.304 seconds
Domain Reload Profiling: 637ms
	BeginReloadAssembly (110ms)
		ExecutionOrderSort (0ms)
		DisableScriptedObjects (0ms)
		BackupInstance (0ms)
		ReleaseScriptingObjects (0ms)
		CreateAndSetChildDomain (0ms)
	RebuildCommonClasses (35ms)
	RebuildNativeTypeToScriptingClass (11ms)
	initialDomainReloadingComplete (40ms)
	LoadAllAssembliesAndSetupDomain (137ms)
		LoadAssemblies (107ms)
		RebuildTransferFunctionScriptingTraits (0ms)
		AnalyzeDomain (134ms)
			TypeCache.Refresh (132ms)
				TypeCache.ScanAssembly (122ms)
			BuildScriptInfoCaches (0ms)
			ResolveRequiredComponents (0ms)
	FinalizeReload (304ms)
		ReleaseScriptCaches (0ms)
		RebuildScriptCaches (0ms)
		SetupLoadedEditorAssemblies (263ms)
			LogAssemblyErrors (0ms)
			InitializePlatformSupportModulesInManaged (49ms)
			SetLoadedEditorAssemblies (3ms)
			BeforeProcessingInitializeOnLoad (60ms)
			ProcessInitializeOnLoadAttributes (115ms)
			ProcessInitializeOnLoadMethodAttributes (37ms)
			AfterProcessingInitializeOnLoad (0ms)
			EditorAssembliesLoaded (0ms)
		ExecutionOrderSort2 (0ms)
		AwakeInstancesAfterBackupRestoration (0ms)
Assembly reference Packages/com.unity.cinemachine/Editor/Samples/ExposeHDRPInternals/HDRP-Editor-ref.asmref has no target assembly definition
[Licensing::Client] Handshaking with LicensingClient:
  Version:                 1.17.4+4293ba1
  Session Id:              440f4d7a7f1e41449da908d097a61058
  Correlation Id:          d57634a6243b42849ea553fc18a7dac1
  External correlation Id: 5286770368169306299
  Machine Id:              6sp8raTFMxvUwLzOQlZIojDac2U=
[Licensing::Module] Successfully connected to LicensingClient on channel: "LicenseClient-paulorh-6000.2.13" (connect: 0.00s, validation: 0.00s, handshake: 0.71s)
[Licensing::IpcConnector] Successfully connected to: "LicenseClient-paulorh-6000.2.13-notifications" at "2025-12-09T01:38:31.183069Z"
[Licensing::Module] Licensing Background thread has ended after 1.45s
========================================================================
Worker process is ready to serve import requests
Import Worker Mode flag is 0x00
Assembly reference Packages/com.unity.cinemachine/Editor/Samples/ExposeHDRPInternals/HDRP-Editor-ref.asmref has no target assembly definition
Assembly reference Packages/com.unity.cinemachine/Editor/Samples/ExposeHDRPInternals/HDRP-Editor-ref.asmref has no target assembly definition
Begin MonoManager ReloadAssembly
[Licensing::Client] Successfully resolved entitlement details
[Licensing::Module] License group:
  Id: 4673188508070-UnityPersXXXX
  Product: Unity Personal
  Type: Assigned
  Expiration: Unlimited
- Loaded All Assemblies, in  0.746 seconds
Assembly reference Packages/com.unity.cinemachine/Editor/Samples/ExposeHDRPInternals/HDRP-Editor-ref.asmref has no target assembly definition
'Packages/com.unity.cinemachine/Editor/Obsolete/CinemachineVirtualCameraBaseEditor.cs' contains partial class of Unity.Object, exactly 1 of the partial classes needs to be in a file with the same filename. This is to know the one that can be referenced from ie. GameObjects
'Packages/com.unity.cinemachine/Editor/Editors/CinemachineVirtualCameraBaseEditor.cs' contains partial class of Unity.Object, exactly 1 of the partial classes needs to be in a file with the same filename. This is to know the one that can be referenced from ie. GameObjects
Refreshing native plugins compatible for Editor in 1.37 ms, found 4 plugins.
Native extension for WindowsStandalone target not found
Native extension for WebGL target not found
Assembly reference Packages/com.unity.cinemachine/Editor/Samples/ExposeHDRPInternals/HDRP-Editor-ref.asmref has no target assembly definition
Package Manager log level set to [2]
[Package Manager] Failed to launch server process. Reason: Unity was launched with the -noUpm command-line argument
[Package Manager] Unable to send message (not connected to server process).
[Package Manager] Cannot connect to Unity Package Manager local server
[MODES] ModeService[none].Initialize
[MODES] ModeService[none].LoadModes
[MODES] Loading mode Default (0) for mode-current-id-AirSoftGame
[Package Manager] Failed to launch server process. Reason: Unity was launched with the -noUpm command-line argument
[Package Manager] Unable to send message (not connected to server process).
[Package Manager] Cannot connect to Unity Package Manager local server
[Package Manager] Failed to launch server process. Reason: Unity was launched with the -noUpm command-line argument
[Package Manager] Unable to send message (not connected to server process).
[Package Manager] Cannot connect to Unity Package Manager local server
Mono: successfully reloaded assembly
- Finished resetting the current domain, in  0.696 seconds
Domain Reload Profiling: 1438ms
	BeginReloadAssembly (143ms)
		ExecutionOrderSort (0ms)
		DisableScriptedObjects (6ms)
		BackupInstance (0ms)
		ReleaseScriptingObjects (0ms)
		CreateAndSetChildDomain (35ms)
	RebuildCommonClasses (27ms)
	RebuildNativeTypeToScriptingClass (8ms)
	initialDomainReloadingComplete (33ms)
	LoadAllAssembliesAndSetupDomain (531ms)
		LoadAssemblies (341ms)
		RebuildTransferFunctionScriptingTraits (0ms)
		AnalyzeDomain (259ms)
			TypeCache.Refresh (185ms)
				TypeCache.ScanAssembly (173ms)
			BuildScriptInfoCaches (58ms)
			ResolveRequiredComponents (10ms)
	FinalizeReload (696ms)
		ReleaseScriptCaches (0ms)
		RebuildScriptCaches (0ms)
		SetupLoadedEditorAssemblies (539ms)
			LogAssemblyErrors (0ms)
			InitializePlatformSupportModulesInManaged (2ms)
			SetLoadedEditorAssemblies (5ms)
			BeforeProcessingInitializeOnLoad (110ms)
			ProcessInitializeOnLoadAttributes (378ms)
			ProcessInitializeOnLoadMethodAttributes (40ms)
			AfterProcessingInitializeOnLoad (4ms)
			EditorAssembliesLoaded (0ms)
		ExecutionOrderSort2 (0ms)
		AwakeInstancesAfterBackupRestoration (4ms)
WARNING: Shader Unsupported: 'Hidden/Builtin_TerrainVisualization' - All subshaders removed
WARNING: Shader Did you use #pragma only_renderers and omit this platform?
WARNING: Shader If subshaders removal was intentional, you may have forgotten turning Fallback off?
WARNING: Shader Unsupported: 'Hidden/Builtin_TerrainVisualization' - All subshaders removed
WARNING: Shader Did you use #pragma only_renderers and omit this platform?
WARNING: Shader If subshaders removal was intentional, you may have forgotten turning Fallback off?
Launched and connected shader compiler UnityShaderCompiler.exe after 0.01 seconds
Refreshing native plugins compatible for Editor in 1.66 ms, found 4 plugins.
Preloading 0 native plugins for Editor in 0.00 ms.
Unloading 41 Unused Serialized files (Serialized files now loaded: 0)
Unloading 8016 unused Assets / (10.0 MB). Loaded Objects now: 8811.
Memory consumption went from 169.2 MB to 159.2 MB.
Total: 12.703400 ms (FindLiveObjects: 0.944100 ms CreateObjectMapping: 0.749700 ms MarkObjects: 5.791700 ms  DeleteObjects: 5.217100 ms)

========================================================================
Received Import Request.
  Time since last request: 1645.643141 seconds.
  path: Assets/Mini Nature Pack/Models/Bush1_Textures/normal_specular.png
  artifactKey: Guid(5dd8ee90253c3b1488c811b895187fc1) Importer(2089858483,192608db42251d675da83286b1cce702)
Start importing Assets/Mini Nature Pack/Models/Bush1_Textures/normal_specular.png using Guid(5dd8ee90253c3b1488c811b895187fc1) Importer(2089858483,192608db42251d675da83286b1cce702) (ScriptedImporter) -> (artifact id: 'df07cb5e35e0da9c8e4df139fd3d8a78') in 0.1719283 seconds
Number of updated asset objects reloaded before import = 0Number of asset objects unloaded after import = 1

========================================================================
Received Import Request.
  Time since last request: 0.300534 seconds.
  path: Assets/Mini Nature Pack/Scenery Textures
  artifactKey: Guid(a7b53dd4c9bed764a9f925298cde2847) Importer(2089858483,192608db42251d675da83286b1cce702)
Start importing Assets/Mini Nature Pack/Scenery Textures using Guid(a7b53dd4c9bed764a9f925298cde2847) Importer(2089858483,192608db42251d675da83286b1cce702) (ScriptedImporter) -> (artifact id: 'd25aae871f69ef7aef38118ec684067b') in 0.002786 seconds
Number of updated asset objects reloaded before import = 0Number of asset objects unloaded after import = 1

========================================================================
Received Import Request.
  Time since last request: 0.000013 seconds.
  path: Assets/Mini Nature Pack/Models/Tree 1.prefab
  artifactKey: Guid(7be0281adbf2d4e489584045166d2c0f) Importer(2089858483,192608db42251d675da83286b1cce702)
Start importing Assets/Mini Nature Pack/Models/Tree 1.prefab using Guid(7be0281adbf2d4e489584045166d2c0f) Importer(2089858483,192608db42251d675da83286b1cce702) (ScriptedImporter) -> (artifact id: 'cce40e47e802a1e31a3398d5a2d0fd9f') in 0.1243987 seconds
Number of updated asset objects reloaded before import = 0Number of asset objects unloaded after import = 17

========================================================================
Received Import Request.
  Time since last request: 0.312208 seconds.
  path: Assets/Mini Nature Pack/Terrain
  artifactKey: Guid(06dcfdb51f0907840b4d4610213e511b) Importer(2089858483,192608db42251d675da83286b1cce702)
Start importing Assets/Mini Nature Pack/Terrain using Guid(06dcfdb51f0907840b4d4610213e511b) Importer(2089858483,192608db42251d675da83286b1cce702) (ScriptedImporter) -> (artifact id: '4558c7435ba02134bf36ca8136be3f0d') in 0.0026403 seconds
Number of updated asset objects reloaded before import = 0Number of asset objects unloaded after import = 1

========================================================================
Received Import Request.
  Time since last request: 0.000015 seconds.
  path: Assets/Mini Nature Pack/Models/Tree 10.prefab
  artifactKey: Guid(23e1a04b66efb4bda8521f3fc45f4793) Importer(2089858483,192608db42251d675da83286b1cce702)
Start importing Assets/Mini Nature Pack/Models/Tree 10.prefab using Guid(23e1a04b66efb4bda8521f3fc45f4793) Importer(2089858483,192608db42251d675da83286b1cce702) (ScriptedImporter) -> (artifact id: '9bb72246aac2509826d4d80d2d4ba318') in 0.0364914 seconds
Number of updated asset objects reloaded before import = 0Number of asset objects unloaded after import = 17

========================================================================
Received Import Request.
  Time since last request: 0.401138 seconds.
  path: Assets/Mini Nature Pack/Models/Tree 9.prefab
  artifactKey: Guid(1e6b9959cd96c6e4d938dd7814674b68) Importer(2089858483,192608db42251d675da83286b1cce702)
Start importing Assets/Mini Nature Pack/Models/Tree 9.prefab using Guid(1e6b9959cd96c6e4d938dd7814674b68) Importer(2089858483,192608db42251d675da83286b1cce702) (ScriptedImporter) -> (artifact id: '883cbb476e947af6f06b30c6fc2f9a00') in 0.0143423 seconds
Number of updated asset objects reloaded before import = 0Number of asset objects unloaded after import = 17

========================================================================
Received Import Request.
  Time since last request: 0.000014 seconds.
  path: Assets/Mini Nature Pack/Scenery Textures/Tree_Branch_1.psd
  artifactKey: Guid(00e2ae0dbf77b6f46bfcd75d4b12b35b) Importer(2089858483,192608db42251d675da83286b1cce702)
Start importing Assets/Mini Nature Pack/Scenery Textures/Tree_Branch_1.psd using Guid(00e2ae0dbf77b6f46bfcd75d4b12b35b) Importer(2089858483,192608db42251d675da83286b1cce702) (ScriptedImporter) -> (artifact id: '15c890c53c179d853218aad2a05b3987') in 0.0065038 seconds
Number of updated asset objects reloaded before import = 0Number of asset objects unloaded after import = 1

========================================================================
Received Import Request.
  Time since last request: 0.417800 seconds.
  path: Assets/Mini Nature Pack/Models/Tree 6_Textures/shadow.png
  artifactKey: Guid(7ce2e5a2154785845979f1367168a86f) Importer(2089858483,192608db42251d675da83286b1cce702)
Start importing Assets/Mini Nature Pack/Models/Tree 6_Textures/shadow.png using Guid(7ce2e5a2154785845979f1367168a86f) Importer(2089858483,192608db42251d675da83286b1cce702) (ScriptedImporter) -> (artifact id: 'b9d1183cdc3816ed418651b172596368') in 0.0087025 seconds
Number of updated asset objects reloaded before import = 0Number of asset objects unloaded after import = 1

========================================================================
Received Import Request.
  Time since last request: 0.000013 seconds.
  path: Assets/Mini Nature Pack/Models/Bush1.prefab
  artifactKey: Guid(f1422f5c6e1457147a73440f96e079ac) Importer(2089858483,192608db42251d675da83286b1cce702)
Start importing Assets/Mini Nature Pack/Models/Bush1.prefab using Guid(f1422f5c6e1457147a73440f96e079ac) Importer(2089858483,192608db42251d675da83286b1cce702) (ScriptedImporter) -> (artifact id: 'ebd6f0925741de9f66257f397af408db') in 0.0140455 seconds
Number of updated asset objects reloaded before import = 0Number of asset objects unloaded after import = 16

========================================================================
Received Import Request.
  Time since last request: 0.428951 seconds.
  path: Assets/Mini Nature Pack/Scenery Textures/Tree_Branch_5_SHADOW.psd
  artifactKey: Guid(05fd977ea6671504f94c323f0f02bc86) Importer(2089858483,192608db42251d675da83286b1cce702)
Start importing Assets/Mini Nature Pack/Scenery Textures/Tree_Branch_5_SHADOW.psd using Guid(05fd977ea6671504f94c323f0f02bc86) Importer(2089858483,192608db42251d675da83286b1cce702) (ScriptedImporter) -> (artifact id: '8efdeb6d2ad4ea5f9aa180b8c2dfc8be') in 0.0059141 seconds
Number of updated asset objects reloaded before import = 0Number of asset objects unloaded after import = 1

========================================================================
Received Import Request.
  Time since last request: 0.000011 seconds.
  path: Assets/Mini Nature Pack/Models/Tree 1_Textures
  artifactKey: Guid(f9cf210e7e69ba54283b7a7c9439c22b) Importer(2089858483,192608db42251d675da83286b1cce702)
Start importing Assets/Mini Nature Pack/Models/Tree 1_Textures using Guid(f9cf210e7e69ba54283b7a7c9439c22b) Importer(2089858483,192608db42251d675da83286b1cce702) (ScriptedImporter) -> (artifact id: '29b07d4a5061959297bc5f7606548b29') in 0.0024845 seconds
Number of updated asset objects reloaded before import = 0Number of asset objects unloaded after import = 1

========================================================================
Received Import Request.
  Time since last request: 0.430973 seconds.
  path: Assets/Mini Nature Pack/Models/Tree 4_Textures/translucency_gloss.png
  artifactKey: Guid(735e5ee18759ac340b0840c70d27a8c7) Importer(2089858483,192608db42251d675da83286b1cce702)
Start importing Assets/Mini Nature Pack/Models/Tree 4_Textures/translucency_gloss.png using Guid(735e5ee18759ac340b0840c70d27a8c7) Importer(2089858483,192608db42251d675da83286b1cce702) (ScriptedImporter) -> (artifact id: '91ee175f6b2f6a54ba3f3a3469b020dd') in 0.0066928 seconds
Number of updated asset objects reloaded before import = 0Number of asset objects unloaded after import = 1

========================================================================
Received Import Request.
  Time since last request: 0.000011 seconds.
  path: Assets/Mini Nature Pack/Models/Bush4.prefab
  artifactKey: Guid(21ec5fde180d55548a40d810905090fe) Importer(2089858483,192608db42251d675da83286b1cce702)
Start importing Assets/Mini Nature Pack/Models/Bush4.prefab using Guid(21ec5fde180d55548a40d810905090fe) Importer(2089858483,192608db42251d675da83286b1cce702) (ScriptedImporter) -> (artifact id: '806e9e1dff8cb263214d126e0a820d0f') in 0.0127356 seconds
Number of updated asset objects reloaded before import = 0Number of asset objects unloaded after import = 16

========================================================================
Received Import Request.
  Time since last request: 0.413389 seconds.
  path: Assets/Mini Nature Pack/Models/Tree 9_Textures/translucency_gloss.png
  artifactKey: Guid(9578b189d2cff63459f53e071b31c1ce) Importer(2089858483,192608db42251d675da83286b1cce702)
Start importing Assets/Mini Nature Pack/Models/Tree 9_Textures/translucency_gloss.png using Guid(9578b189d2cff63459f53e071b31c1ce) Importer(2089858483,192608db42251d675da83286b1cce702) (ScriptedImporter) -> (artifact id: 'f2d7d4425e4bc1155f99a803fb7e9132') in 0.0070861 seconds
Number of updated asset objects reloaded before import = 0Number of asset objects unloaded after import = 1

========================================================================
Received Import Request.
  Time since last request: 0.000012 seconds.
  path: Assets/Mini Nature Pack/Materials
  artifactKey: Guid(cc4ca618c14e1c44993399757662897c) Importer(2089858483,192608db42251d675da83286b1cce702)
Start importing Assets/Mini Nature Pack/Materials using Guid(cc4ca618c14e1c44993399757662897c) Importer(2089858483,192608db42251d675da83286b1cce702) (ScriptedImporter) -> (artifact id: '1edd70b13c8e83f2760f479b4dc24d46') in 0.0026 seconds
Number of updated asset objects reloaded before import = 0Number of asset objects unloaded after import = 1

========================================================================
Received Import Request.
  Time since last request: 0.421933 seconds.
  path: Assets/Mini Nature Pack/Scenery Textures/Tree_Bark_02.psd
  artifactKey: Guid(05bfb5024bdeb7e4aa3ad3044aa54872) Importer(2089858483,192608db42251d675da83286b1cce702)
Start importing Assets/Mini Nature Pack/Scenery Textures/Tree_Bark_02.psd using Guid(05bfb5024bdeb7e4aa3ad3044aa54872) Importer(2089858483,192608db42251d675da83286b1cce702) (ScriptedImporter) -> (artifact id: 'f506cb97c6f44a86dd8a808002879172') in 0.0068339 seconds
Number of updated asset objects reloaded before import = 0Number of asset objects unloaded after import = 1

========================================================================
Received Import Request.
  Time since last request: 0.000015 seconds.
  path: Assets/Mini Nature Pack/Materials/Tree_01_Leaves.mat
  artifactKey: Guid(2b98e8cbf2e3bd845897ae853cc50516) Importer(2089858483,192608db42251d675da83286b1cce702)
Start importing Assets/Mini Nature Pack/Materials/Tree_01_Leaves.mat using Guid(2b98e8cbf2e3bd845897ae853cc50516) Importer(2089858483,192608db42251d675da83286b1cce702) (ScriptedImporter) -> (artifact id: '29a4a24830dcccace6733074dba132e3') in 0.0484658 seconds
Number of updated asset objects reloaded before import = 0Number of asset objects unloaded after import = 5

========================================================================
Received Import Request.
  Time since last request: 0.382603 seconds.
  path: Assets/Mini Nature Pack/Models/Tree 1_Textures/diffuse.png
  artifactKey: Guid(ee92cca3c28318f4f9367d872fc8b193) Importer(2089858483,192608db42251d675da83286b1cce702)
Start importing Assets/Mini Nature Pack/Models/Tree 1_Textures/diffuse.png using Guid(ee92cca3c28318f4f9367d872fc8b193) Importer(2089858483,192608db42251d675da83286b1cce702) (ScriptedImporter) -> (artifact id: '876af2799c662b909eafd6c2bf585c89') in 0.0086167 seconds
Number of updated asset objects reloaded before import = 0Number of asset objects unloaded after import = 1

========================================================================
Received Import Request.
  Time since last request: 0.000016 seconds.
  path: Assets/Mini Nature Pack/Scenery Textures/Tree_Bark_03_NORM.tga
  artifactKey: Guid(3a4633a03aaf4894d9275708ce904d66) Importer(2089858483,192608db42251d675da83286b1cce702)
Start importing Assets/Mini Nature Pack/Scenery Textures/Tree_Bark_03_NORM.tga using Guid(3a4633a03aaf4894d9275708ce904d66) Importer(2089858483,192608db42251d675da83286b1cce702) (ScriptedImporter) -> (artifact id: '5ffd0edb066da2be1f9346125996b621') in 0.0087923 seconds
Number of updated asset objects reloaded before import = 0Number of asset objects unloaded after import = 1

========================================================================
Received Import Request.
  Time since last request: 0.449543 seconds.
  path: Assets/Mini Nature Pack/Textures/FD_Grass_NM_2.bmp
  artifactKey: Guid(9827c37e3ca540f4d8dc31389f72117b) Importer(2089858483,192608db42251d675da83286b1cce702)
Start importing Assets/Mini Nature Pack/Textures/FD_Grass_NM_2.bmp using Guid(9827c37e3ca540f4d8dc31389f72117b) Importer(2089858483,192608db42251d675da83286b1cce702) (ScriptedImporter) -> (artifact id: '6f719458ae9f21294a5627502d076fb1') in 0.008872 seconds
Number of updated asset objects reloaded before import = 0Number of asset objects unloaded after import = 1

========================================================================
Received Import Request.
  Time since last request: 0.000012 seconds.
  path: Assets/Mini Nature Pack/Models/Bush4_Textures/shadow.png
  artifactKey: Guid(84e2af603ecb14c47bb6d1cc30afc044) Importer(2089858483,192608db42251d675da83286b1cce702)
Start importing Assets/Mini Nature Pack/Models/Bush4_Textures/shadow.png using Guid(84e2af603ecb14c47bb6d1cc30afc044) Importer(2089858483,192608db42251d675da83286b1cce702) (ScriptedImporter) -> (artifact id: '11f2848ee595447dd3d1ec4fc3cacdb2') in 0.0053506 seconds
Number of updated asset objects reloaded before import = 0Number of asset objects unloaded after import = 1

========================================================================
Received Import Request.
  Time since last request: 0.423654 seconds.
  path: Assets/Mini Nature Pack/Models/Tree 2.prefab
  artifactKey: Guid(12ff573d21ef578469f7a25c286520fe) Importer(2089858483,192608db42251d675da83286b1cce702)
Start importing Assets/Mini Nature Pack/Models/Tree 2.prefab using Guid(12ff573d21ef578469f7a25c286520fe) Importer(2089858483,192608db42251d675da83286b1cce702) (ScriptedImporter) -> (artifact id: '0766a1ddeda56da3c85453830a7f5f75') in 0.0182047 seconds
Number of updated asset objects reloaded before import = 0Number of asset objects unloaded after import = 17

========================================================================
Received Import Request.
  Time since last request: 0.000015 seconds.
  path: Assets/Mini Nature Pack/Scenery Textures/Tree_Branch_5_SPEC.tga
  artifactKey: Guid(cae41429d46656d448137e4dd82c685a) Importer(2089858483,192608db42251d675da83286b1cce702)
Start importing Assets/Mini Nature Pack/Scenery Textures/Tree_Branch_5_SPEC.tga using Guid(cae41429d46656d448137e4dd82c685a) Importer(2089858483,192608db42251d675da83286b1cce702) (ScriptedImporter) -> (artifact id: 'f35a81baea8bb832e567408d0dbf7978') in 0.0077477 seconds
Number of updated asset objects reloaded before import = 0Number of asset objects unloaded after import = 1

========================================================================
Received Import Request.
  Time since last request: 0.407343 seconds.
  path: Assets/Mini Nature Pack/Textures/FD_Grass_1.bmp
  artifactKey: Guid(2fb181cc2d8da4f499072d1ae84b7338) Importer(2089858483,192608db42251d675da83286b1cce702)
Start importing Assets/Mini Nature Pack/Textures/FD_Grass_1.bmp using Guid(2fb181cc2d8da4f499072d1ae84b7338) Importer(2089858483,192608db42251d675da83286b1cce702) (ScriptedImporter) -> (artifact id: 'b4f3e4dd3be4efaf07d1156f20a2084f') in 0.0073973 seconds
Number of updated asset objects reloaded before import = 0Number of asset objects unloaded after import = 1

========================================================================
Received Import Request.
  Time since last request: 0.000015 seconds.
  path: Assets/Mini Nature Pack/Scenery Textures/Tree_Branch_5_NORM.tga
  artifactKey: Guid(931f6e28d075e7a40a3f7dc2406a88a2) Importer(2089858483,192608db42251d675da83286b1cce702)
Start importing Assets/Mini Nature Pack/Scenery Textures/Tree_Branch_5_NORM.tga using Guid(931f6e28d075e7a40a3f7dc2406a88a2) Importer(2089858483,192608db42251d675da83286b1cce702) (ScriptedImporter) -> (artifact id: '21f02c2bc0890d752ae6161a755a24d1') in 0.0058591 seconds
Number of updated asset objects reloaded before import = 0Number of asset objects unloaded after import = 1

Editor requested this worker to shutdown with reason: Scaling down because of idle timeout
AssetImportWorker is now disconnected from the server
Process exiting
Exiting without the bug reporter. Application will terminate with return code 0