[Licensing::Module] Trying to connect to existing licensing client channel...
Built from '6000.2/staging' branch; Version is '6000.2.13f1 (abdb44fca7f7) revision 11262788'; Using compiler version '194234433'; Build Type 'Release'
OS: 'Windows 11  (10.0.26200) 64bit Professional' Language: 'pt' Physical Memory: 31879 MB
[Licensing::IpcConnector] Successfully connected to: "LicenseClient-paulorh" at "2025-12-09T01:38:29.769721Z"
BatchMode: 1, IsHumanControllingUs: 0, StartBugReporterOnCrash: 0, Is64bit: 1
Date: 2025-12-09T01:38:29Z

COMMAND LINE ARGUMENTS:
C:\Program Files\Unity\Hub\Editor\6000.2.13f1\Editor\Unity.exe
-adb2
-batchMode
-noUpm
-name
AssetImportWorker14
-projectPath
D:/projects/unity/AirSoftGame
-logFile
Logs/AssetImportWorker14.log
-srvPort
62458
-licensingIpc
LicenseClient-paulorh
-job-worker-count
11
-background-job-worker-count
8
-gc-helper-count
1
-name
AssetImport
Successfully changed project path to: D:/projects/unity/AirSoftGame
D:/projects/unity/AirSoftGame
[UnityMemory] Configuration Parameters - Can be set up in boot.config
    "memorysetup-allocator-temp-initial-block-size-main=262144"
    "memorysetup-allocator-temp-initial-block-size-worker=262144"
    "memorysetup-bucket-allocator-granularity=16"
    "memorysetup-bucket-allocator-bucket-count=8"
    "memorysetup-bucket-allocator-block-size=33554432"
    "memorysetup-bucket-allocator-block-count=8"
    "memorysetup-main-allocator-block-size=16777216"
    "memorysetup-thread-allocator-block-size=16777216"
    "memorysetup-gfx-main-allocator-block-size=16777216"
    "memorysetup-gfx-thread-allocator-block-size=16777216"
    "memorysetup-cache-allocator-block-size=4194304"
    "memorysetup-typetree-allocator-block-size=2097152"
    "memorysetup-profiler-bucket-allocator-granularity=16"
    "memorysetup-profiler-bucket-allocator-bucket-count=8"
    "memorysetup-profiler-bucket-allocator-block-size=33554432"
    "memorysetup-profiler-bucket-allocator-block-count=8"
    "memorysetup-profiler-allocator-block-size=16777216"
    "memorysetup-profiler-editor-allocator-block-size=1048576"
    "memorysetup-temp-allocator-size-main=16777216"
    "memorysetup-job-temp-allocator-block-size=2097152"
    "memorysetup-job-temp-allocator-block-size-background=1048576"
    "memorysetup-job-temp-allocator-reduction-small-platforms=262144"
    "memorysetup-temp-allocator-size-background-worker=32768"
    "memorysetup-temp-allocator-size-job-worker=262144"
    "memorysetup-temp-allocator-size-preload-manager=33554432"
    "memorysetup-temp-allocator-size-nav-mesh-worker=65536"
    "memorysetup-temp-allocator-size-audio-worker=65536"
    "memorysetup-temp-allocator-size-cloud-worker=32768"
    "memorysetup-temp-allocator-size-gi-baking-worker=262144"
    "memorysetup-temp-allocator-size-gi-baking-worker=262144"
    "memorysetup-temp-allocator-size-gi-baking-worker=262144"
    "memorysetup-temp-allocator-size-gi-baking-worker=262144"
    "memorysetup-temp-allocator-size-gi-baking-worker=262144"
    "memorysetup-temp-allocator-size-gfx=262144"
Player connection [33460]  Target information:

Player connection [33460]  * "[IP] 192.168.0.7 [Port] 0 [Flags] 2 [Guid] 3159206676 [EditorId] 3159206676 [Version] 1048832 [Id] WindowsEditor(7,paulo-pc) [Debug] 1 [PackageName] WindowsEditor [ProjectName] Editor" 

Player connection [33460]  * "[IP] 172.25.16.1 [Port] 0 [Flags] 2 [Guid] 3159206676 [EditorId] 3159206676 [Version] 1048832 [Id] WindowsEditor(7,paulo-pc) [Debug] 1 [PackageName] WindowsEditor [ProjectName] Editor" 

Player connection [33460] Host joined multi-casting on [225.0.0.222:54997]...
Player connection [33460] Host joined alternative multi-casting on [225.0.0.222:34997]...
JobSystem: Creating JobQueue using job-worker-count value 11
Input System module state changed to: Initialized.
[Physics::Module] Initialized fallback backend.
[Physics::Module] Id: 0xdecafbad
Library Redirect Path: Library/
[Physics::Module] Selected backend.
[Physics::Module] Name: PhysX
[Physics::Module] Id: 0xf2b8ea05
[Physics::Module] SDK Version: 4.1.2
[Physics::Module] Integration Version: 1.0.0
[Physics::Module] Threading Mode: Multi-Threaded
Refreshing native plugins compatible for Editor in 4.02 ms, found 4 plugins.
Preloading 0 native plugins for Editor in 0.00 ms.
Initialize engine version: 6000.2.13f1 (abdb44fca7f7)
[Subsystems] Discovering subsystems at path C:/Program Files/Unity/Hub/Editor/6000.2.13f1/Editor/Data/Resources/UnitySubsystems
[Subsystems] Discovering subsystems at path D:/projects/unity/AirSoftGame/Assets
GfxDevice: creating device client; kGfxThreadingModeNonThreaded
Direct3D:
    Version:  Direct3D 11.0 [level 11.1]
    Renderer: NVIDIA GeForce RTX 5060 Ti (ID=0x2d04)
    Vendor:   NVIDIA
    VRAM:     16050 MB
    Driver:   32.0.15.9144
Initialize mono
Mono path[0] = 'C:/Program Files/Unity/Hub/Editor/6000.2.13f1/Editor/Data/Managed'
Mono path[1] = 'C:/Program Files/Unity/Hub/Editor/6000.2.13f1/Editor/Data/MonoBleedingEdge/lib/mono/unityjit-win32'
Mono config path = 'C:/Program Files/Unity/Hub/Editor/6000.2.13f1/Editor/Data/MonoBleedingEdge/etc'
Using monoOptions --debugger-agent=transport=dt_socket,embedding=1,server=y,suspend=n,address=127.0.0.1:56020
Begin MonoManager ReloadAssembly
Registering precompiled unity dll's ...
Register platform support module: C:/Program Files/Unity/Hub/Editor/6000.2.13f1/Editor/Data/PlaybackEngines/WebGLSupport/UnityEditor.WebGL.Extensions.dll
Register platform support module: C:/Program Files/Unity/Hub/Editor/6000.2.13f1/Editor/Data/PlaybackEngines/WindowsStandaloneSupport/UnityEditor.WindowsStandalone.Extensions.dll
Registered in 0.002640 seconds.
[Licensing::Client] Error: HandshakeResponse reported an error:
	ResponseCode: 505
	ResponseStatus: Unsupported protocol version '1.17.4'.
[Licensing::Module] Error: Failed to handshake to channel: "LicenseClient-paulorh"
[Licensing::IpcConnector] LicenseClient-paulorh channel disconnected successfully.
[Licensing::IpcConnector] Successfully connected to: "LicenseClient-paulorh-6000.2.13" at "2025-12-09T01:38:30.5171341Z"
- Loaded All Assemblies, in  0.324 seconds
Native extension for WindowsStandalone target not found
Native extension for WebGL target not found
Mono: successfully reloaded assembly
- Finished resetting the current domain, in  0.304 seconds
Domain Reload Profiling: 625ms
	BeginReloadAssembly (107ms)
		ExecutionOrderSort (0ms)
		DisableScriptedObjects (0ms)
		BackupInstance (0ms)
		ReleaseScriptingObjects (0ms)
		CreateAndSetChildDomain (1ms)
	RebuildCommonClasses (29ms)
	RebuildNativeTypeToScriptingClass (9ms)
	initialDomainReloadingComplete (43ms)
	LoadAllAssembliesAndSetupDomain (133ms)
		LoadAssemblies (103ms)
		RebuildTransferFunctionScriptingTraits (0ms)
		AnalyzeDomain (130ms)
			TypeCache.Refresh (129ms)
				TypeCache.ScanAssembly (118ms)
			BuildScriptInfoCaches (0ms)
			ResolveRequiredComponents (0ms)
	FinalizeReload (304ms)
		ReleaseScriptCaches (0ms)
		RebuildScriptCaches (0ms)
		SetupLoadedEditorAssemblies (267ms)
			LogAssemblyErrors (0ms)
			InitializePlatformSupportModulesInManaged (47ms)
			SetLoadedEditorAssemblies (4ms)
			BeforeProcessingInitializeOnLoad (60ms)
			ProcessInitializeOnLoadAttributes (120ms)
			ProcessInitializeOnLoadMethodAttributes (37ms)
			AfterProcessingInitializeOnLoad (0ms)
			EditorAssembliesLoaded (0ms)
		ExecutionOrderSort2 (0ms)
		AwakeInstancesAfterBackupRestoration (0ms)
Assembly reference Packages/com.unity.cinemachine/Editor/Samples/ExposeHDRPInternals/HDRP-Editor-ref.asmref has no target assembly definition
[Licensing::Client] Handshaking with LicensingClient:
  Version:                 1.17.4+4293ba1
  Session Id:              0276fcb0301c4afb8fdadcde73c1a3ec
  Correlation Id:          d57634a6243b42849ea553fc18a7dac1
  External correlation Id: 6941040529192678717
  Machine Id:              6sp8raTFMxvUwLzOQlZIojDac2U=
[Licensing::Module] Successfully connected to LicensingClient on channel: "LicenseClient-paulorh-6000.2.13" (connect: 0.00s, validation: 0.00s, handshake: 0.70s)
[Licensing::IpcConnector] Successfully connected to: "LicenseClient-paulorh-6000.2.13-notifications" at "2025-12-09T01:38:31.2179171Z"
[Licensing::Module] Licensing Background thread has ended after 1.45s
========================================================================
Worker process is ready to serve import requests
Import Worker Mode flag is 0x00
Assembly reference Packages/com.unity.cinemachine/Editor/Samples/ExposeHDRPInternals/HDRP-Editor-ref.asmref has no target assembly definition
Assembly reference Packages/com.unity.cinemachine/Editor/Samples/ExposeHDRPInternals/HDRP-Editor-ref.asmref has no target assembly definition
Begin MonoManager ReloadAssembly
[Licensing::Client] Successfully resolved entitlement details
[Licensing::Module] License group:
  Id: 4673188508070-UnityPersXXXX
  Product: Unity Personal
  Type: Assigned
  Expiration: Unlimited
- Loaded All Assemblies, in  0.753 seconds
Assembly reference Packages/com.unity.cinemachine/Editor/Samples/ExposeHDRPInternals/HDRP-Editor-ref.asmref has no target assembly definition
'Packages/com.unity.cinemachine/Editor/Obsolete/CinemachineVirtualCameraBaseEditor.cs' contains partial class of Unity.Object, exactly 1 of the partial classes needs to be in a file with the same filename. This is to know the one that can be referenced from ie. GameObjects
'Packages/com.unity.cinemachine/Editor/Editors/CinemachineVirtualCameraBaseEditor.cs' contains partial class of Unity.Object, exactly 1 of the partial classes needs to be in a file with the same filename. This is to know the one that can be referenced from ie. GameObjects
Refreshing native plugins compatible for Editor in 1.48 ms, found 4 plugins.
Native extension for WindowsStandalone target not found
Native extension for WebGL target not found
Assembly reference Packages/com.unity.cinemachine/Editor/Samples/ExposeHDRPInternals/HDRP-Editor-ref.asmref has no target assembly definition
Package Manager log level set to [2]
[Package Manager] Failed to launch server process. Reason: Unity was launched with the -noUpm command-line argument
[Package Manager] Unable to send message (not connected to server process).
[Package Manager] Cannot connect to Unity Package Manager local server
[MODES] ModeService[none].Initialize
[MODES] ModeService[none].LoadModes
[MODES] Loading mode Default (0) for mode-current-id-AirSoftGame
[Package Manager] Failed to launch server process. Reason: Unity was launched with the -noUpm command-line argument
[Package Manager] Unable to send message (not connected to server process).
[Package Manager] Cannot connect to Unity Package Manager local server
[Package Manager] Failed to launch server process. Reason: Unity was launched with the -noUpm command-line argument
[Package Manager] Unable to send message (not connected to server process).
[Package Manager] Cannot connect to Unity Package Manager local server
Mono: successfully reloaded assembly
- Finished resetting the current domain, in  0.712 seconds
Domain Reload Profiling: 1464ms
	BeginReloadAssembly (143ms)
		ExecutionOrderSort (0ms)
		DisableScriptedObjects (5ms)
		BackupInstance (0ms)
		ReleaseScriptingObjects (0ms)
		CreateAndSetChildDomain (33ms)
	RebuildCommonClasses (27ms)
	RebuildNativeTypeToScriptingClass (9ms)
	initialDomainReloadingComplete (33ms)
	LoadAllAssembliesAndSetupDomain (538ms)
		LoadAssemblies (343ms)
		RebuildTransferFunctionScriptingTraits (0ms)
		AnalyzeDomain (266ms)
			TypeCache.Refresh (198ms)
				TypeCache.ScanAssembly (184ms)
			BuildScriptInfoCaches (54ms)
			ResolveRequiredComponents (10ms)
	FinalizeReload (713ms)
		ReleaseScriptCaches (0ms)
		RebuildScriptCaches (0ms)
		SetupLoadedEditorAssemblies (540ms)
			LogAssemblyErrors (0ms)
			InitializePlatformSupportModulesInManaged (2ms)
			SetLoadedEditorAssemblies (5ms)
			BeforeProcessingInitializeOnLoad (106ms)
			ProcessInitializeOnLoadAttributes (382ms)
			ProcessInitializeOnLoadMethodAttributes (40ms)
			AfterProcessingInitializeOnLoad (4ms)
			EditorAssembliesLoaded (0ms)
		ExecutionOrderSort2 (0ms)
		AwakeInstancesAfterBackupRestoration (4ms)
WARNING: Shader Unsupported: 'Hidden/Builtin_TerrainVisualization' - All subshaders removed
WARNING: Shader Did you use #pragma only_renderers and omit this platform?
WARNING: Shader If subshaders removal was intentional, you may have forgotten turning Fallback off?
WARNING: Shader Unsupported: 'Hidden/Builtin_TerrainVisualization' - All subshaders removed
WARNING: Shader Did you use #pragma only_renderers and omit this platform?
WARNING: Shader If subshaders removal was intentional, you may have forgotten turning Fallback off?
Launched and connected shader compiler UnityShaderCompiler.exe after 0.01 seconds
Refreshing native plugins compatible for Editor in 1.54 ms, found 4 plugins.
Preloading 0 native plugins for Editor in 0.00 ms.
Unloading 41 Unused Serialized files (Serialized files now loaded: 0)
Unloading 8016 unused Assets / (9.9 MB). Loaded Objects now: 8811.
Memory consumption went from 169.3 MB to 159.4 MB.
Total: 11.307900 ms (FindLiveObjects: 0.798500 ms CreateObjectMapping: 0.814200 ms MarkObjects: 5.383100 ms  DeleteObjects: 4.311300 ms)

========================================================================
Received Import Request.
  Time since last request: 1645.643311 seconds.
  path: Assets/Mini Nature Pack/Models/Tree 7_Textures/normal_specular.png
  artifactKey: Guid(e543b6a99bec61249b0b136facadb693) Importer(2089858483,192608db42251d675da83286b1cce702)
Start importing Assets/Mini Nature Pack/Models/Tree 7_Textures/normal_specular.png using Guid(e543b6a99bec61249b0b136facadb693) Importer(2089858483,192608db42251d675da83286b1cce702) (ScriptedImporter) -> (artifact id: '7eae582b2a424fa45ebdc5c169fa19a6') in 0.1704179 seconds
Number of updated asset objects reloaded before import = 0Number of asset objects unloaded after import = 1

========================================================================
Received Import Request.
  Time since last request: 0.300676 seconds.
  path: Assets/Mini Nature Pack/Models/Bush1_Textures/shadow.png
  artifactKey: Guid(a622b52f6184ffd43bff76e6ce4994f4) Importer(2089858483,192608db42251d675da83286b1cce702)
Start importing Assets/Mini Nature Pack/Models/Bush1_Textures/shadow.png using Guid(a622b52f6184ffd43bff76e6ce4994f4) Importer(2089858483,192608db42251d675da83286b1cce702) (ScriptedImporter) -> (artifact id: '0b6fdc372ce3efc5104b86f1e806b58d') in 0.0059431 seconds
Number of updated asset objects reloaded before import = 0Number of asset objects unloaded after import = 1

========================================================================
Received Import Request.
  Time since last request: 0.000011 seconds.
  path: Assets/Mini Nature Pack/Scenery Textures/Tree_Branch_1_NORM.tga
  artifactKey: Guid(ef091ea4960528943a0172ee4c450231) Importer(2089858483,192608db42251d675da83286b1cce702)
Start importing Assets/Mini Nature Pack/Scenery Textures/Tree_Branch_1_NORM.tga using Guid(ef091ea4960528943a0172ee4c450231) Importer(2089858483,192608db42251d675da83286b1cce702) (ScriptedImporter) -> (artifact id: '7f01787fab38ca87758bd60ce8fd4321') in 0.0091071 seconds
Number of updated asset objects reloaded before import = 0Number of asset objects unloaded after import = 1

========================================================================
Received Import Request.
  Time since last request: 0.420210 seconds.
  path: Assets/Mini Nature Pack/Models/Tree 8_Textures/diffuse.png
  artifactKey: Guid(dd3381968ff68f44f813e7fdc3d3a85f) Importer(2089858483,192608db42251d675da83286b1cce702)
Start importing Assets/Mini Nature Pack/Models/Tree 8_Textures/diffuse.png using Guid(dd3381968ff68f44f813e7fdc3d3a85f) Importer(2089858483,192608db42251d675da83286b1cce702) (ScriptedImporter) -> (artifact id: '3677f8b5fcd72944a4a210eca3a49193') in 0.0064927 seconds
Number of updated asset objects reloaded before import = 0Number of asset objects unloaded after import = 1

========================================================================
Received Import Request.
  Time since last request: 0.000014 seconds.
  path: Assets/Mini Nature Pack/Models/Bush3.prefab
  artifactKey: Guid(4955f028d29047641a25f9c22b926284) Importer(2089858483,192608db42251d675da83286b1cce702)
Start importing Assets/Mini Nature Pack/Models/Bush3.prefab using Guid(4955f028d29047641a25f9c22b926284) Importer(2089858483,192608db42251d675da83286b1cce702) (ScriptedImporter) -> (artifact id: '4699dd784a4851637a30f7423f4ffc75') in 0.1549021 seconds
Number of updated asset objects reloaded before import = 0Number of asset objects unloaded after import = 16

========================================================================
Received Import Request.
  Time since last request: 0.282804 seconds.
  path: Assets/Mini Nature Pack/Models/Tree 4.prefab
  artifactKey: Guid(b2f4adad2b43ef24b9dadde152b742b5) Importer(2089858483,192608db42251d675da83286b1cce702)
Start importing Assets/Mini Nature Pack/Models/Tree 4.prefab using Guid(b2f4adad2b43ef24b9dadde152b742b5) Importer(2089858483,192608db42251d675da83286b1cce702) (ScriptedImporter) -> (artifact id: '6804a11c5a925bae0aa838c35522c9d2') in 0.0139294 seconds
Number of updated asset objects reloaded before import = 0Number of asset objects unloaded after import = 16

========================================================================
Received Import Request.
  Time since last request: 0.000018 seconds.
  path: Assets/Mini Nature Pack/Models/Tree 7.prefab
  artifactKey: Guid(e22e6427d673f8b47884f2c5662195aa) Importer(2089858483,192608db42251d675da83286b1cce702)
Start importing Assets/Mini Nature Pack/Models/Tree 7.prefab using Guid(e22e6427d673f8b47884f2c5662195aa) Importer(2089858483,192608db42251d675da83286b1cce702) (ScriptedImporter) -> (artifact id: '573793ade5c8dc8a7817b6790301ad26') in 0.0156026 seconds
Number of updated asset objects reloaded before import = 0Number of asset objects unloaded after import = 17

========================================================================
Received Import Request.
  Time since last request: 0.410700 seconds.
  path: Assets/Mini Nature Pack/Materials/Tree_Bark_03.mat
  artifactKey: Guid(cdf8d6fe57428564199813831a3b5a15) Importer(2089858483,192608db42251d675da83286b1cce702)
Start importing Assets/Mini Nature Pack/Materials/Tree_Bark_03.mat using Guid(cdf8d6fe57428564199813831a3b5a15) Importer(2089858483,192608db42251d675da83286b1cce702) (ScriptedImporter) -> (artifact id: '72d6670f6a31dcf1b4c7f8f128276fc7') in 0.0409573 seconds
Number of updated asset objects reloaded before import = 0Number of asset objects unloaded after import = 3

========================================================================
Received Import Request.
  Time since last request: 0.000020 seconds.
  path: Assets/Mini Nature Pack/Textures/FD_Gravel_2.bmp
  artifactKey: Guid(e21a96814f6819748a726880e8c2c45c) Importer(2089858483,192608db42251d675da83286b1cce702)
Start importing Assets/Mini Nature Pack/Textures/FD_Gravel_2.bmp using Guid(e21a96814f6819748a726880e8c2c45c) Importer(2089858483,192608db42251d675da83286b1cce702) (ScriptedImporter) -> (artifact id: 'b38aafa31ea9e59ac9adf983feafd997') in 0.0061576 seconds
Number of updated asset objects reloaded before import = 0Number of asset objects unloaded after import = 1

========================================================================
Received Import Request.
  Time since last request: 0.404143 seconds.
  path: Assets/Mini Nature Pack/Models/Tree 7_Textures
  artifactKey: Guid(705435e896b20d5458bd4c0782abaf88) Importer(2089858483,192608db42251d675da83286b1cce702)
Start importing Assets/Mini Nature Pack/Models/Tree 7_Textures using Guid(705435e896b20d5458bd4c0782abaf88) Importer(2089858483,192608db42251d675da83286b1cce702) (ScriptedImporter) -> (artifact id: '3656653c182dcfef5d73c11ba049fb16') in 0.0032078 seconds
Number of updated asset objects reloaded before import = 0Number of asset objects unloaded after import = 1

========================================================================
Received Import Request.
  Time since last request: 0.000013 seconds.
  path: Assets/Mini Nature Pack/Models/Bush1_Textures/diffuse.png
  artifactKey: Guid(e8287cc515622e24faff2c3e325a930c) Importer(2089858483,192608db42251d675da83286b1cce702)
Start importing Assets/Mini Nature Pack/Models/Bush1_Textures/diffuse.png using Guid(e8287cc515622e24faff2c3e325a930c) Importer(2089858483,192608db42251d675da83286b1cce702) (ScriptedImporter) -> (artifact id: '121dca512b71f75435ce46bada808ab7') in 0.006224 seconds
Number of updated asset objects reloaded before import = 0Number of asset objects unloaded after import = 1

========================================================================
Received Import Request.
  Time since last request: 0.428159 seconds.
  path: Assets/Mini Nature Pack/Models/Tree 10_Textures
  artifactKey: Guid(5aa892ef8d7e489449d20a8a067da10b) Importer(2089858483,192608db42251d675da83286b1cce702)
Start importing Assets/Mini Nature Pack/Models/Tree 10_Textures using Guid(5aa892ef8d7e489449d20a8a067da10b) Importer(2089858483,192608db42251d675da83286b1cce702) (ScriptedImporter) -> (artifact id: '2e3d522d24bc11519479cb6fd8e1e5e0') in 0.0032011 seconds
Number of updated asset objects reloaded before import = 0Number of asset objects unloaded after import = 1

========================================================================
Received Import Request.
  Time since last request: 0.000014 seconds.
  path: Assets/Mini Nature Pack/Scenery Textures/Tree_Branch_3.psd
  artifactKey: Guid(4f72fddc78037bc49b36b91495009743) Importer(2089858483,192608db42251d675da83286b1cce702)
Start importing Assets/Mini Nature Pack/Scenery Textures/Tree_Branch_3.psd using Guid(4f72fddc78037bc49b36b91495009743) Importer(2089858483,192608db42251d675da83286b1cce702) (ScriptedImporter) -> (artifact id: 'a01cfae5d493c3c56f28099529f8d10e') in 0.0062672 seconds
Number of updated asset objects reloaded before import = 0Number of asset objects unloaded after import = 1

========================================================================
Received Import Request.
  Time since last request: 0.421721 seconds.
  path: Assets/Mini Nature Pack/Scenery Textures/Tree_Branch_1_SPEC.tga
  artifactKey: Guid(eca7e83ac08e5b7499c03552fa48df9e) Importer(2089858483,192608db42251d675da83286b1cce702)
Start importing Assets/Mini Nature Pack/Scenery Textures/Tree_Branch_1_SPEC.tga using Guid(eca7e83ac08e5b7499c03552fa48df9e) Importer(2089858483,192608db42251d675da83286b1cce702) (ScriptedImporter) -> (artifact id: '4e57b9bbd4cceed4239993153098eb86') in 0.0092894 seconds
Number of updated asset objects reloaded before import = 0Number of asset objects unloaded after import = 1

========================================================================
Received Import Request.
  Time since last request: 0.000011 seconds.
  path: Assets/Mini Nature Pack/Models/Tree 5_Textures/diffuse.png
  artifactKey: Guid(248fc6a981eba494a95d07d617ac114b) Importer(2089858483,192608db42251d675da83286b1cce702)
Start importing Assets/Mini Nature Pack/Models/Tree 5_Textures/diffuse.png using Guid(248fc6a981eba494a95d07d617ac114b) Importer(2089858483,192608db42251d675da83286b1cce702) (ScriptedImporter) -> (artifact id: '585f874db43d52a0f8dcc22d4c56b712') in 0.0070676 seconds
Number of updated asset objects reloaded before import = 0Number of asset objects unloaded after import = 1

========================================================================
Received Import Request.
  Time since last request: 0.417235 seconds.
  path: Assets/Mini Nature Pack/Models/Bush2.prefab
  artifactKey: Guid(79ad7b59297e2b34da705d6e47326a46) Importer(2089858483,192608db42251d675da83286b1cce702)
Start importing Assets/Mini Nature Pack/Models/Bush2.prefab using Guid(79ad7b59297e2b34da705d6e47326a46) Importer(2089858483,192608db42251d675da83286b1cce702) (ScriptedImporter) -> (artifact id: '505e6b8cd77fe3d78d741b4687998870') in 0.0106736 seconds
Number of updated asset objects reloaded before import = 0Number of asset objects unloaded after import = 17

========================================================================
Received Import Request.
  Time since last request: 0.000015 seconds.
  path: Assets/Mini Nature Pack/Scenery Textures/Tree_Branch_6_SPEC.tga
  artifactKey: Guid(340185cbb2c86e648b35f9eb3cd85fbb) Importer(2089858483,192608db42251d675da83286b1cce702)
Start importing Assets/Mini Nature Pack/Scenery Textures/Tree_Branch_6_SPEC.tga using Guid(340185cbb2c86e648b35f9eb3cd85fbb) Importer(2089858483,192608db42251d675da83286b1cce702) (ScriptedImporter) -> (artifact id: 'ba4290cfd506faacb5d4956d65b76848') in 0.0092462 seconds
Number of updated asset objects reloaded before import = 0Number of asset objects unloaded after import = 1

========================================================================
Received Import Request.
  Time since last request: 0.417382 seconds.
  path: Assets/Mini Nature Pack/Models/Tree 4_Textures
  artifactKey: Guid(c40e7eb02ad7fb54da96f8b4bc7b72aa) Importer(2089858483,192608db42251d675da83286b1cce702)
Start importing Assets/Mini Nature Pack/Models/Tree 4_Textures using Guid(c40e7eb02ad7fb54da96f8b4bc7b72aa) Importer(2089858483,192608db42251d675da83286b1cce702) (ScriptedImporter) -> (artifact id: '22e5595a57cb776507400060469a29a8') in 0.0031009 seconds
Number of updated asset objects reloaded before import = 0Number of asset objects unloaded after import = 1

========================================================================
Received Import Request.
  Time since last request: 0.000015 seconds.
  path: Assets/Mini Nature Pack/Models/Tree 6_Textures
  artifactKey: Guid(2c1d43a23c3b2a548b0e9cc4f49df325) Importer(2089858483,192608db42251d675da83286b1cce702)
Start importing Assets/Mini Nature Pack/Models/Tree 6_Textures using Guid(2c1d43a23c3b2a548b0e9cc4f49df325) Importer(2089858483,192608db42251d675da83286b1cce702) (ScriptedImporter) -> (artifact id: '4721c75bf0952026a60a30b0e54b1bf7') in 0.0023885 seconds
Number of updated asset objects reloaded before import = 0Number of asset objects unloaded after import = 1

========================================================================
Received Import Request.
  Time since last request: 0.459034 seconds.
  path: Assets/_TerrainAutoUpgrade
  artifactKey: Guid(bce55d7c078a07c41928c83737d5daa8) Importer(2089858483,192608db42251d675da83286b1cce702)
Start importing Assets/_TerrainAutoUpgrade using Guid(bce55d7c078a07c41928c83737d5daa8) Importer(2089858483,192608db42251d675da83286b1cce702) (ScriptedImporter) -> (artifact id: '8b558f8d9d44acb97bab6cfa6bc09f87') in 0.0031726 seconds
Number of updated asset objects reloaded before import = 0Number of asset objects unloaded after import = 1

========================================================================
Received Import Request.
  Time since last request: 0.000011 seconds.
  path: Assets/Mini Nature Pack/Models/Tree 5_Textures
  artifactKey: Guid(d0dca4a38c2684547bb788ae6dfbf329) Importer(2089858483,192608db42251d675da83286b1cce702)
Start importing Assets/Mini Nature Pack/Models/Tree 5_Textures using Guid(d0dca4a38c2684547bb788ae6dfbf329) Importer(2089858483,192608db42251d675da83286b1cce702) (ScriptedImporter) -> (artifact id: 'b01b073bfb97a1f93c3b3cc6144e9797') in 0.0028477 seconds
Number of updated asset objects reloaded before import = 0Number of asset objects unloaded after import = 1

========================================================================
Received Import Request.
  Time since last request: 0.428771 seconds.
  path: Assets/Mini Nature Pack/Models/Bush2_Textures/normal_specular.png
  artifactKey: Guid(47b941dce0dbe824c8f0fc87781207d7) Importer(2089858483,192608db42251d675da83286b1cce702)
Start importing Assets/Mini Nature Pack/Models/Bush2_Textures/normal_specular.png using Guid(47b941dce0dbe824c8f0fc87781207d7) Importer(2089858483,192608db42251d675da83286b1cce702) (ScriptedImporter) -> (artifact id: 'a8fbe24d4c8053ca3c807a0ff4ce591d') in 0.0083233 seconds
Number of updated asset objects reloaded before import = 0Number of asset objects unloaded after import = 1

========================================================================
Received Import Request.
  Time since last request: 0.000015 seconds.
  path: Assets/Mini Nature Pack/Models/Bush3_Textures/translucency_gloss.png
  artifactKey: Guid(9e088d5e5a8547447900adac86d020a6) Importer(2089858483,192608db42251d675da83286b1cce702)
Start importing Assets/Mini Nature Pack/Models/Bush3_Textures/translucency_gloss.png using Guid(9e088d5e5a8547447900adac86d020a6) Importer(2089858483,192608db42251d675da83286b1cce702) (ScriptedImporter) -> (artifact id: '0ca4798e5deffbc9318e2368275b14a1') in 0.0066834 seconds
Number of updated asset objects reloaded before import = 0Number of asset objects unloaded after import = 1

========================================================================
Received Import Request.
  Time since last request: 0.412867 seconds.
  path: Assets/Mini Nature Pack/Scenery Textures/Tree_Branch_6_NORM.tga
  artifactKey: Guid(d151689ffa4c7ef4784b110f2c082b06) Importer(2089858483,192608db42251d675da83286b1cce702)
Start importing Assets/Mini Nature Pack/Scenery Textures/Tree_Branch_6_NORM.tga using Guid(d151689ffa4c7ef4784b110f2c082b06) Importer(2089858483,192608db42251d675da83286b1cce702) (ScriptedImporter) -> (artifact id: 'a719e3259aa988815b86e107706631d9') in 0.0068427 seconds
Number of updated asset objects reloaded before import = 0Number of asset objects unloaded after import = 1

========================================================================
Received Import Request.
  Time since last request: 0.000011 seconds.
  path: Assets/Mini Nature Pack/Models/Bush5.prefab
  artifactKey: Guid(7c8c1d0cdb996ab4e87515489f195873) Importer(2089858483,192608db42251d675da83286b1cce702)
Start importing Assets/Mini Nature Pack/Models/Bush5.prefab using Guid(7c8c1d0cdb996ab4e87515489f195873) Importer(2089858483,192608db42251d675da83286b1cce702) (ScriptedImporter) -> (artifact id: '6677c35119a50c02b7af908bc705ba57') in 0.010544 seconds
Number of updated asset objects reloaded before import = 0Number of asset objects unloaded after import = 16

Editor requested this worker to shutdown with reason: Scaling down because of idle timeout
AssetImportWorker is now disconnected from the server
Process exiting
Exiting without the bug reporter. Application will terminate with return code 0