[Licensing::Module] Trying to connect to existing licensing client channel...
Built from '6000.2/respin/6000.2.7f1-2eb0c79396db' branch; Version is '6000.2.7f2 (2b518236b676) revision 2838914'; Using compiler version '194234433'; Build Type 'Release'
[Licensing::IpcConnector] Successfully connected to: "LicenseClient-paulorh" at "2025-10-10T02:47:11.7912171Z"
OS: 'Windows 11  (10.0.26100) 64bit Professional' Language: 'pt' Physical Memory: 31879 MB
BatchMode: 1, IsHumanControllingUs: 0, StartBugReporterOnCrash: 0, Is64bit: 1
Date: 2025-10-10T02:47:11Z

COMMAND LINE ARGUMENTS:
C:\Program Files\Unity\Hub\Editor\6000.2.7f2\Editor\Unity.exe
-adb2
-batchMode
-noUpm
-name
AssetImportWorker24
-projectPath
C:/unity/projects/AirSoftGame
-logFile
Logs/AssetImportWorker24.log
-srvPort
54381
-job-worker-count
11
-background-job-worker-count
8
-gc-helper-count
1
-name
AssetImport
Successfully changed project path to: C:/unity/projects/AirSoftGame
C:/unity/projects/AirSoftGame
[UnityMemory] Configuration Parameters - Can be set up in boot.config
    "memorysetup-allocator-temp-initial-block-size-main=262144"
    "memorysetup-allocator-temp-initial-block-size-worker=262144"
    "memorysetup-bucket-allocator-granularity=16"
    "memorysetup-bucket-allocator-bucket-count=8"
    "memorysetup-bucket-allocator-block-size=33554432"
    "memorysetup-bucket-allocator-block-count=8"
    "memorysetup-main-allocator-block-size=16777216"
    "memorysetup-thread-allocator-block-size=16777216"
    "memorysetup-gfx-main-allocator-block-size=16777216"
    "memorysetup-gfx-thread-allocator-block-size=16777216"
    "memorysetup-cache-allocator-block-size=4194304"
    "memorysetup-typetree-allocator-block-size=2097152"
    "memorysetup-profiler-bucket-allocator-granularity=16"
    "memorysetup-profiler-bucket-allocator-bucket-count=8"
    "memorysetup-profiler-bucket-allocator-block-size=33554432"
    "memorysetup-profiler-bucket-allocator-block-count=8"
    "memorysetup-profiler-allocator-block-size=16777216"
    "memorysetup-profiler-editor-allocator-block-size=1048576"
    "memorysetup-temp-allocator-size-main=16777216"
    "memorysetup-job-temp-allocator-block-size=2097152"
    "memorysetup-job-temp-allocator-block-size-background=1048576"
    "memorysetup-job-temp-allocator-reduction-small-platforms=262144"
    "memorysetup-temp-allocator-size-background-worker=32768"
    "memorysetup-temp-allocator-size-job-worker=262144"
    "memorysetup-temp-allocator-size-preload-manager=33554432"
    "memorysetup-temp-allocator-size-nav-mesh-worker=65536"
    "memorysetup-temp-allocator-size-audio-worker=65536"
    "memorysetup-temp-allocator-size-cloud-worker=32768"
    "memorysetup-temp-allocator-size-gi-baking-worker=262144"
    "memorysetup-temp-allocator-size-gi-baking-worker=262144"
    "memorysetup-temp-allocator-size-gi-baking-worker=262144"
    "memorysetup-temp-allocator-size-gi-baking-worker=262144"
    "memorysetup-temp-allocator-size-gi-baking-worker=262144"
    "memorysetup-temp-allocator-size-gfx=262144"
Player connection [46936]  Target information:

Player connection [46936]  * "[IP] 192.168.0.4 [Port] 0 [Flags] 2 [Guid] 2274666688 [EditorId] 2274666688 [Version] 1048832 [Id] WindowsEditor(7,paulo-pc) [Debug] 1 [PackageName] WindowsEditor [ProjectName] Editor" 

Player connection [46936]  * "[IP] 172.20.0.1 [Port] 0 [Flags] 2 [Guid] 2274666688 [EditorId] 2274666688 [Version] 1048832 [Id] WindowsEditor(7,paulo-pc) [Debug] 1 [PackageName] WindowsEditor [ProjectName] Editor" 

Player connection [46936] Host joined multi-casting on [225.0.0.222:54997]...
Player connection [46936] Host joined alternative multi-casting on [225.0.0.222:34997]...
JobSystem: Creating JobQueue using job-worker-count value 11
Input System module state changed to: Initialized.
[Physics::Module] Initialized fallback backend.
[Physics::Module] Id: 0xdecafbad
[Licensing::Client] Code 10 while verifying Licensing Client signature (process Id: 28916, path: "C:/Program Files/Unity Hub/UnityLicensingClient_V1/Unity.Licensing.Client.exe")
[Licensing::Module] LicensingClient has failed validation; ignoring
[Licensing::Client] Handshaking with LicensingClient:
  Version:                 1.17.3+a4e98f1
  Session Id:              681af714d26e4a0c9434025c49aca30a
  Correlation Id:          0982295f0b1aa75365c508c1cf125ab9
  External correlation Id: 226361921631583446
  Machine Id:              6sp8raTFMxvUwLzOQlZIojDac2U=
[Licensing::Module] Successfully connected to LicensingClient on channel: "LicenseClient-paulorh" (connect: 0.00s, validation: 0.00s, handshake: 0.03s)
[Licensing::IpcConnector] Successfully connected to: "LicenseClient-paulorh-notifications" at "2025-10-10T02:47:11.8199387Z"
[Licensing::Module] Licensing Background thread has ended after 0.03s
Library Redirect Path: Library/
[Physics::Module] Selected backend.
[Physics::Module] Name: PhysX
[Physics::Module] Id: 0xf2b8ea05
[Physics::Module] SDK Version: 4.1.2
[Physics::Module] Integration Version: 1.0.0
[Physics::Module] Threading Mode: Multi-Threaded
Refreshing native plugins compatible for Editor in 4.83 ms, found 4 plugins.
Preloading 0 native plugins for Editor in 0.00 ms.
Initialize engine version: 6000.2.7f2 (2b518236b676)
[Subsystems] Discovering subsystems at path C:/Program Files/Unity/Hub/Editor/6000.2.7f2/Editor/Data/Resources/UnitySubsystems
[Subsystems] Discovering subsystems at path C:/unity/projects/AirSoftGame/Assets
GfxDevice: creating device client; kGfxThreadingModeNonThreaded
Direct3D:
    Version:  Direct3D 11.0 [level 11.1]
    Renderer: NVIDIA GeForce RTX 5060 Ti (ID=0x2d04)
    Vendor:   NVIDIA
    VRAM:     15962 MB
    Driver:   32.0.15.8129
Initialize mono
Mono path[0] = 'C:/Program Files/Unity/Hub/Editor/6000.2.7f2/Editor/Data/Managed'
Mono path[1] = 'C:/Program Files/Unity/Hub/Editor/6000.2.7f2/Editor/Data/MonoBleedingEdge/lib/mono/unityjit-win32'
Mono config path = 'C:/Program Files/Unity/Hub/Editor/6000.2.7f2/Editor/Data/MonoBleedingEdge/etc'
Using monoOptions --debugger-agent=transport=dt_socket,embedding=1,server=y,suspend=n,address=127.0.0.1:56356
Begin MonoManager ReloadAssembly
Registering precompiled unity dll's ...
Register platform support module: C:/Program Files/Unity/Hub/Editor/6000.2.7f2/Editor/Data/PlaybackEngines/WebGLSupport/UnityEditor.WebGL.Extensions.dll
Register platform support module: C:/Program Files/Unity/Hub/Editor/6000.2.7f2/Editor/Data/PlaybackEngines/WindowsStandaloneSupport/UnityEditor.WindowsStandalone.Extensions.dll
[Licensing::Client] Successfully resolved entitlement details
[Licensing::Module] License group:
  Id: 4673188508070-UnityPersXXXX
  Product: Unity Personal
  Type: Assigned
  Expiration: Unlimited
Register platform support module: C:/Program Files/Unity/Hub/Editor/6000.2.7f2/Editor/Data/PlaybackEngines/MetroSupport/UnityEditor.UWP.Extensions.dll
Register platform support module: C:/Program Files/Unity/Hub/Editor/6000.2.7f2/Editor/Data/PlaybackEngines/LinuxStandaloneSupport/UnityEditor.LinuxStandalone.Extensions.dll
Registered in 0.005081 seconds.
- Loaded All Assemblies, in  0.340 seconds
Native extension for LinuxStandalone target not found
Native extension for UWP target not found
Native extension for WindowsStandalone target not found
Native extension for WebGL target not found
Mono: successfully reloaded assembly
- Finished resetting the current domain, in  0.287 seconds
Domain Reload Profiling: 623ms
	BeginReloadAssembly (99ms)
		ExecutionOrderSort (0ms)
		DisableScriptedObjects (0ms)
		BackupInstance (0ms)
		ReleaseScriptingObjects (0ms)
		CreateAndSetChildDomain (0ms)
	RebuildCommonClasses (28ms)
	RebuildNativeTypeToScriptingClass (8ms)
	initialDomainReloadingComplete (45ms)
	LoadAllAssembliesAndSetupDomain (156ms)
		LoadAssemblies (98ms)
		RebuildTransferFunctionScriptingTraits (0ms)
		AnalyzeDomain (152ms)
			TypeCache.Refresh (151ms)
				TypeCache.ScanAssembly (138ms)
			BuildScriptInfoCaches (0ms)
			ResolveRequiredComponents (1ms)
	FinalizeReload (287ms)
		ReleaseScriptCaches (0ms)
		RebuildScriptCaches (0ms)
		SetupLoadedEditorAssemblies (243ms)
			LogAssemblyErrors (0ms)
			InitializePlatformSupportModulesInManaged (50ms)
			SetLoadedEditorAssemblies (4ms)
			BeforeProcessingInitializeOnLoad (49ms)
			ProcessInitializeOnLoadAttributes (103ms)
			ProcessInitializeOnLoadMethodAttributes (37ms)
			AfterProcessingInitializeOnLoad (0ms)
			EditorAssembliesLoaded (0ms)
		ExecutionOrderSort2 (0ms)
		AwakeInstancesAfterBackupRestoration (0ms)
Assembly reference Packages/com.unity.cinemachine/Editor/Samples/ExposeHDRPInternals/HDRP-Editor-ref.asmref has no target assembly definition
========================================================================
Worker process is ready to serve import requests
Import Worker Mode flag is 0x00
Assembly reference Packages/com.unity.cinemachine/Editor/Samples/ExposeHDRPInternals/HDRP-Editor-ref.asmref has no target assembly definition
Assembly reference Packages/com.unity.cinemachine/Editor/Samples/ExposeHDRPInternals/HDRP-Editor-ref.asmref has no target assembly definition
Begin MonoManager ReloadAssembly
[Licensing::Client] Successfully resolved entitlement details
- Loaded All Assemblies, in  0.552 seconds
Assembly reference Packages/com.unity.cinemachine/Editor/Samples/ExposeHDRPInternals/HDRP-Editor-ref.asmref has no target assembly definition
'Packages/com.unity.cinemachine/Editor/Obsolete/CinemachineVirtualCameraBaseEditor.cs' contains partial class of Unity.Object, exactly 1 of the partial classes needs to be in a file with the same filename. This is to know the one that can be referenced from ie. GameObjects
'Packages/com.unity.cinemachine/Editor/Editors/CinemachineVirtualCameraBaseEditor.cs' contains partial class of Unity.Object, exactly 1 of the partial classes needs to be in a file with the same filename. This is to know the one that can be referenced from ie. GameObjects
Refreshing native plugins compatible for Editor in 1.61 ms, found 4 plugins.
Native extension for LinuxStandalone target not found
Native extension for UWP target not found
Native extension for WindowsStandalone target not found
Native extension for WebGL target not found
Assembly reference Packages/com.unity.cinemachine/Editor/Samples/ExposeHDRPInternals/HDRP-Editor-ref.asmref has no target assembly definition
[MODES] ModeService[none].Initialize
[MODES] ModeService[none].LoadModes
[MODES] Loading mode Default (0) for mode-current-id-AirSoftGame
Package Manager log level set to [2]
[Package Manager] Failed to launch server process. Reason: Unity was launched with the -noUpm command-line argument
[Package Manager] Unable to send message (not connected to server process).
[Package Manager] Cannot connect to Unity Package Manager local server
[Package Manager] Failed to launch server process. Reason: Unity was launched with the -noUpm command-line argument
[Package Manager] Unable to send message (not connected to server process).
[Package Manager] Cannot connect to Unity Package Manager local server
Mono: successfully reloaded assembly
- Finished resetting the current domain, in  0.780 seconds
Domain Reload Profiling: 1328ms
	BeginReloadAssembly (116ms)
		ExecutionOrderSort (0ms)
		DisableScriptedObjects (4ms)
		BackupInstance (0ms)
		ReleaseScriptingObjects (0ms)
		CreateAndSetChildDomain (25ms)
	RebuildCommonClasses (22ms)
	RebuildNativeTypeToScriptingClass (8ms)
	initialDomainReloadingComplete (25ms)
	LoadAllAssembliesAndSetupDomain (377ms)
		LoadAssemblies (264ms)
		RebuildTransferFunctionScriptingTraits (0ms)
		AnalyzeDomain (173ms)
			TypeCache.Refresh (121ms)
				TypeCache.ScanAssembly (111ms)
			BuildScriptInfoCaches (41ms)
			ResolveRequiredComponents (8ms)
	FinalizeReload (780ms)
		ReleaseScriptCaches (0ms)
		RebuildScriptCaches (0ms)
		SetupLoadedEditorAssemblies (655ms)
			LogAssemblyErrors (0ms)
			InitializePlatformSupportModulesInManaged (2ms)
			SetLoadedEditorAssemblies (4ms)
			BeforeProcessingInitializeOnLoad (125ms)
			ProcessInitializeOnLoadAttributes (486ms)
			ProcessInitializeOnLoadMethodAttributes (34ms)
			AfterProcessingInitializeOnLoad (4ms)
			EditorAssembliesLoaded (0ms)
		ExecutionOrderSort2 (0ms)
		AwakeInstancesAfterBackupRestoration (4ms)
WARNING: Shader Unsupported: 'Hidden/Builtin_TerrainVisualization' - All subshaders removed
WARNING: Shader Did you use #pragma only_renderers and omit this platform?
WARNING: Shader If subshaders removal was intentional, you may have forgotten turning Fallback off?
WARNING: Shader Unsupported: 'Hidden/Builtin_TerrainVisualization' - All subshaders removed
WARNING: Shader Did you use #pragma only_renderers and omit this platform?
WARNING: Shader If subshaders removal was intentional, you may have forgotten turning Fallback off?
Launched and connected shader compiler UnityShaderCompiler.exe after 0.01 seconds
Refreshing native plugins compatible for Editor in 1.39 ms, found 4 plugins.
Preloading 0 native plugins for Editor in 0.00 ms.
Unloading 29 Unused Serialized files (Serialized files now loaded: 0)
Unloading 7487 unused Assets / (7.4 MB). Loaded Objects now: 8253.
Memory consumption went from 150.9 MB to 143.5 MB.
Total: 8.908700 ms (FindLiveObjects: 0.664400 ms CreateObjectMapping: 0.469600 ms MarkObjects: 4.964700 ms  DeleteObjects: 2.809200 ms)

========================================================================
Received Import Request.
  Time since last request: 20609.610409 seconds.
  path: Assets/models/SKM_Bulletproof.fbx
  artifactKey: Guid(6158f94f36c3817409c1f1bc720784e2) Importer(815301076,1909f56bfc062723c751e8b465ee728b)
Start importing Assets/models/SKM_Bulletproof.fbx using Guid(6158f94f36c3817409c1f1bc720784e2) Importer(815301076,1909f56bfc062723c751e8b465ee728b) (PreviewImporter) -> (artifact id: '89ea531d7b0df43a5ad9f4b564b8bde7') in 0.416229 seconds
Number of updated asset objects reloaded before import = 0Number of asset objects unloaded after import = 722

========================================================================
Received Import Request.
  Time since last request: 0.000050 seconds.
  path: Assets/models/SKM_Head.fbx
  artifactKey: Guid(f8aab42a3b1755b458d0816f368a9e04) Importer(815301076,1909f56bfc062723c751e8b465ee728b)
Start importing Assets/models/SKM_Head.fbx using Guid(f8aab42a3b1755b458d0816f368a9e04) Importer(815301076,1909f56bfc062723c751e8b465ee728b) (PreviewImporter) -> (artifact id: '6c7652b3238b5ed7e6cf756145df1a55') in 0.1429859 seconds
Number of updated asset objects reloaded before import = 0Number of asset objects unloaded after import = 768

========================================================================
Received Import Request.
  Time since last request: 0.000038 seconds.
  path: Assets/models/SKM_Holster_Hard.fbx
  artifactKey: Guid(760ebece023f83f4bb7d9ef99c3f2a34) Importer(815301076,1909f56bfc062723c751e8b465ee728b)
Start importing Assets/models/SKM_Holster_Hard.fbx using Guid(760ebece023f83f4bb7d9ef99c3f2a34) Importer(815301076,1909f56bfc062723c751e8b465ee728b) (PreviewImporter) -> (artifact id: 'c17fad94f6e2cccf28897c50f8172116') in 0.0397704 seconds
Number of updated asset objects reloaded before import = 0Number of asset objects unloaded after import = 725

========================================================================
Received Import Request.
  Time since last request: 0.000021 seconds.
  path: Assets/models/SKM_Jeans.fbx
  artifactKey: Guid(cc5e00e7f7b1d6846856c6b2efb050de) Importer(815301076,1909f56bfc062723c751e8b465ee728b)
Start importing Assets/models/SKM_Jeans.fbx using Guid(cc5e00e7f7b1d6846856c6b2efb050de) Importer(815301076,1909f56bfc062723c751e8b465ee728b) (PreviewImporter) -> (artifact id: '4c4fa2f65fbe86f2eb293ee064406206') in 0.0275683 seconds
Number of updated asset objects reloaded before import = 0Number of asset objects unloaded after import = 722

========================================================================
Received Import Request.
  Time since last request: 0.000023 seconds.
  path: Assets/models/SKM_Drops_1.fbx
  artifactKey: Guid(d0578acc526af5d43b866b147c9559fc) Importer(815301076,1909f56bfc062723c751e8b465ee728b)
Start importing Assets/models/SKM_Drops_1.fbx using Guid(d0578acc526af5d43b866b147c9559fc) Importer(815301076,1909f56bfc062723c751e8b465ee728b) (PreviewImporter) -> (artifact id: 'ecdc49cdd9e3b3fc7387709e4dd8bd4f') in 0.0312352 seconds
Number of updated asset objects reloaded before import = 0Number of asset objects unloaded after import = 721

========================================================================
Received Import Request.
  Time since last request: 0.000024 seconds.
  path: Assets/models/SM_Rifle.fbx
  artifactKey: Guid(e6fdd79b098d26a4a93eb4837fa65b91) Importer(815301076,1909f56bfc062723c751e8b465ee728b)
Start importing Assets/models/SM_Rifle.fbx using Guid(e6fdd79b098d26a4a93eb4837fa65b91) Importer(815301076,1909f56bfc062723c751e8b465ee728b) (PreviewImporter) -> (artifact id: 'c67e201b850d4e31a09175b6e0871fed') in 0.0251198 seconds
Number of updated asset objects reloaded before import = 0Number of asset objects unloaded after import = 22

========================================================================
Received Import Request.
  Time since last request: 0.000023 seconds.
  path: Assets/models/SKM_Character.fbx
  artifactKey: Guid(499cffe9ba15e704cb9d025ba3bbf36a) Importer(815301076,1909f56bfc062723c751e8b465ee728b)
Start importing Assets/models/SKM_Character.fbx using Guid(499cffe9ba15e704cb9d025ba3bbf36a) Importer(815301076,1909f56bfc062723c751e8b465ee728b) (PreviewImporter) -> (artifact id: '91c3a169a5f3547cf2da66daca3faa1c') in 0.2333763 seconds
Number of updated asset objects reloaded before import = 0Number of asset objects unloaded after import = 822

========================================================================
Received Import Request.
  Time since last request: 0.000035 seconds.
  path: Assets/models/Materials/M_Sclera.mat
  artifactKey: Guid(3deedc5a30d9c544bbb896299936ae65) Importer(2089858483,192608db42251d675da83286b1cce702)
Start importing Assets/models/Materials/M_Sclera.mat using Guid(3deedc5a30d9c544bbb896299936ae65) Importer(2089858483,192608db42251d675da83286b1cce702) (ScriptedImporter) -> (artifact id: 'b96ea7591972a06034cf3531fae802db') in 0.1636395 seconds
Number of updated asset objects reloaded before import = 0Number of asset objects unloaded after import = 9

========================================================================
Received Import Request.
  Time since last request: 0.000030 seconds.
  path: Assets/models/Materials/Teeth_Color.mat
  artifactKey: Guid(d1bf56a38caeb7f449a95c5acc9de59d) Importer(2089858483,192608db42251d675da83286b1cce702)
Start importing Assets/models/Materials/Teeth_Color.mat using Guid(d1bf56a38caeb7f449a95c5acc9de59d) Importer(2089858483,192608db42251d675da83286b1cce702) (ScriptedImporter) -> (artifact id: 'b3ed86e85785688b6bace22295b214df') in 0.0135495 seconds
Number of updated asset objects reloaded before import = 0Number of asset objects unloaded after import = 12

========================================================================
Received Import Request.
  Time since last request: 0.000024 seconds.
  path: Assets/models/Materials/T_Jeans_Blue_BaseColor.mat
  artifactKey: Guid(2dbf2c9008916d044b05fe1086abfaf1) Importer(2089858483,192608db42251d675da83286b1cce702)
Start importing Assets/models/Materials/T_Jeans_Blue_BaseColor.mat using Guid(2dbf2c9008916d044b05fe1086abfaf1) Importer(2089858483,192608db42251d675da83286b1cce702) (ScriptedImporter) -> (artifact id: 'dd502316e7852350768753b1fc03b323') in 0.011106 seconds
Number of updated asset objects reloaded before import = 0Number of asset objects unloaded after import = 10

========================================================================
Received Import Request.
  Time since last request: 0.000033 seconds.
  path: Assets/models/Materials/M_Eyelashesh.mat
  artifactKey: Guid(5fa964a838c9bfb4f974d72e04042430) Importer(2089858483,192608db42251d675da83286b1cce702)
Start importing Assets/models/Materials/M_Eyelashesh.mat using Guid(5fa964a838c9bfb4f974d72e04042430) Importer(2089858483,192608db42251d675da83286b1cce702) (ScriptedImporter) -> (artifact id: 'c1b8bcf0afe503fda38ad6b86a70fa2b') in 0.0113952 seconds
Number of updated asset objects reloaded before import = 0Number of asset objects unloaded after import = 8

========================================================================
Received Import Request.
  Time since last request: 0.000018 seconds.
  path: Assets/models/Materials/T_Holster_Hard_BaseColor.mat
  artifactKey: Guid(904fb38adc3d1394a98e51166fa129ef) Importer(2089858483,192608db42251d675da83286b1cce702)
Start importing Assets/models/Materials/T_Holster_Hard_BaseColor.mat using Guid(904fb38adc3d1394a98e51166fa129ef) Importer(2089858483,192608db42251d675da83286b1cce702) (ScriptedImporter) -> (artifact id: '859e8d872dfe4a76bc5b6985310514d3') in 0.0088739 seconds
Number of updated asset objects reloaded before import = 0Number of asset objects unloaded after import = 8

========================================================================
Received Import Request.
  Time since last request: 0.000018 seconds.
  path: Assets/models/Materials/T_Bulletproof_Light_BaseColor.mat
  artifactKey: Guid(b711f485f837f824786f564fe1a661ae) Importer(2089858483,192608db42251d675da83286b1cce702)
Start importing Assets/models/Materials/T_Bulletproof_Light_BaseColor.mat using Guid(b711f485f837f824786f564fe1a661ae) Importer(2089858483,192608db42251d675da83286b1cce702) (ScriptedImporter) -> (artifact id: '7d9501c2d6393291eed3315dd36a0f49') in 0.0129159 seconds
Number of updated asset objects reloaded before import = 0Number of asset objects unloaded after import = 10

========================================================================
Received Import Request.
  Time since last request: 0.000020 seconds.
  path: Assets/models/Materials/Rifle_BaseColor.mat
  artifactKey: Guid(b8fb50ad20ce1d548914033871ce558f) Importer(2089858483,192608db42251d675da83286b1cce702)
Start importing Assets/models/Materials/Rifle_BaseColor.mat using Guid(b8fb50ad20ce1d548914033871ce558f) Importer(2089858483,192608db42251d675da83286b1cce702) (ScriptedImporter) -> (artifact id: '6dfb41a3008d8546411b679a86e8586e') in 0.0126483 seconds
Number of updated asset objects reloaded before import = 0Number of asset objects unloaded after import = 11

========================================================================
Received Import Request.
  Time since last request: 0.000021 seconds.
  path: Assets/models/Materials/M_Quantum_Arms.mat
  artifactKey: Guid(fefbfff21b73c20469c185ba9060fe03) Importer(2089858483,192608db42251d675da83286b1cce702)
Start importing Assets/models/Materials/M_Quantum_Arms.mat using Guid(fefbfff21b73c20469c185ba9060fe03) Importer(2089858483,192608db42251d675da83286b1cce702) (ScriptedImporter) -> (artifact id: 'a3fa28e7aa8b3a86a44c5080cbf07b1c') in 0.0110433 seconds
Number of updated asset objects reloaded before import = 0Number of asset objects unloaded after import = 9

========================================================================
Received Import Request.
  Time since last request: 50.915577 seconds.
  path: Assets/models/Materials/M_Quantum_Arms.mat
  artifactKey: Guid(fefbfff21b73c20469c185ba9060fe03) Importer(815301076,1909f56bfc062723c751e8b465ee728b)
Start importing Assets/models/Materials/M_Quantum_Arms.mat using Guid(fefbfff21b73c20469c185ba9060fe03) Importer(815301076,1909f56bfc062723c751e8b465ee728b) (PreviewImporter) -> (artifact id: '5ecf604ac33ad7b8833fa2d11bb3837e') in 0.011601 seconds
Number of updated asset objects reloaded before import = 0Number of asset objects unloaded after import = 9

========================================================================
Received Import Request.
  Time since last request: 0.000024 seconds.
  path: Assets/models/Materials/Teeth_Color.mat
  artifactKey: Guid(d1bf56a38caeb7f449a95c5acc9de59d) Importer(815301076,1909f56bfc062723c751e8b465ee728b)
Start importing Assets/models/Materials/Teeth_Color.mat using Guid(d1bf56a38caeb7f449a95c5acc9de59d) Importer(815301076,1909f56bfc062723c751e8b465ee728b) (PreviewImporter) -> (artifact id: '98a2152f79d74b69dfa5cc76f87d880f') in 0.013422 seconds
Number of updated asset objects reloaded before import = 0Number of asset objects unloaded after import = 12

========================================================================
Received Import Request.
  Time since last request: 0.000028 seconds.
  path: Assets/models/Materials/T_Drops_Tactical_Green_BaseColor.mat
  artifactKey: Guid(7ad1de28a96d8c646be6663468e6adf6) Importer(815301076,1909f56bfc062723c751e8b465ee728b)
Start importing Assets/models/Materials/T_Drops_Tactical_Green_BaseColor.mat using Guid(7ad1de28a96d8c646be6663468e6adf6) Importer(815301076,1909f56bfc062723c751e8b465ee728b) (PreviewImporter) -> (artifact id: '3ff72a8a2a5d3c5cc3a3ea3077fabbc7') in 0.0096148 seconds
Number of updated asset objects reloaded before import = 0Number of asset objects unloaded after import = 9

Editor requested this worker to shutdown with reason: Scaling down because of idle timeout
AssetImportWorker is now disconnected from the server
Process exiting
Exiting without the bug reporter. Application will terminate with return code 0